03-09 11:13:13.695  3068  3068 D InsetsController: onStateChanged: InsetsState: {mDisplayFrame=Rect(0, 0 - 2316, 1080), mDisplayCutout=DisplayCutout{insets=Rect(75, 0 - 0, 0) waterfall=Insets{left=0, top=0, right=0, bottom=0} boundingRect={Bounds=[Rect(0, 332 - 75, 388), Rect(0, 0 - 0, 0), Rect(0, 0 - 0, 0), Rect(0, 0 - 0, 0)]} cutoutPathParserInfo={CutoutPathParserInfo{displayWidth=1080 displayHeight=2316 physicalDisplayWidth=1440 physicalDisplayHeight=3088 density={2.8125} cutoutSpec={M 0,0 H -10 V 26.66666666666667 H 10 V 0 H 0 Z @dp} rotation={1} scale={1.0} physicalPixelDisplaySizeRatio={1.0}}}}, mRoundedCorners=RoundedCorners{[RoundedCorner{position=TopLeft, radius=8, center=Point(8, 8)}, RoundedCorner{position=TopRight, radius=8, center=Point(2308, 8)}, RoundedCorner{position=BottomRight, radius=8, center=Point(2308, 1072)}, RoundedCorner{position=BottomLeft, radius=8, center=Point(8, 1072)}]}  mRoundedCornerFrame=Rect(0, 0 - 0, 0), mPrivacyIndicatorBounds=PrivacyIndicatorBounds {static bounds=Rect(2192, 0 - 2316, 68) rotation=1}, mSources= { InsetsSource: {mType=ITYPE_NAVIGATION_BAR, mFrame=[2181,0][2316,1080], mVisible=true, mInsetsRoundedCornerFrame=false}, InsetsSource: {mType=ITYPE_LEFT_GESTURES, mFrame=[0,0][75,1080], mVisible=true, mInsetsRoundedCornerFrame=false}, InsetsSource: {mType=ITYPE_RIGHT_GESTURES, mFrame=[2316,0][2316,1080], mVisible=true, mInsetsRoundedCornerFrame=false}, InsetsSource: {mType=ITYPE_TOP_MANDATORY_GESTURES, mFrame=[0,0][2316,68], mVisible=true, mInsetsRoundedCornerFrame=false}, InsetsSource: {mType=ITYPE_BOTTOM_MANDATORY_GESTURES, mFrame=[2181,0][2316,1080], mVisible=true, mInsetsRoundedCornerFrame=false}, InsetsSource: {mType=ITYPE_LEFT_DISPLAY_CUTOUT, mFrame=[0,0][75,1080], mVisible=true, mInsetsRoundedCornerFrame=false}, InsetsSource: {mType=ITYPE_TOP_DISPLAY_CUTOUT, mFrame=[0,0][2316,-100000], mVisible=true, mInsetsRoundedCornerFrame=false}, InsetsSource: {mType=ITYPE_RIGHT_DISPLAY_CUTOUT, mFrame=[100000,0][2316,1080], mVisible=true, mInsetsRoundedCornerFrame=false}, InsetsSource: {mType=ITYPE_BOTTOM_DISPLAY_CUTOUT, mFrame=[0,100000][2316,1080], mVisible=true, mInsetsRoundedCornerFrame=false}, InsetsSource: {mType=ITYPE_BOTTOM_TAPPABLE_ELEMENT, mFrame=[2181,0][2316,1080], mVisible=true, mInsetsRoundedCornerFrame=false} } host=StatusBar from=android.view.ViewRootImpl$ViewRootHandler.handleMessageImpl:6727
03-09 11:13:13.696  3068  3068 I ViewRootImpl@86b2c76[StatusBar]: handleResized, msg = 4 frames=ClientWindowFrames{frame=[0,0][2316,68] display=[0,0][2316,1080] parentFrame=[0,0][0,0] parentClippedByDisplayCutout=false} forceNextWindowRelayout=false displayId=0 resizeMode=-1 frameChanged=false displayFrameChanged=false configChanged=false displayChanged=false
03-09 11:13:13.696  3068  3068 D KeyguardPunchHoleVIView: updateVILocation() Rect(0, 495 - 89, 584)
03-09 11:13:13.696  3068  3068 D KeyguardPunchHoleVIView: startVI() - return, face recognition is stopped
03-09 11:13:13.696  3068  3068 I ViewRootImpl@932bae5[NavigationBar0]: handleResized, msg = 4 frames=ClientWindowFrames{frame=[2181,0][2316,1080] display=[0,0][2316,1080] parentFrame=[0,0][0,0] parentClippedByDisplayCutout=false} forceNextWindowRelayout=false displayId=0 resizeMode=-1 frameChanged=false displayFrameChanged=false configChanged=false displayChanged=false
03-09 11:13:13.696  3068  3068 V QsExpandAnimator: updateAnimators
03-09 11:13:13.696  3068  3068 V QsExpandAnimator: clearAnimationState 
03-09 11:13:13.696  3068  3068 V QsExpandAnimator: updateViews
03-09 11:13:13.697  3068  3068 V QsExpandAnimator: updateTileAnimator
03-09 11:13:13.697  3068  3068 V QsExpandAnimator: updateHeaderAnimator
03-09 11:13:13.697  3068  3068 V QsExpandAnimator: updateBarAnimator
03-09 11:13:13.697  3068  3068 V QsExpandAnimator: setQsExpansionPosition 0.0
03-09 11:13:13.697  3068  3068 V QsExpandAnimator: onAnimationAtStart
03-09 11:13:13.701  3068  3068 I FaceWidgetPositionAlgorithm: getMediaContainerHeight() height = 0 container Visibility = 8, isValid = false, mIsDozing = false, fraction = 1.0, source = 0, target = 0
03-09 11:13:13.701  3068  3068 I FaceWidgetPositionAlgorithm: getMediaContainerHeight() supplier = 0
03-09 11:13:13.703  3068  3068 V QsExpandAnimator: updateAnimators
03-09 11:13:13.703  3068  3068 V QsExpandAnimator: clearAnimationState 
03-09 11:13:13.703  3068  3068 V QsExpandAnimator: updateViews
03-09 11:13:13.704  3068  3068 V QsExpandAnimator: updateTileAnimator
03-09 11:13:13.704  3068  3068 V QsExpandAnimator: updateHeaderAnimator
03-09 11:13:13.705  3068  3068 V QsExpandAnimator: updateBarAnimator
03-09 11:13:13.705  3068  3068 V QsExpandAnimator: setQsExpansionPosition 0.0
03-09 11:13:13.705  3068  3068 V QsExpandAnimator: onAnimationAtStart
03-09 11:13:13.726  8118  8555 I SP      : Sync for emoticon_content_description succeeded in 72 ms: no changes
03-09 11:13:13.727  8118  8555 I SP      : GC for 'emoticon_content_description' (10) with ttl of 0 ms took 0 ms (0/0/0)
03-09 11:13:13.737  8118  8555 I SP      : Sync for content_cache succeeded in 49 ms: no changes
03-09 11:13:13.737  8118  8555 I SP      : GC for 'content_cache' (10) with ttl of 0 ms took 0 ms (0/0/0)
03-09 11:13:13.742  1411 18263 I HYPER-HAL: [RequestManager.cpp]releaseLocked(): Released ID : 2552688
03-09 11:13:13.767 18394 18394 D CompatibilityChangeReporter: Compat change id reported: 183155436; UID 10479; state: DISABLED
03-09 11:13:13.771  2241  3271 V MdnieScenarioControlService: mAclOffEnabled : false mAclPreviewState : false mAclCompensationState : false
03-09 11:13:13.782 18351 18351 I AudioPathManager: loadAudioPath() : loaded audio path is speaker (0)
03-09 11:13:13.783 18351 18351 I AudioManager: getParameters keys = g_effect_active_sound_info=track
03-09 11:13:13.783  1497  9706 I SecAudioParamFlinger: getActiveSoundInfo 1, trackFormat 1, outputFormat 5
03-09 11:13:13.784 18351 18351 I AudioManagerWrapper: getActiveSoundFormat() : active sound format is 1
03-09 11:13:13.784 18351 18351 I RestrictModeUtil: isOwnerMode() : user id is 0
03-09 11:13:13.786 18351 18351 I RestrictModeUtil: isDexMode() : DeX mode is off
03-09 11:13:13.786 18351 18351 I RestrictModeUtil: isEmergencyMode() : emergency mode is disabled
03-09 11:13:13.786 18351 18351 I EffectManager: isSupportDolbyAtmosOnThisAudioPath() : path is speaker (0)
03-09 11:13:13.786 18351 18351 I EffectManager: isSupportDolbyAtmosOnThisAudioPath() : speaker type is stereo
03-09 11:13:13.787 18351 18351 I EffectManager: isSpatialAudioActive() : mode is off (0)
03-09 11:13:13.791  1497  9706 D DlbEffectContext: getParam() received parameter EFFECT_PARAM_PROFILE
03-09 11:13:13.791  1497  9706 D DlbEffectContext: getParam() received parameter EFFECT_PARAM_PROFILE
03-09 11:13:13.791  1497  9706 D DlbEffectContext: getParam() received parameter EFFECT_PARAM_PROFILE
03-09 11:13:13.791  1497  9706 D DlbEffectContext: getParam() received parameter EFFECT_PARAM_PROFILE
03-09 11:13:13.791  1497  9706 D DlbEffectContext: getParam() received parameter EFFECT_PARAM_PROFILE
03-09 11:13:13.791  1497  9706 D DlbEffectContext: getParam() received parameter EFFECT_PARAM_PROFILE
03-09 11:13:13.792  1497  9706 D DlbEffectContext: getParam() received parameter EFFECT_PARAM_PROFILE
03-09 11:13:13.792  1497  9706 D DlbEffectContext: getParam() received parameter EFFECT_PARAM_PROFILE
03-09 11:13:13.792 18351 18351 I DolbyAtmosWrapper: getProfile() : for dolby atmos, 2
03-09 11:13:13.793  2241  5946 D CompatibilityChangeReporter: Compat change id reported: 161145287; UID 10479; state: DISABLED
03-09 11:13:13.793 18351 18351 I AudioManager: setParameters keyValuePairs = g_effect_dolby_enable=0;g_effect_dolby_profile=5
03-09 11:13:13.794  1497  9706 V APM_AudioPolicyManager: setAudioPolicyConfig: g_effect_dolby_enable=0;g_effect_dolby_profile=5
03-09 11:13:13.797  1497  9706 D DlbSpatializerEffectContext: setParam() received parameter SPATIALIZER_PARAM_ENABLE
03-09 11:13:13.797  1497  9706 D DlbSpatializerEffectContext: setParam() received parameter SPATIALIZER_PARAM_ENABLE
03-09 11:13:13.797  1497  9706 D DlbEffectContext: setParam() received parameter EFFECT_PARAM_ENABLE
03-09 11:13:13.797  1497  9706 D DlbEffectContext: setParam() received parameter EFFECT_PARAM_ENABLE
03-09 11:13:13.797  1387  1429 D DlbEffectContext: setParam() received parameter EFFECT_PARAM_ENABLE
03-09 11:13:13.797  1387  1429 D AudioSAEffectOffload: send_custom_payload_effect: enter, tag: 0xc000004, custom_data_sz: 12
03-09 11:13:13.797  1387  1429 I PAL: ResourceManager: setParameter: 9071: PAL_PARAM_ID_UIEFFECT tagId(0xc000004) paramId(0x10001fd1)
03-09 11:13:13.797  1387  1429 D AudioSAEffectOffload: send_custom_payload_effect: exit, tag: 0xc000004, custom_data_sz: 12
03-09 11:13:13.797  1387  1429 D AudioSAEffectOffload: update offload effect: DLB,0,2,5
03-09 11:13:13.797  1497  9706 D DlbEffectContext: setParam() received parameter EFFECT_PARAM_ENABLE
03-09 11:13:13.797  1497  9706 D DlbEffectContext: setParam() received parameter EFFECT_PARAM_ENABLE
03-09 11:13:13.797  1497  9706 D DlbEffectContext: setParam() received parameter EFFECT_PARAM_ENABLE
03-09 11:13:13.798  1497  9706 D DlbEffectContext: setParam() received parameter EFFECT_PARAM_ENABLE
03-09 11:13:13.798  1497  9706 D DlbEffectContext: setParam() received parameter EFFECT_PARAM_ENABLE
03-09 11:13:13.798  1497  9706 D DlbEffectContext: setParam() received parameter EFFECT_PARAM_ENABLE
03-09 11:13:13.798  1497  9706 D DlbEffectContext: setParam() received parameter EFFECT_PARAM_PROFILE
03-09 11:13:13.798  1497  9706 D DlbEffectContext: setProfile(profile=5) stageIdx:-1302
03-09 11:13:13.798  1497  9706 D DlbEffectContext: setParam() received parameter EFFECT_PARAM_PROFILE
03-09 11:13:13.798  1497  9706 D DlbEffectContext: setProfile(profile=5) stageIdx:-1307
03-09 11:13:13.798  1387  1429 D DlbEffectContext: setParam() received parameter EFFECT_PARAM_PROFILE
03-09 11:13:13.798  1387  1429 D DlbEffectContext: setProfile(profile=5) stageIdx:-1308
03-09 11:13:13.798  1387  1429 D AudioSAEffectOffload: send_custom_payload_effect: enter, tag: 0xc000004, custom_data_sz: 12
03-09 11:13:13.798  1387  1429 I PAL: ResourceManager: setParameter: 9071: PAL_PARAM_ID_UIEFFECT tagId(0xc000004) paramId(0x10001fd1)
03-09 11:13:13.798  1387  1429 D AudioSAEffectOffload: send_custom_payload_effect: exit, tag: 0xc000004, custom_data_sz: 12
03-09 11:13:13.798  1387  1429 D AudioSAEffectOffload: update offload effect: DLB,0,2,5
03-09 11:13:13.798  1497  9706 D DlbEffectContext: setParam() received parameter EFFECT_PARAM_PROFILE
03-09 11:13:13.798  1497  9706 D DlbEffectContext: setProfile(profile=5) stageIdx:-2105
03-09 11:13:13.798  1497  9706 D DlbEffectContext: setParam() received parameter EFFECT_PARAM_PROFILE
03-09 11:13:13.798  1497  9706 D DlbEffectContext: setProfile(profile=5) stageIdx:-2108
03-09 11:13:13.798  1497  9706 D DlbEffectContext: setParam() received parameter EFFECT_PARAM_PROFILE
03-09 11:13:13.798  1497  9706 D DlbEffectContext: setProfile(profile=5) stageIdx:-2113
03-09 11:13:13.798  1497  9706 D DlbEffectContext: setParam() received parameter EFFECT_PARAM_PROFILE
03-09 11:13:13.798  1497  9706 D DlbEffectContext: setProfile(profile=5) stageIdx:-2902
03-09 11:13:13.798  1497  9706 D DlbEffectContext: setParam() received parameter EFFECT_PARAM_PROFILE
03-09 11:13:13.798  1497  9706 D DlbEffectContext: setProfile(profile=5) stageIdx:-3702
03-09 11:13:13.798  1497  9706 D DlbEffectContext: setParam() received parameter EFFECT_PARAM_PROFILE
03-09 11:13:13.798  1497  9706 D DlbEffectContext: setProfile(profile=5) stageIdx:-29002
03-09 11:13:13.798 18351 18351 I DolbyAtmosWrapper: setProfile() : for dolby atmos, 5
03-09 11:13:13.798 18351 18351 I EffectManager: setEffectDolbyAtmos() : enable is false, mode is off (5)
03-09 11:13:13.798 18351 18351 I AudioPathManager: loadAudioPath() : loaded audio path is speaker (0)
03-09 11:13:13.798 18351 18351 I EffectManager: setEffectDolbyAtmos() : concert hall will be restored as 0
03-09 11:13:13.799  1497  9706 I SoundAlive_Interface_a64: [ 1 ][ 48000 ]Set_User_CH() : 0
03-09 11:13:13.799  1497  9706 I SoundAlive_Interface_a64: [ 3 ][ 192000 ]Set_User_CH() : 0
03-09 11:13:13.799  1497  9706 I SoundAlive_Interface_a64: [ 5 ][ 48000 ]Set_User_CH() : 0
03-09 11:13:13.799  1497  9706 I SoundAlive_Interface_a64: [ 7 ][ 48000 ]Set_User_CH() : 0
03-09 11:13:13.799  1497  9706 I SoundAlive_Interface_a64: [ 9 ][ 48000 ]Set_User_CH() : 0
03-09 11:13:13.799 18351 18351 I EffectManager: isSupportDolbyAtmosOnThisAudioPath() : path is speaker (0)
03-09 11:13:13.799 18351 18351 I EffectManager: isSupportDolbyAtmosOnThisAudioPath() : speaker type is stereo
03-09 11:13:13.799 18351 18351 I PreferencesManager: getDolbyAtmosForGamingSwitch() : default value is 0
03-09 11:13:13.800 18351 18351 I AudioPathManager: loadAudioPath() : loaded audio path is speaker (0)
03-09 11:13:13.800 18351 18351 I EffectManager: isSupportDolbyAtmosOnThisAudioPath() : path is speaker (0)
03-09 11:13:13.800 18351 18351 I EffectManager: isSupportDolbyAtmosOnThisAudioPath() : speaker type is stereo
03-09 11:13:13.800 18351 18351 I AudioManager: setParameters keyValuePairs = g_effect_game_dolby_enable=0
03-09 11:13:13.800  1497  9706 V APM_AudioPolicyManager: setAudioPolicyConfig: g_effect_game_dolby_enable=0
03-09 11:13:13.801  1497  9706 D DlbEffectContext: setParam() received parameter EFFECT_PARAM_ENABLE
03-09 11:13:13.801  1497  9706 D DlbEffectContext: setParam() received parameter EFFECT_PARAM_ENABLE
03-09 11:13:13.802  2241  5946 I GenerationRegistry: mBackingStore.isClosed() : false
03-09 11:13:13.802  1497  9706 D DlbEffectContext: setParam() received parameter EFFECT_PARAM_PROFILE
03-09 11:13:13.802  1497  9706 D DlbEffectContext: setProfile(profile=5) stageIdx:-29003
03-09 11:13:13.802  1497  9706 D DlbEffectContext: setParam() received parameter EFFECT_PARAM_PROFILE
03-09 11:13:13.802  1497  9706 D DlbEffectContext: setProfile(profile=5) stageIdx:-29004
03-09 11:13:13.803 18351 18351 I DolbyAtmosWrapper: setProfile() : for dolby atmos for gaming, 5
03-09 11:13:13.803 18351 18351 I AudioPathManager: loadAudioPath() : loaded audio path is speaker (0)
03-09 11:13:13.803 18351 18351 I RestrictModeUtil: isOwnerMode() : user id is 0
03-09 11:13:13.803 18394 18425 W System  : ClassLoader referenced unknown path: 
03-09 11:13:13.803 18351 18351 I RestrictModeUtil: isDexMode() : DeX mode is off
03-09 11:13:13.804 18351 18351 I RestrictModeUtil: isEmergencyMode() : emergency mode is disabled
03-09 11:13:13.804 18394 18425 D nativeloader: Configuring classloader-namespace for other apk . target_sdk_version=33, uses_libraries=, library_path=/data/app/~~CGN9YqWe2NBr9wqw1yOz8g==/com.google.android.gms-MnUrI0QD6bCbZC5gpSBWCg==/lib/arm64:/data/app/~~CGN9YqWe2NBr9wqw1yOz8g==/com.google.android.gms-MnUrI0QD6bCbZC5gpSBWCg==/base.apk!/lib/arm64-v8a, permitted_path=/data:/mnt/expand:/data/user/0/com.google.android.gms
03-09 11:13:13.805  1497  9706 I SoundAlive_Interface_a64: [ 1 ][ 48000 ]Set_USER_EQ() : 0, 0, 0, 0, 0, 0, 0, 0, 0
03-09 11:13:13.805  1387  1429 D AudioSAEffectOffload: send_custom_payload_effect: enter, tag: 0xc000005, custom_data_sz: 104
03-09 11:13:13.805  1387  1429 I PAL: ResourceManager: setParameter: 9071: PAL_PARAM_ID_UIEFFECT tagId(0xc000005) paramId(0x10001fa1)
03-09 11:13:13.805  1387  1429 D AudioSAEffectOffload: send_custom_payload_effect: exit, tag: 0xc000005, custom_data_sz: 104
03-09 11:13:13.806  1387  1429 D AudioSAEffectOffload: update offload effect: SA,2,0,0,0,0,0,0,0,0,0,0,0,0,0,0,0,0,4,4,1,1,0,0,0,0,0
03-09 11:13:13.806  1497  9706 I SoundAlive_Interface_a64: [ 3 ][ 192000 ]Set_USER_EQ() : 0, 0, 0, 0, 0, 0, 0, 0, 0
03-09 11:13:13.806  1497  9706 I SoundAlive_Interface_a64: [ 5 ][ 48000 ]Set_USER_EQ() : 0, 0, 0, 0, 0, 0, 0, 0, 0
03-09 11:13:13.806  1497  9706 I SoundAlive_Interface_a64: [ 7 ][ 48000 ]Set_USER_EQ() : 0, 0, 0, 0, 0, 0, 0, 0, 0
03-09 11:13:13.806  1497  9706 I SoundAlive_Interface_a64: [ 9 ][ 48000 ]Set_USER_EQ() : 0, 0, 0, 0, 0, 0, 0, 0, 0
03-09 11:13:13.807 18351 18351 I SoundAliveWrapper: setEqualizer() : preset is normal (0), levels for 9 bands are 0 0 0 0 0 0 0 0 0 
03-09 11:13:13.807 18351 18351 I EffectManager: updateEqualizerAdvancedState() : this device doesn't support advanced equalizer
03-09 11:13:13.807 18394 18425 I DynamiteLoaderV2Impl: [71] com.google.android.gms.measurement.dynamite
03-09 11:13:13.807 18351 18351 I AudioPathManager: loadAudioPath() : loaded audio path is speaker (0)
03-09 11:13:13.807 18351 18351 I EffectManager: isSupportUHQUpscalerOnCurrentAudioPath() : path is speaker (0), device type is builtin speaker (2)
03-09 11:13:13.808 18351 18351 I EffectManager: updateUHQUpscalerState() : uhq upscaler is not available on current audio path
03-09 11:13:13.808 18351 18351 I EffectManager: updateUHQUpscalerState() : audio path is speaker, so skip writing mode to settings db
03-09 11:13:13.808 18351 18351 I LocalBroadcastManager: sendLocalBroadcast() : action is 1
03-09 11:13:13.809 18351 18351 I AudioManagerWrapper: getCurrentMediaVolume() : current media volume is 10
03-09 11:13:13.811 18351 18351 I AudioPathManager: loadAudioPath() : loaded audio path is speaker (0)
03-09 11:13:13.811 18351 18351 I ModelUtil: isHighEndModel() : this model is SM-S908E
03-09 11:13:13.811 18351 18351 I BoardUtil: isBoardOnSystemLSI() : board is taro
03-09 11:13:13.812 18351 18351 I EffectManager: isSupportDolbyAtmosOnThisAudioPath() : path is speaker (0)
03-09 11:13:13.812 18351 18351 I EffectManager: isSupportDolbyAtmosOnThisAudioPath() : speaker type is stereo
03-09 11:13:13.812 18351 18351 I DVFSHelper: isNecessaryToBoostCPU() : isDolbyOn? false, isUHQUpscalerOn? false
03-09 11:13:13.812 18351 18351 I DVFSHelper: acquireBoostingCPU() : stop boosting cpu
03-09 11:13:13.812 18394 18425 W ckling.facerrel: ClassLoaderContext type mismatch. expected=PCL, found=DLC (PCL[] | DLC[];PCL[/data/app/~~7Uqoo_qFRp-KqUvvvyvkFA==/com.jeremysteckling.facerrel-KW7CVT1ILJ4AzcIb6nEoKg==/base.apk*1765912284:/data/app/~~7Uqoo_qFRp-KqUvvvyvkFA==/com.jeremysteckling.facerrel-KW7CVT1ILJ4AzcIb6nEoKg==/base.apk!classes2.dex*3124559181:/data/app/~~7Uqoo_qFRp-KqUvvvyvkFA==/com.jeremysteckling.facerrel-KW7CVT1ILJ4AzcIb6nEoKg==/base.apk!classes3.dex*1932682056])
03-09 11:13:13.838  2241  5831 I GenerationRegistry: mBackingStore.isClosed() : false
03-09 11:13:13.839  2241  2453 D PowerManagerService: displayReady: false groupId=0
03-09 11:13:13.839  2241  2453 D DisplayPowerController[0]: animateScreenStateChange: target=2, mLogicalDisplay.isEnabled()=true
03-09 11:13:13.839  2241  2453 D PowerManagerService: displayReady: true groupId=0
03-09 11:13:13.846  2241  5831 D PackageManager: setEnabledSetting : userId = 0 packageName = com.jeremysteckling.facerrel cmp = androidx.work.impl.background.systemjob.SystemJobService newState = 1 callingPackage = 10479/com.jeremysteckling.facerrel
03-09 11:13:13.846  2241  5831 D ApplicationPolicy: getApplicationStateEnabled : pkg = com.jeremysteckling.facerrel userId : 0
03-09 11:13:13.846  2241  5831 D ApplicationPolicy: getApplicationComponentState : pkg = com.jeremysteckling.facerrel userId : 0
03-09 11:13:13.852 18394 18464 D nativeloader: Configuring classloader-namespace for other apk /system/framework/org.apache.http.legacy.jar. target_sdk_version=33, uses_libraries=ALL, library_path=/data/app/~~CGN9YqWe2NBr9wqw1yOz8g==/com.google.android.gms-MnUrI0QD6bCbZC5gpSBWCg==/lib/arm64:/data/app/~~CGN9YqWe2NBr9wqw1yOz8g==/com.google.android.gms-MnUrI0QD6bCbZC5gpSBWCg==/base.apk!/lib/arm64-v8a, permitted_path=/data:/mnt/expand:/data/user/0/com.google.android.gms
03-09 11:13:13.852 18394 18464 D nativeloader: Extending system_exposed_libraries: libhumantracking.arcsoft.so:libPortraitDistortionCorrection.arcsoft.so:libPortraitDistortionCorrectionCali.arcsoft.so:libface_landmark.arcsoft.so:libFacialStickerEngine.arcsoft.so:libfrtracking_engine.arcsoft.so:libFaceRecognition.arcsoft.so:libveengine.arcsoft.so:lib_pet_detection.arcsoft.so:libae_bracket_hdr.arcsoft.so:libhigh_res.arcsoft.so:libhybrid_high_dynamic_range.arcsoft.so:libimage_enhancement.arcsoft.so:liblow_light_hdr.arcsoft.so:libhigh_dynamic_range.arcsoft.so:libsuperresolution_raw.arcsoft.so:libuwsuperresolution.arcsoft.so:libFacialAttributeDetection.arcsoft.so:libBeauty_v4.camera.samsung.so:libexifa.camera.samsung.so:libjpega.camera.samsung.so:libOpenCv.camera.samsung.so:libVideoClassifier.camera.samsung.so:libtensorflowLite.dynamic_viewing.camera.samsung.so:libImageScreener.camera.samsung.so:libMyFilter.camera.samsung.so:libtflite2.myfilters.camera.samsung.so:libCandidSnapJNI.camera.samsung.so:libHIDTSnapJNI.camera.samsung.so:libSmartScan.camera.samsung.s
03-09 11:13:13.857 18394 18471 W ckling.facerrel: Accessing hidden field Ljava/util/Collections$SynchronizedCollection;->mutex:Ljava/lang/Object; (max-target-o, reflection, denied)
03-09 11:13:13.857 18394 18471 W ckling.facerrel: Accessing hidden method Ljava/util/Collections$SynchronizedSet;-><init>(Ljava/util/Set;Ljava/lang/Object;)V (max-target-o, reflection, denied)
03-09 11:13:13.858 18394 18471 W ckling.facerrel: Accessing hidden method Ljava/util/Collections$SynchronizedCollection;-><init>(Ljava/util/Collection;Ljava/lang/Object;)V (max-target-o, reflection, denied)
03-09 11:13:13.858 18394 18464 D nativeloader: Configuring classloader-namespace for other apk /system/framework/com.android.media.remotedisplay.jar. target_sdk_version=33, uses_libraries=ALL, library_path=/data/app/~~CGN9YqWe2NBr9wqw1yOz8g==/com.google.android.gms-MnUrI0QD6bCbZC5gpSBWCg==/lib/arm64:/data/app/~~CGN9YqWe2NBr9wqw1yOz8g==/com.google.android.gms-MnUrI0QD6bCbZC5gpSBWCg==/base.apk!/lib/arm64-v8a, permitted_path=/data:/mnt/expand:/data/user/0/com.google.android.gms
03-09 11:13:13.858 18394 18464 D nativeloader: Extending system_exposed_libraries: libhumantracking.arcsoft.so:libPortraitDistortionCorrection.arcsoft.so:libPortraitDistortionCorrectionCali.arcsoft.so:libface_landmark.arcsoft.so:libFacialStickerEngine.arcsoft.so:libfrtracking_engine.arcsoft.so:libFaceRecognition.arcsoft.so:libveengine.arcsoft.so:lib_pet_detection.arcsoft.so:libae_bracket_hdr.arcsoft.so:libhigh_res.arcsoft.so:libhybrid_high_dynamic_range.arcsoft.so:libimage_enhancement.arcsoft.so:liblow_light_hdr.arcsoft.so:libhigh_dynamic_range.arcsoft.so:libsuperresolution_raw.arcsoft.so:libuwsuperresolution.arcsoft.so:libFacialAttributeDetection.arcsoft.so:libBeauty_v4.camera.samsung.so:libexifa.camera.samsung.so:libjpega.camera.samsung.so:libOpenCv.camera.samsung.so:libVideoClassifier.camera.samsung.so:libtensorflowLite.dynamic_viewing.camera.samsung.so:libImageScreener.camera.samsung.so:libMyFilter.camera.samsung.so:libtflite2.myfilters.camera.samsung.so:libCandidSnapJNI.camera.samsung.so:libHIDTSnapJNI.camera.samsung.so:libSmartScan.camera.samsung.s
03-09 11:13:13.862 18394 18464 D nativeloader: Configuring classloader-namespace for other apk /system/framework/com.android.location.provider.jar. target_sdk_version=33, uses_libraries=ALL, library_path=/data/app/~~CGN9YqWe2NBr9wqw1yOz8g==/com.google.android.gms-MnUrI0QD6bCbZC5gpSBWCg==/lib/arm64:/data/app/~~CGN9YqWe2NBr9wqw1yOz8g==/com.google.android.gms-MnUrI0QD6bCbZC5gpSBWCg==/base.apk!/lib/arm64-v8a, permitted_path=/data:/mnt/expand:/data/user/0/com.google.android.gms
03-09 11:13:13.862 18394 18464 D nativeloader: Extending system_exposed_libraries: libhumantracking.arcsoft.so:libPortraitDistortionCorrection.arcsoft.so:libPortraitDistortionCorrectionCali.arcsoft.so:libface_landmark.arcsoft.so:libFacialStickerEngine.arcsoft.so:libfrtracking_engine.arcsoft.so:libFaceRecognition.arcsoft.so:libveengine.arcsoft.so:lib_pet_detection.arcsoft.so:libae_bracket_hdr.arcsoft.so:libhigh_res.arcsoft.so:libhybrid_high_dynamic_range.arcsoft.so:libimage_enhancement.arcsoft.so:liblow_light_hdr.arcsoft.so:libhigh_dynamic_range.arcsoft.so:libsuperresolution_raw.arcsoft.so:libuwsuperresolution.arcsoft.so:libFacialAttributeDetection.arcsoft.so:libBeauty_v4.camera.samsung.so:libexifa.camera.samsung.so:libjpega.camera.samsung.so:libOpenCv.camera.samsung.so:libVideoClassifier.camera.samsung.so:libtensorflowLite.dynamic_viewing.camera.samsung.so:libImageScreener.camera.samsung.so:libMyFilter.camera.samsung.so:libtflite2.myfilters.camera.samsung.so:libCandidSnapJNI.camera.samsung.so:libHIDTSnapJNI.camera.samsung.so:libSmartScan.camera.samsung.s
03-09 11:13:13.878 18394 18464 D nativeloader: Configuring classloader-namespace for other apk /system/system_ext/framework/org.carconnectivity.android.digitalkey.rangingintent.jar. target_sdk_version=33, uses_libraries=ALL, library_path=/data/app/~~CGN9YqWe2NBr9wqw1yOz8g==/com.google.android.gms-MnUrI0QD6bCbZC5gpSBWCg==/lib/arm64:/data/app/~~CGN9YqWe2NBr9wqw1yOz8g==/com.google.android.gms-MnUrI0QD6bCbZC5gpSBWCg==/base.apk!/lib/arm64-v8a, permitted_path=/data:/mnt/expand:/data/user/0/com.google.android.gms
03-09 11:13:13.878 18394 18464 D nativeloader: Extending system_exposed_libraries: libhumantracking.arcsoft.so:libPortraitDistortionCorrection.arcsoft.so:libPortraitDistortionCorrectionCali.arcsoft.so:libface_landmark.arcsoft.so:libFacialStickerEngine.arcsoft.so:libfrtracking_engine.arcsoft.so:libFaceRecognition.arcsoft.so:libveengine.arcsoft.so:lib_pet_detection.arcsoft.so:libae_bracket_hdr.arcsoft.so:libhigh_res.arcsoft.so:libhybrid_high_dynamic_range.arcsoft.so:libimage_enhancement.arcsoft.so:liblow_light_hdr.arcsoft.so:libhigh_dynamic_range.arcsoft.so:libsuperresolution_raw.arcsoft.so:libuwsuperresolution.arcsoft.so:libFacialAttributeDetection.arcsoft.so:libBeauty_v4.camera.samsung.so:libexifa.camera.samsung.so:libjpega.camera.samsung.so:libOpenCv.camera.samsung.so:libVideoClassifier.camera.samsung.so:libtensorflowLite.dynamic_viewing.camera.samsung.so:libImageScreener.camera.samsung.so:libMyFilter.camera.samsung.so:libtflite2.myfilters.camera.samsung.so:libCandidSnapJNI.camera.samsung.so:libHIDTSnapJNI.camera.samsung.so:libSmartScan.camera.samsung.s
03-09 11:13:13.882 18394 18464 D nativeloader: Configuring classloader-namespace for other apk /system/system_ext/framework/org.carconnectivity.android.digitalkey.secureelement.jar. target_sdk_version=33, uses_libraries=ALL, library_path=/data/app/~~CGN9YqWe2NBr9wqw1yOz8g==/com.google.android.gms-MnUrI0QD6bCbZC5gpSBWCg==/lib/arm64:/data/app/~~CGN9YqWe2NBr9wqw1yOz8g==/com.google.android.gms-MnUrI0QD6bCbZC5gpSBWCg==/base.apk!/lib/arm64-v8a, permitted_path=/data:/mnt/expand:/data/user/0/com.google.android.gms
03-09 11:13:13.882 18394 18464 D nativeloader: Extending system_exposed_libraries: libhumantracking.arcsoft.so:libPortraitDistortionCorrection.arcsoft.so:libPortraitDistortionCorrectionCali.arcsoft.so:libface_landmark.arcsoft.so:libFacialStickerEngine.arcsoft.so:libfrtracking_engine.arcsoft.so:libFaceRecognition.arcsoft.so:libveengine.arcsoft.so:lib_pet_detection.arcsoft.so:libae_bracket_hdr.arcsoft.so:libhigh_res.arcsoft.so:libhybrid_high_dynamic_range.arcsoft.so:libimage_enhancement.arcsoft.so:liblow_light_hdr.arcsoft.so:libhigh_dynamic_range.arcsoft.so:libsuperresolution_raw.arcsoft.so:libuwsuperresolution.arcsoft.so:libFacialAttributeDetection.arcsoft.so:libBeauty_v4.camera.samsung.so:libexifa.camera.samsung.so:libjpega.camera.samsung.so:libOpenCv.camera.samsung.so:libVideoClassifier.camera.samsung.so:libtensorflowLite.dynamic_viewing.camera.samsung.so:libImageScreener.camera.samsung.so:libMyFilter.camera.samsung.so:libtflite2.myfilters.camera.samsung.so:libCandidSnapJNI.camera.samsung.so:libHIDTSnapJNI.camera.samsung.so:libSmartScan.camera.samsung.s
03-09 11:13:13.883 18394 18464 W ziparchive: Unable to open '/system_ext/framework/org.carconnectivity.android.digitalkey.timesync.dm': No such file or directory
03-09 11:13:13.883 18394 18464 W ziparchive: Unable to open '/system_ext/framework/org.carconnectivity.android.digitalkey.timesync.dm': No such file or directory
03-09 11:13:13.884 18394 18464 D nativeloader: Configuring classloader-namespace for other apk /system_ext/framework/org.carconnectivity.android.digitalkey.timesync.jar. target_sdk_version=33, uses_libraries=ALL, library_path=/data/app/~~CGN9YqWe2NBr9wqw1yOz8g==/com.google.android.gms-MnUrI0QD6bCbZC5gpSBWCg==/lib/arm64:/data/app/~~CGN9YqWe2NBr9wqw1yOz8g==/com.google.android.gms-MnUrI0QD6bCbZC5gpSBWCg==/base.apk!/lib/arm64-v8a, permitted_path=/data:/mnt/expand:/data/user/0/com.google.android.gms
03-09 11:13:13.884 18394 18464 D nativeloader: Extending system_exposed_libraries: libhumantracking.arcsoft.so:libPortraitDistortionCorrection.arcsoft.so:libPortraitDistortionCorrectionCali.arcsoft.so:libface_landmark.arcsoft.so:libFacialStickerEngine.arcsoft.so:libfrtracking_engine.arcsoft.so:libFaceRecognition.arcsoft.so:libveengine.arcsoft.so:lib_pet_detection.arcsoft.so:libae_bracket_hdr.arcsoft.so:libhigh_res.arcsoft.so:libhybrid_high_dynamic_range.arcsoft.so:libimage_enhancement.arcsoft.so:liblow_light_hdr.arcsoft.so:libhigh_dynamic_range.arcsoft.so:libsuperresolution_raw.arcsoft.so:libuwsuperresolution.arcsoft.so:libFacialAttributeDetection.arcsoft.so:libBeauty_v4.camera.samsung.so:libexifa.camera.samsung.so:libjpega.camera.samsung.so:libOpenCv.camera.samsung.so:libVideoClassifier.camera.samsung.so:libtensorflowLite.dynamic_viewing.camera.samsung.so:libImageScreener.camera.samsung.so:libMyFilter.camera.samsung.so:libtflite2.myfilters.camera.samsung.so:libCandidSnapJNI.camera.samsung.so:libHIDTSnapJNI.camera.samsung.so:libSmartScan.camera.samsung.s
03-09 11:13:13.884 18394 18467 D CompatibilityChangeReporter: Compat change id reported: 160794467; UID 10479; state: ENABLED
03-09 11:13:13.887 18394 18464 W ckling.facerrel: ClassLoaderContext classpath size mismatch. expected=1, found=0 (PCL[/system/framework/com.android.location.provider.jar*3175360615] | PCL[])
03-09 11:13:13.891 18394 18464 D nativeloader: Configuring classloader-namespace for other apk /system/framework/samsung.uwb.jar. target_sdk_version=33, uses_libraries=ALL, library_path=/data/app/~~CGN9YqWe2NBr9wqw1yOz8g==/com.google.android.gms-MnUrI0QD6bCbZC5gpSBWCg==/lib/arm64:/data/app/~~CGN9YqWe2NBr9wqw1yOz8g==/com.google.android.gms-MnUrI0QD6bCbZC5gpSBWCg==/base.apk!/lib/arm64-v8a, permitted_path=/data:/mnt/expand:/data/user/0/com.google.android.gms
03-09 11:13:13.891 18394 18464 D nativeloader: Extending system_exposed_libraries: libhumantracking.arcsoft.so:libPortraitDistortionCorrection.arcsoft.so:libPortraitDistortionCorrectionCali.arcsoft.so:libface_landmark.arcsoft.so:libFacialStickerEngine.arcsoft.so:libfrtracking_engine.arcsoft.so:libFaceRecognition.arcsoft.so:libveengine.arcsoft.so:lib_pet_detection.arcsoft.so:libae_bracket_hdr.arcsoft.so:libhigh_res.arcsoft.so:libhybrid_high_dynamic_range.arcsoft.so:libimage_enhancement.arcsoft.so:liblow_light_hdr.arcsoft.so:libhigh_dynamic_range.arcsoft.so:libsuperresolution_raw.arcsoft.so:libuwsuperresolution.arcsoft.so:libFacialAttributeDetection.arcsoft.so:libBeauty_v4.camera.samsung.so:libexifa.camera.samsung.so:libjpega.camera.samsung.so:libOpenCv.camera.samsung.so:libVideoClassifier.camera.samsung.so:libtensorflowLite.dynamic_viewing.camera.samsung.so:libImageScreener.camera.samsung.so:libMyFilter.camera.samsung.so:libtflite2.myfilters.camera.samsung.so:libCandidSnapJNI.camera.samsung.so:libHIDTSnapJNI.camera.samsung.so:libSmartScan.camera.samsung.s
03-09 11:13:13.893 18394 18467 D CompatibilityChangeReporter: Compat change id reported: 194532703; UID 10479; state: DISABLED
03-09 11:13:13.895  2241  5831 D CompatibilityChangeReporter: Compat change id reported: 194532703; UID 10479; state: DISABLED
03-09 11:13:13.896 18394 18464 D nativeloader: Configuring classloader-namespace for other apk /data/app/~~CGN9YqWe2NBr9wqw1yOz8g==/com.google.android.gms-MnUrI0QD6bCbZC5gpSBWCg==/base.apk. target_sdk_version=33, uses_libraries=, library_path=/data/app/~~CGN9YqWe2NBr9wqw1yOz8g==/com.google.android.gms-MnUrI0QD6bCbZC5gpSBWCg==/lib/arm64:/data/app/~~CGN9YqWe2NBr9wqw1yOz8g==/com.google.android.gms-MnUrI0QD6bCbZC5gpSBWCg==/base.apk!/lib/arm64-v8a, permitted_path=/data:/mnt/expand:/data/user/0/com.google.android.gms
03-09 11:13:13.906 18394 18456 I FA      : App measurement initialized, version: 75129
03-09 11:13:13.906 18394 18456 I FA      : To enable debug logging run: adb shell setprop log.tag.FA VERBOSE
03-09 11:13:13.906 18394 18456 I FA      : To enable faster debug mode event logging run:
03-09 11:13:13.906 18394 18456 I FA      :   adb shell setprop debug.firebase.analytics.app com.jeremysteckling.facerrel
03-09 11:13:13.914 18394 18464 I DynamiteLoaderV2Impl: [71] com.google.android.gms.ads.dynamite
03-09 11:13:13.928 18394 18492 W SQLiteLog: (28) double-quoted string literal: "notification"
03-09 11:13:13.947  2241  5946 D ConnectivityService: Returning UNBLOCKED NetworkInfo to uid=10479
03-09 11:13:13.951 18394 18494 D TrafficStats: tagSocket(96) with statsTag=0x2710, statsUid=-1
03-09 11:13:13.952  2241  2940 D NetdEventListenerService: DNS Requested by : 112, 10479
03-09 11:13:13.962 18394 18494 D TrafficStats: tagSocket(96) with statsTag=0x2710, statsUid=-1
03-09 11:13:13.970  1508  1508 D SurfaceFlinger: Display 4630947232161729154 HWC layers:
03-09 11:13:13.970  1508  1508 D SurfaceFlinger:      DEVICE | 0xb4000072c8079d10 | 0102 | RGBA_8888    |    0.0    0.0 1080.0 2316.0 |    0    0 1080 2316 | SurfaceView[com.QolorQuestGames.Synt[...]sdk.JmrUnityActivity]@0(BLAST)#20257
03-09 11:13:13.970  1508  1508 D SurfaceFlinger:      DEVICE | 0xb4000072c807bae0 | 0100 | RGBA_8888    |    0.0    0.0 1080.0    1.0 |    0 2315 1080 2316 | NavigationBar0$_3068#81
03-09 11:13:13.970  1508  1508 D SurfaceFlinger: 
03-09 11:13:13.972  2241  2897 D SemNscXgbMsL1: Probability - Cloud gaming: [0.45663103]
03-09 11:13:13.973  2241  2897 D SemNscXgbMsL1: Probability - Real time: [0.15691075]
03-09 11:13:13.973  2241  2897 D SemNscXgbMsL1: Probability - Non real time: [0.63591915]
03-09 11:13:13.975  2241  2897 D SemNscXgbMsL1: 1 sample inference time: 2.311355 msecs
03-09 11:13:13.977  2241  2897 D SemNscXgbL2Rt: L2 RT 1 sample inference time: 1.583021 msecs
03-09 11:13:13.978  2241  2897 D SemNscXgbL2Nrt: L2 NRT 1 sample inference time: 1.048437 msecs
03-09 11:13:13.981  2241  2241 W JobScheduler: Job didn't exist in JobStore: 3f9ca04 #u0a479/283 com.jeremysteckling.facerrel/androidx.work.impl.background.systemjob.SystemJobService
03-09 11:13:13.983  2241  2241 W JobScheduler: Job didn't exist in JobStore: 73c3d4 #u0a479/279 com.jeremysteckling.facerrel/androidx.work.impl.background.systemjob.SystemJobService
03-09 11:13:13.985  2241  2241 W JobScheduler: Job didn't exist in JobStore: ac025b1 #u0a479/280 com.jeremysteckling.facerrel/androidx.work.impl.background.systemjob.SystemJobService
03-09 11:13:13.986  2241  2241 W JobScheduler: Job didn't exist in JobStore: b334940 #u0a479/284 com.jeremysteckling.facerrel/androidx.work.impl.background.systemjob.SystemJobService
03-09 11:13:13.987  1508  1508 D SurfaceFlinger: Display 4630947232161729154 HWC layers:
03-09 11:13:13.987  1508  1508 D SurfaceFlinger:      DEVICE | 0xb4000072c8079d10 | 0102 | RGBA_8888    |    0.0    0.0 1080.0 2316.0 |    0    0 1080 2316 | SurfaceView[com.QolorQuestGames.Synt[...]sdk.JmrUnityActivity]@0(BLAST)#20257
03-09 11:13:13.987  1508  1508 D SurfaceFlinger: 
03-09 11:13:13.998 14815 15977 I Finsky  : [1179] jut.a(15): com.jeremysteckling.facerrel: Account determined from installer data - [OA5glAUHTsLxHEUQBspIaaCsUaj907sy9NW_bybOvFA]
03-09 11:13:14.000 14815 15977 I Finsky  : [1179] jut.a(62): Billing preferred account via installer for com.jeremysteckling.facerrel: [OA5glAUHTsLxHEUQBspIaaCsUaj907sy9NW_bybOvFA]
03-09 11:13:14.004 17595 18374 D AppStore: PriorityIterator backoffTime increased to 1 minute(s)
03-09 11:13:14.005 17595 18374 D AppStore: PriorityIterator backoffTime increased to 2 minute(s)
03-09 11:13:14.011 18268 18268 D InsetsController: cancelAnimation of types: 3, animType: 1, host: com.QolorQuestGames.SynthRider/com.jiotesseract.mr.sdk.JmrUnityActivity, from:android.view.InsetsController.notifyFinished:1375 android.view.InsetsAnimationThreadControlRunner$1.lambda$notifyFinished$0$android-view-InsetsAnimationThreadControlRunner$1:84 android.view.InsetsAnimationThreadControlRunner$1$$ExternalSyntheticLambda1.run:4 
03-09 11:13:14.023 14815 14861 I Finsky  : [1088] jut.a(15): com.jeremysteckling.facerrel: Account determined from installer data - [OA5glAUHTsLxHEUQBspIaaCsUaj907sy9NW_bybOvFA]
03-09 11:13:14.029 14815 14861 I Finsky  : [1088] jut.a(62): Billing preferred account via installer for com.jeremysteckling.facerrel: [OA5glAUHTsLxHEUQBspIaaCsUaj907sy9NW_bybOvFA]
03-09 11:13:14.039  2241  2453 D PowerManagerService: displayReady: false groupId=0
03-09 11:13:14.039  2241  2453 D DisplayPowerController[0]: animateScreenStateChange: target=2, mLogicalDisplay.isEnabled()=true
03-09 11:13:14.039  2241  2453 D PowerManagerService: displayReady: true groupId=0
03-09 11:13:14.059 18394 18444 D TrafficStats: tagSocket(107) with statsTag=0xffffffff, statsUid=-1
03-09 11:13:14.060  2241  2940 D NetdEventListenerService: DNS Requested by : 112, 10479
03-09 11:13:14.063  2241  2940 D NetdEventListenerService: DNS Requested by : 112, 10479
03-09 11:13:14.063 18394 18443 D TrafficStats: tagSocket(108) with statsTag=0xffffffff, statsUid=-1
03-09 11:13:14.072 18394 18414 W libc    : Access denied finding property "sys.perf.boostopt"
03-09 11:13:14.072  1284  1284 E audit   : type=1400 audit(1678340594.068:141749): avc:  denied  { read } for  pid=18394 comm="binder:18394_2" name="u:object_r:perf_prop:s0" dev="tmpfs" ino=335 scontext=u:r:untrusted_app:s0:c223,c257,c512,c768 tcontext=u:object_r:perf_prop:s0 tclass=file permissive=0 SEPF_SM-S908E_12_0001 audit_filtered
03-09 11:13:14.071 18394 18444 D TrafficStats: tagSocket(106) with statsTag=0xffffffff, statsUid=-1
03-09 11:13:14.074  2241  4195 I ActivityManager: Killing 15344:com.sec.android.provider.badge/u10a45 (adj 999): empty #33
03-09 11:13:14.078  2241  2749 I UMR     : skip compaction for com.android.vending(14815)
03-09 11:13:14.079  7059 11852 D BluetoothSocket: write: android.net.LocalSocketImpl$SocketOutputStream@f85869 length: 4
03-09 11:13:14.079 18394 18444 D TrafficStats: tagSocket(106) with statsTag=0xffffffff, statsUid=-1
03-09 11:13:14.079  7059 11852 D BluetoothSocket: write out: android.net.LocalSocketImpl$SocketOutputStream@f85869 length: 4
03-09 11:13:14.079  7059 11852 D BluetoothSocket: write: android.net.LocalSocketImpl$SocketOutputStream@f85869 length: 301
03-09 11:13:14.079  7059 11852 D BluetoothSocket: write out: android.net.LocalSocketImpl$SocketOutputStream@f85869 length: 301
03-09 11:13:14.079  3366  4462 I bt_stack: [INFO:rfc_port_fsm.cc(106)] rfc_port_sm_execute: BD_ADDR=dccce6_8, PORT=29, STATE=4, EVENT=14
03-09 11:13:14.080 18394 18443 D TrafficStats: tagSocket(108) with statsTag=0xffffffff, statsUid=-1
03-09 11:13:14.081  2241  2417 I libprocessgroup: Successfully killed process cgroup uid 1010045 pid 15344 in 5ms
03-09 11:13:14.081  3366  4462 E bt_bta_dm: Received unknown power mode status event:5
03-09 11:13:14.083 18394 18444 D TrafficStats: tagSocket(106) with statsTag=0xffffffff, statsUid=-1
03-09 11:13:14.088 18394 18443 D TrafficStats: tagSocket(111) with statsTag=0xffffffff, statsUid=-1
03-09 11:13:14.089 18394 18444 D TrafficStats: tagSocket(108) with statsTag=0xffffffff, statsUid=-1
03-09 11:13:14.094 18394 18443 D TrafficStats: tagSocket(107) with statsTag=0xffffffff, statsUid=-1
03-09 11:13:14.103  1411 18260 I HYPER-HAL: [RequestManager.cpp]releaseLocked(): Released ID : 18063076
03-09 11:13:14.104  7059 11852 D BluetoothSocket: write: android.net.LocalSocketImpl$SocketOutputStream@f85869 length: 4
03-09 11:13:14.105  7059 11852 D BluetoothSocket: write out: android.net.LocalSocketImpl$SocketOutputStream@f85869 length: 4
03-09 11:13:14.105  7059 11852 D BluetoothSocket: write: android.net.LocalSocketImpl$SocketOutputStream@f85869 length: 301
03-09 11:13:14.105  7059 11852 D BluetoothSocket: write out: android.net.LocalSocketImpl$SocketOutputStream@f85869 length: 301
03-09 11:13:14.105  3366  4462 I bt_stack: [INFO:rfc_port_fsm.cc(106)] rfc_port_sm_execute: BD_ADDR=dccce6_8, PORT=29, STATE=4, EVENT=14
03-09 11:13:14.105  3366  4462 E bt_btm_pm: pm_pending_link maxed out
03-09 11:13:14.106  3366  4462 W bt_bta_dm: Unable to set active power mode for device:xx:xx:xx:xx:b1:68 status:BTM_NO_RESOURCES
03-09 11:13:14.106  3366  4462 I bt_stack: [INFO:rfc_port_fsm.cc(106)] rfc_port_sm_execute: BD_ADDR=dccce6_8, PORT=29, STATE=4, EVENT=14
03-09 11:13:14.115  7059 11852 D BluetoothSocket: write: android.net.LocalSocketImpl$SocketOutputStream@f85869 length: 4
03-09 11:13:14.116  7059 11852 D BluetoothSocket: write out: android.net.LocalSocketImpl$SocketOutputStream@f85869 length: 4
03-09 11:13:14.116  7059 11852 D BluetoothSocket: write: android.net.LocalSocketImpl$SocketOutputStream@f85869 length: 301
03-09 11:13:14.116  7059 11852 D BluetoothSocket: write out: android.net.LocalSocketImpl$SocketOutputStream@f85869 length: 301
03-09 11:13:14.116  3366  4462 E bt_btm_pm: pm_pending_link maxed out
03-09 11:13:14.116  3366  4462 W bt_bta_dm: Unable to set active power mode for device:xx:xx:xx:xx:b1:68 status:BTM_NO_RESOURCES
03-09 11:13:14.116  3366  4462 I bt_stack: [INFO:rfc_port_fsm.cc(106)] rfc_port_sm_execute: BD_ADDR=dccce6_8, PORT=29, STATE=4, EVENT=14
03-09 11:13:14.120  1328  1328 I Zygote  : Process 15344 exited due to signal 9 (Killed)
03-09 11:13:14.137  7059 11852 D BluetoothSocket: write: android.net.LocalSocketImpl$SocketOutputStream@f85869 length: 4
03-09 11:13:14.137  7059 11852 D BluetoothSocket: write out: android.net.LocalSocketImpl$SocketOutputStream@f85869 length: 4
03-09 11:13:14.137  7059 11852 D BluetoothSocket: write: android.net.LocalSocketImpl$SocketOutputStream@f85869 length: 301
03-09 11:13:14.137  7059 11852 D BluetoothSocket: write out: android.net.LocalSocketImpl$SocketOutputStream@f85869 length: 301
03-09 11:13:14.137  3366  4462 E bt_btm_pm: pm_pending_link maxed out
03-09 11:13:14.137  3366  4462 W bt_bta_dm: Unable to set active power mode for device:xx:xx:xx:xx:b1:68 status:BTM_NO_RESOURCES
03-09 11:13:14.137  3366  4462 I bt_stack: [INFO:rfc_port_fsm.cc(106)] rfc_port_sm_execute: BD_ADDR=dccce6_8, PORT=29, STATE=4, EVENT=14
03-09 11:13:14.143  2241  2415 D CompatibilityChangeReporter: Compat change id reported: 135634846; UID 10045; state: DISABLED
03-09 11:13:14.143  2241  2415 D CompatibilityChangeReporter: Compat change id reported: 177438394; UID 10045; state: DISABLED
03-09 11:13:14.143  2241  2415 D CompatibilityChangeReporter: Compat change id reported: 135772972; UID 10045; state: DISABLED
03-09 11:13:14.143  2241  2415 D CompatibilityChangeReporter: Compat change id reported: 135754954; UID 10045; state: ENABLED
03-09 11:13:14.143  2241  2416 D CompatibilityChangeReporter: Compat change id reported: 143937733; UID 10045; state: ENABLED
03-09 11:13:14.144  2241  2405 I WindowManager: Reparenting to original parent: Surface(name=Leaf:15:15)/@0x4fd0c2f, destroy=true, surface=Surface(name=WindowToken{9c4f6f7 type=2000 android.os.BinderProxy@c18b391})/@0xd5cb296
03-09 11:13:14.152  1508  1508 I Layer   : id=20263 removedFromDrawingState Surface(name=WindowToken{9c4f6f7 type=2000 android.os.BinderProxy@c18b391})/@0xd5cb296 - animation-leash of token_transform#20263 (237)
03-09 11:13:14.152  1508  1508 I SurfaceFlinger: id=20263 Removed Surface(name=WindowToken{9c4f6f7 type=2000 android.os.BinderProxy@c18b391})/@0xd5cb296 - animation-leash of token_transform#20263 (237)
03-09 11:13:14.152  1508  1508 I Layer   : id=20263 Destroyed Surface(name=WindowToken{9c4f6f7 type=2000 android.os.BinderProxy@c18b391})/@0xd5cb296 - animation-leash of token_transform#20263
03-09 11:13:14.154  2241  2405 I WindowManager: Reparenting to original parent: Surface(name=Leaf:18:23)/@0x5d3491a, destroy=true, surface=Surface(name=WindowToken{15ccef6 type=2226 android.os.BinderProxy@bd71f91})/@0xcb85bc5
03-09 11:13:14.159  1328  1328 D Zygote  : Forked child process 18557
03-09 11:13:14.159  2241  2416 I ActivityManager: Start proc 18557:com.sec.android.provider.badge/u0a45 for broadcast {com.sec.android.provider.badge/com.sec.android.provider.badge.BadgeCountReceiver}
03-09 11:13:14.168  1508  1508 I Layer   : id=20264 removedFromDrawingState Surface(name=WindowToken{15ccef6 type=2226 android.os.BinderProxy@bd71f91})/@0xcb85bc5 - animation-leash of token_transform#20264 (236)
03-09 11:13:14.169  1508  1508 I SurfaceFlinger: id=20264 Removed Surface(name=WindowToken{15ccef6 type=2226 android.os.BinderProxy@bd71f91})/@0xcb85bc5 - animation-leash of token_transform#20264 (236)
03-09 11:13:14.169  1508  1508 I Layer   : id=20264 Destroyed Surface(name=WindowToken{15ccef6 type=2226 android.os.BinderProxy@bd71f91})/@0xcb85bc5 - animation-leash of token_transform#20264
03-09 11:13:14.181 18557 18557 I .provider.badge: Using CollectorTypeCC GC.
03-09 11:13:14.184 18557 18557 E .provider.badge: Not starting debugger since process cannot load the jdwp agent.
03-09 11:13:14.187 18557 18557 W libc    : Access denied finding property "sys.perf.boostopt"
03-09 11:13:14.187  1284  1284 E audit   : type=1400 audit(1678340594.184:141750): avc:  denied  { read } for  pid=18557 comm=".provider.badge" name="u:object_r:perf_prop:s0" dev="tmpfs" ino=335 scontext=u:r:platform_app:s0:c512,c768 tcontext=u:object_r:perf_prop:s0 tclass=file permissive=0 SEPF_SM-S908E_12_0001 audit_filtered
03-09 11:13:14.187 18557 18570 W libc    : Access denied finding property "sys.perf.boostopt"
03-09 11:13:14.187  1284  1284 E audit   : type=1400 audit(1678340594.184:141751): avc:  denied  { read } for  pid=18557 comm="binder:18557_1" name="u:object_r:perf_prop:s0" dev="tmpfs" ino=335 scontext=u:r:platform_app:s0:c512,c768 tcontext=u:object_r:perf_prop:s0 tclass=file permissive=0 SEPF_SM-S908E_12_0001 audit_filtered
03-09 11:13:14.189 18557 18557 D ActivityThread: setConscryptValidator
03-09 11:13:14.189 18557 18557 D ActivityThread: setConscryptValidator - put
03-09 11:13:14.194  2241  4195 I ActivityManager: DSS OFF for com.sec.android.provider.badge
03-09 11:13:14.204  1284  1284 E audit   : type=1400 audit(1678340594.204:141752): avc:  denied  { read } for  pid=18557 comm="binder:18557_2" name="u:object_r:perf_prop:s0" dev="tmpfs" ino=335 scontext=u:r:platform_app:s0:c512,c768 tcontext=u:object_r:perf_prop:s0 tclass=file permissive=0 SEPF_SM-S908E_12_0001 audit_filtered
03-09 11:13:14.204 18557 18572 W libc    : Access denied finding property "sys.perf.boostopt"
03-09 11:13:14.208 18557 18557 D CompatibilityChangeReporter: Compat change id reported: 171979766; UID 10045; state: ENABLED
03-09 11:13:14.210  1485  1524 I heimdall: insert_task_to_group:67, insert tgid 18557 to group com.sec.android.provider.badge, ret = 0
03-09 11:13:14.240  2241  2453 D PowerManagerService: displayReady: false groupId=0
03-09 11:13:14.240  2241  2453 D DisplayPowerController[0]: animateScreenStateChange: target=2, mLogicalDisplay.isEnabled()=true
03-09 11:13:14.240  2241  2453 D PowerManagerService: displayReady: true groupId=0
03-09 11:13:14.260  1404 12930 I sensors-hal: handle_sns_client_event:45, light_seamless ts=83496691327439 ns, 35,40,2147483647, M:0,0, S:0,0
03-09 11:13:14.264  2241  2404 D DisplayModeDirector: onBrightnessChangedLocked, brightness=58, lux=35.0
03-09 11:13:14.276 14494 23290 I BSD_SERVICE: BatteryData{userSoc=13.0, voltage=3.6640000343322754, current=-0.5531250238418579, chargingStatus='2', timeStamp='1678340594276'}
03-09 11:13:14.288 18557 18557 I BadgeProvider: onCreate
03-09 11:13:14.288 18557 18557 I BadgeProvider: DatabaseHelper
03-09 11:13:14.293  1508  1508 I DisplayDevice: [Display 4630947232161729154 (internal, primary, "")] ActiveConfigToHWC, ID : 11
03-09 11:13:14.294  1508  1508 I LayerHistory: StatusBar$_3068#86 voted 1, 0.00 fps
03-09 11:13:14.294  1508  1508 I LayerHistory: SurfaceView[com.QolorQuestGames.SynthRider/com.jiotesseract.mr.sdk.JmrUnityActivity]@0(BLAST)#20257 voted 4, 30.00 fps
03-09 11:13:14.294  1508  1508 I LayerHistory: com.QolorQuestGames.SynthRider/com.jiotesseract.mr.sdk.JmrUnityActivity$_18268#20254 voted 0, 0.00 fps
03-09 11:13:14.294  1508  1508 I LayerHistory: NavigationBar0$_3068#81 is infrequent
03-09 11:13:14.294  1508  1508 I SurfaceFlinger: Best - choose 30.00 Hz
03-09 11:13:14.294  1404 12923 I sensors-hal: handle_sns_client_event:152, auto_rotation_event_2 event,1, duration,1401, ts,83496725532751, ts_diff,803177
03-09 11:13:14.294  1404 12923 I sensors-hal: handle_sns_client_event:155, auto_rotation_debug_2 acc,8.198,2.510,2.486, ar,0, ver,10
03-09 11:13:14.294  2241  2401 I WindowOrientationListener: OrientationSensorJudge.onSensorChanged, Rotation: 1
03-09 11:13:14.294  2241  2401 V WindowManager: rotationForOrientation(orient=SCREEN_ORIENTATION_LANDSCAPE (0), last=ROTATION_90 (1)); user=ROTATION_0 (0) 
03-09 11:13:14.294  2241  2401 D WindowManager: rotationForOrientation, orientationSource=ActivityRecord{3c722c4 u0 com.QolorQuestGames.SynthRider/com.jiotesseract.mr.sdk.JmrUnityActivity} t945}
03-09 11:13:14.295  2241  2401 V WindowManager: Computed rotation=ROTATION_90 (1) for display id=0 based on lastOrientation=SCREEN_ORIENTATION_LANDSCAPE (0) and oldRotation=ROTATION_90 (1), caller=com.android.server.wm.DisplayContent.updateRotationUnchecked:2401 com.android.server.wm.WindowManagerService.updateRotationUnchecked:4771 com.android.server.wm.WindowManagerService.updateRotation:4752 com.android.server.wm.DisplayRotation$OrientationListener.onProposedRotationChanged:1861 com.android.server.wm.WindowOrientationListener$OrientationSensorJudge.finalizeRotation:1407 com.android.server.wm.WindowOrientationListener$OrientationSensorJudge.onSensorChanged:1330 
03-09 11:13:14.295  3068  3068 D AppController: AppControlSensorListener.onSensorChanged, Rotation: 1
