03-09 11:13:12.784  2241  5946 V WindowManager:   pfl=16000010
03-09 11:13:12.784  2241  5946 V WindowManager:   bhv=DEFAULT
03-09 11:13:12.784  2241  5946 V WindowManager:   fitSides= naviIconColor=0}
03-09 11:13:12.784  1485  1524 I heimdall: insert_task_to_group:67, insert tgid 18268 to group com.QolorQuestGames.SynthRider, ret = 0
03-09 11:13:12.785 18268 18268 D ApplicationLoaders: Returning zygote-cached class loader: /system/framework/android.test.base.jar
03-09 11:13:12.785  1508  1508 I SurfaceFlinger: [af982cc com.jiotesseract.mr.jxr/com.jiotesseract.mr.ui.launcher.myapps.HomeActivity#20229] FrameRatePriority: -1
03-09 11:13:12.785  3068  3196 I ViewRootImpl@5d61d26[SynthRider]: updateBlastSurfaceIfNeeded mBlastBufferQueue=null isSameSurfaceControl=false
03-09 11:13:12.786  3068  3196 I BLASTBufferQueue: new BLASTBufferQueue, mName= ViewRootImpl@5d61d26[SynthRider] mNativeObject= 0xb40000700aa57730 sc.mNativeObject= 0xb400006f9adea5c0 caller= android.view.ViewRootImpl.updateBlastSurfaceIfNeeded:2909 android.view.ViewRootImpl.relayoutWindow:9847 android.view.ViewRootImpl.performTraversals:3884 android.view.ViewRootImpl.doTraversal:3116 android.view.ViewRootImpl$TraversalRunnable.run:10885 android.view.Choreographer$CallbackRecord.run:1301 android.view.Choreographer$CallbackRecord.run:1309 android.view.Choreographer.doCallbacks:923 android.view.Choreographer.doFrame:852 android.view.Choreographer$FrameDisplayEventReceiver.run:1283 
03-09 11:13:12.786  3068  3196 I BLASTBufferQueue: update, w= 2316 h= 1080 mName = ViewRootImpl@5d61d26[SynthRider] mNativeObject= 0xb40000700aa57730 sc.mNativeObject= 0xb400006f9adea5c0 format= -3 caller= android.graphics.BLASTBufferQueue.<init>:84 android.view.ViewRootImpl.updateBlastSurfaceIfNeeded:2909 android.view.ViewRootImpl.relayoutWindow:9847 android.view.ViewRootImpl.performTraversals:3884 android.view.ViewRootImpl.doTraversal:3116 android.view.ViewRootImpl$TraversalRunnable.run:10885 
03-09 11:13:12.786 18268 18268 D nativeloader: Configuring classloader-namespace for other apk /data/app/~~tRyNsMMN74SoBCMbOZP1lQ==/com.QolorQuestGames.SynthRider-xh0lnU9jcDXyMnXu7XUjIg==/base.apk. target_sdk_version=29, uses_libraries=, library_path=/data/app/~~tRyNsMMN74SoBCMbOZP1lQ==/com.QolorQuestGames.SynthRider-xh0lnU9jcDXyMnXu7XUjIg==/lib/arm64:/data/app/~~tRyNsMMN74SoBCMbOZP1lQ==/com.QolorQuestGames.SynthRider-xh0lnU9jcDXyMnXu7XUjIg==/base.apk!/lib/arm64-v8a, permitted_path=/data:/mnt/expand:/data/user/0/com.QolorQuestGames.SynthRider
03-09 11:13:12.786 18268 18268 D nativeloader: Extending system_exposed_libraries: libhumantracking.arcsoft.so:libPortraitDistortionCorrection.arcsoft.so:libPortraitDistortionCorrectionCali.arcsoft.so:libface_landmark.arcsoft.so:libFacialStickerEngine.arcsoft.so:libfrtracking_engine.arcsoft.so:libFaceRecognition.arcsoft.so:libveengine.arcsoft.so:lib_pet_detection.arcsoft.so:libae_bracket_hdr.arcsoft.so:libhigh_res.arcsoft.so:libhybrid_high_dynamic_range.arcsoft.so:libimage_enhancement.arcsoft.so:liblow_light_hdr.arcsoft.so:libhigh_dynamic_range.arcsoft.so:libsuperresolution_raw.arcsoft.so:libuwsuperresolution.arcsoft.so:libFacialAttributeDetection.arcsoft.so:libBeauty_v4.camera.samsung.so:libexifa.camera.samsung.so:libjpega.camera.samsung.so:libOpenCv.camera.samsung.so:libVideoClassifier.camera.samsung.so:libtensorflowLite.dynamic_viewing.camera.samsung.so:libImageScreener.camera.samsung.so:libMyFilter.camera.samsung.so:libtflite2.myfilters.camera.samsung.so:libCandidSnapJNI.camera.samsung.so:libHIDTSnapJNI.camera.samsung.so:libSmartScan.camera.samsung.s
03-09 11:13:12.786  3068  3196 I ViewRootImpl@5d61d26[SynthRider]: Relayout returned: old=(0,0,1080,2316) new=(0,0,2316,1080) req=(1080,2316)0 dur=13 res=0x3 s={true 0xb40000709aab95a0} ch=true seqId=0
03-09 11:13:12.787  3068  3196 I ViewRootImpl@5d61d26[SynthRider]: mThreadedRenderer.initialize() mSurface={isValid=true 0xb40000709aab95a0} hwInitialized=true
03-09 11:13:12.787  3068  3220 D OpenGLRenderer: eglCreateWindowSurface
03-09 11:13:12.789  1328  1328 I Zygote  : Process 16237 exited due to signal 9 (Killed)
03-09 11:13:12.792  3068  3196 I ViewRootImpl@5d61d26[SynthRider]: reportNextDraw android.view.ViewRootImpl.performTraversals:4438 android.view.ViewRootImpl.doTraversal:3116 android.view.ViewRootImpl$TraversalRunnable.run:10885 android.view.Choreographer$CallbackRecord.run:1301 android.view.Choreographer$CallbackRecord.run:1309 
03-09 11:13:12.792  3068  3196 I ViewRootImpl@5d61d26[SynthRider]: Setup new sync id=0
03-09 11:13:12.792  3068  3196 I ViewRootImpl@5d61d26[SynthRider]: Setting syncFrameCallback
03-09 11:13:12.792  3068  3196 I ViewRootImpl@5d61d26[SynthRider]: registerCallbacksForSync syncBuffer=false
03-09 11:13:12.792 18268 18268 V GraphicsEnvironment: ANGLE Developer option for 'com.QolorQuestGames.SynthRider' set to: 'default'
03-09 11:13:12.792 18268 18268 V GraphicsEnvironment: ANGLE GameManagerService for com.QolorQuestGames.SynthRider: false
03-09 11:13:12.792 18268 18268 V GraphicsEnvironment: App is not on the allowlist for updatable production driver.
03-09 11:13:12.794 18268 18268 D NetworkSecurityConfig: No Network Security Config specified, using platform default
03-09 11:13:12.795  3068  3337 I ViewRootImpl@5d61d26[SynthRider]: Received frameDrawingCallback syncResult=0 frameNum=1.
03-09 11:13:12.795  3068  3337 I ViewRootImpl@5d61d26[SynthRider]: Setting up sync and frameCommitCallback
03-09 11:13:12.795 18268 18268 D NetworkSecurityConfig: No Network Security Config specified, using platform default
03-09 11:13:12.796  3068  3220 I BLASTBufferQueue: [ViewRootImpl@5d61d26[SynthRider]#918](f:0,a:0) onFrameAvailable the first frame is available
03-09 11:13:12.796  3068  3220 I ViewRootImpl@5d61d26[SynthRider]: Received frameCommittedCallback lastAttemptedDrawFrameNum=1 didProduceBuffer=true
03-09 11:13:12.797  3068  3220 D OpenGLRenderer: CFMS:: SetUp Pid : 3068    Tid : 3220
03-09 11:13:12.797  3068  3220 W Parcel  : Expecting binder but got null!
03-09 11:13:12.797  3068  3196 I ViewRootImpl@5d61d26[SynthRider]: onSyncComplete
03-09 11:13:12.797  5755  5407 I [AirCmd]_ActivitySwitchDetector: onTaskFocusChanged : componentName - ComponentInfo{com.QolorQuestGames.SynthRider/com.jiotesseract.mr.sdk.JmrUnityActivity}
03-09 11:13:12.797  5755  5407 I [AirCmd]_ActivitySwitchDetector: onTaskFocusChanged : mTopMostActivity - ComponentInfo{com.jiotesseract.mr.jxr/com.jiotesseract.mr.ui.launcher.myapps.HomeActivity}
03-09 11:13:12.797  3068  3196 I ViewRootImpl@5d61d26[SynthRider]: setupSync seqId=0 mSyncId=0 fn=1 caller=android.view.ViewRootImpl$$ExternalSyntheticLambda11.accept:6 android.window.SurfaceSyncer.lambda$setupSync$1$android-window-SurfaceSyncer:128 android.window.SurfaceSyncer$$ExternalSyntheticLambda1.accept:8 android.window.SurfaceSyncer$SyncSet.checkIfSyncIsComplete:382 android.window.SurfaceSyncer$SyncSet.markSyncReady:359 android.window.SurfaceSyncer.markSyncReady:151 android.view.ViewRootImpl.performTraversals:4503 
03-09 11:13:12.797  3068  3196 I ViewRootImpl@5d61d26[SynthRider]: reportDrawFinished seqId=0 mSyncId=-1 fn=1 mSurfaceChangedTransaction=0xb400006fcab98070
03-09 11:13:12.798  2241  2330 D WindowManager: finishDrawingWindow: Window{887c4a7 u0 Splash Screen com.QolorQuestGames.SynthRider} mDrawState=DRAW_PENDING seqId=0
03-09 11:13:12.798  2241  2330 V WindowManager: Finishing drawing window Window{887c4a7 u0 Splash Screen com.QolorQuestGames.SynthRider}: mDrawState=DRAW_PENDING
03-09 11:13:12.798  2241  2330 V WindowManager: Draw state now committed in Window{887c4a7 u0 Splash Screen com.QolorQuestGames.SynthRider}
03-09 11:13:12.799  2241  2405 D WindowManager: performShow logReadyForDisplay win=Window{887c4a7 u0 Splash Screen com.QolorQuestGames.SynthRider} mToken.waitingToShow:true isTransitionSet:true
03-09 11:13:12.799  5755  5407 I [AirCmd]_CallbackRepeater: stopRepeat : isWorking=false
03-09 11:13:12.799  5755  5407 I [AirCmd]_MediaControlStateMonitor: active Notification List is null
03-09 11:13:12.799  5755  5407 I [AirCmd]_RemoteSpenMainController: hasGeneralAction : packageName is com.QolorQuestGames.SynthRider, activityName is com.jiotesseract.mr.sdk.JmrUnityActivity, hasActions is false
03-09 11:13:12.799  5755  5407 I [AirCmd]_CameraAvailabilityMonitor: isCameraPreviewOn : mIsCameraPreviewOn is false
03-09 11:13:12.800  2241  2405 D WindowManager: Loading animation for app transition. transit=TRANSIT_OLD_TASK_OPEN enter=false frame=Rect(0, 0 - 1080, 2106) insets=Rect(0, 0 - 0, 0) surfaceInsets=Rect(0, 0 - 0, 0)
03-09 11:13:12.800  2241  2405 I WindowManager: Reparenting to leash, surface=Surface(name=Task=868)/@0xfdce93, leashParent=Surface(name=DefaultTaskDisplayArea)/@0xf57f041
03-09 11:13:12.800  3068  3068 D SecPowerUI.Notification: showChargingNotice oldChargingType : 8 / currentChargingType : 8, oldChargingTime : 34447000 / mChargingTime : 34447000
03-09 11:13:12.800  3068  3068 D SecPowerUI.Notification: There is no change about charging status, so return!
03-09 11:13:12.800  1508  1695 I SurfaceFlinger: id=20242 createSurf, flag=24000, Surface(name=Task=868)/@0xfdce93 - animation-leash of app_transition#20242
03-09 11:13:12.802  2241  2405 D WindowManager: makeSurface duration=2 leash=Surface(name=Surface(name=Task=868)/@0xfdce93 - animation-leash of app_transition)/@0x9bcb2c6
03-09 11:13:12.802  2241  2405 D WindowManager: Loading animation for app transition. transit=TRANSIT_OLD_TASK_OPEN enter=true frame=Rect(0, 0 - 1080, 2316) insets=Rect(0, 68 - 0, 0) surfaceInsets=Rect(0, 0 - 0, 0)
03-09 11:13:12.803  1508  1694 I SurfaceFlinger: id=20243 createSurf, flag=20004, DimAnimationLayer for Task=945#20243
03-09 11:13:12.805  2241  2405 I WindowManager: Reparenting to leash, surface=Surface(name=Task=945)/@0x765f5dd, leashParent=Surface(name=DefaultTaskDisplayArea)/@0xf57f041
03-09 11:13:12.805  1508  1694 I SurfaceFlinger: id=20244 createSurf, flag=24004, Surface(name=Task=945)/@0x765f5dd - animation-leash of app_transition#20244
03-09 11:13:12.805  2241  2405 D WindowManager: makeSurface duration=1 leash=Surface(name=Surface(name=Task=945)/@0x765f5dd - animation-leash of app_transition)/@0xd413552
03-09 11:13:12.806  2241  4033 I UMR     : ReclaimerPolicyManager: update policy 0 -> 2
03-09 11:13:12.806  2241  4033 I UMR     : KswapdReclaimer: suppress begin
03-09 11:13:12.806  2241  2405 V WindowManager: performShowLocked: mDrawState=HAS_DRAWN in Window{887c4a7 u0 Splash Screen com.QolorQuestGames.SynthRider}
03-09 11:13:12.806  2241  2405 D RestrictionPolicy: isScreenCaptureEnabled : ret=true userId=0
03-09 11:13:12.807  1508  1508 I Layer   : id=20245 Destroyed Screenshot Parent#20245
03-09 11:13:12.811  1508  1694 I SurfaceFlinger: id=20246 createSurf, flag=80000, e9649d7 ActivityRecordInputSink com.QolorQuestGames.SynthRider/com.jiotesseract.mr.sdk.JmrUnityActivity#20246
03-09 11:13:12.815  5755  5407 I [AirCmd]_CameraAvailabilityMonitor: isCameraPreviewOn : mIsCameraPreviewOn is false
03-09 11:13:12.816  5755  5407 I [AirCmd]_MediaControlStateMonitor: active Notification List is null
03-09 11:13:12.816  5755  5407 I [AirCmd]_PenActionRule: getAction : get default action data from remote action because pen action data is null.
03-09 11:13:12.816  5755  5407 I [AirCmd]_ButtonActionDetector: enableDoubleClickDetection: enabled=true, doubleClickWaitInterval=300
03-09 11:13:12.816  5755  5407 I [AirCmd]_RemoteSpenMainController: onSwitch : package is com.QolorQuestGames.SynthRider   and activity is com.jiotesseract.mr.sdk.JmrUnityActivity and isBleConnected is false and hasActions is false
03-09 11:13:12.818  1508  1508 I Layer   : Layer [Splash Screen com.QolorQuestGames.SynthRider$_3068#20241] hidden!! flag(0)
03-09 11:13:12.819  2241  5831 I ActivityManager: Changes in 10132 19 to 2, 0 to 15
03-09 11:13:12.819  2241  5831 I AppOps  : updateUidProcState uid: 10132 procState: 2 capability:15
03-09 11:13:12.819  2241  5831 I AppOps  : commitUidPendingStateLocked() :: UID - 10132, 700 > 200, 0 > 15
03-09 11:13:12.819  2241  5831 I ActivityManager: updateOomAdj start time is before than pendingPid added, don't delete it
03-09 11:13:12.819  2241  2404 I SemPersonaManager: SecureFolder personaId = 10
03-09 11:13:12.823  2241  2860 I GenerationRegistry: mBackingStore.isClosed() : false
03-09 11:13:12.824  2241  2404 W DeviceAdminInfo: Unknown tag under uses-policies of ComponentInfo{com.microsoft.windowsintune.companyportal/com.microsoft.omadm.client.PolicyManagerReceiver}: min-passwordcomplexchars
03-09 11:13:12.824  2241  2404 W DeviceAdminInfo: Unknown tag under uses-policies of ComponentInfo{com.microsoft.windowsintune.companyportal/com.microsoft.omadm.client.PolicyManagerReceiver}: mdm-security
03-09 11:13:12.827  2241  2404 W DeviceAdminInfo: Unknown tag under uses-policies of ComponentInfo{com.microsoft.windowsintune.companyportal/com.microsoft.omadm.client.PolicyManagerReceiver}: min-passwordcomplexchars
03-09 11:13:12.827  2241  2404 W DeviceAdminInfo: Unknown tag under uses-policies of ComponentInfo{com.microsoft.windowsintune.companyportal/com.microsoft.omadm.client.PolicyManagerReceiver}: mdm-security
03-09 11:13:12.829  2241  2404 D EnterpriseDeviceManagerService: isMdmAdminPresentInternal() : MDM Admin Found - com.microsoft.windowsintune.companyportal
03-09 11:13:12.829  2241  2404 D SGM:FgCheckThread: noteResumeComponent(), received pkgName: com.QolorQuestGames.SynthRider, userId: 0
03-09 11:13:12.830  2241  2810 D SGM:FgCheckThread: onLooperPrepared(), msg: MSG_APP_RESUME, pkgName: com.QolorQuestGames.SynthRider, userid: 0
03-09 11:13:12.830  2241  2810 D SGM:FgCheckThread: handleResume().
03-09 11:13:12.830  2241  2810 D SGM:FgCheckThread:   handleResume(). same package with Prev KILL_YOURSELF. ignore
03-09 11:13:12.830  2241  2241 I CocktailBarManagerServiceContainer: handleMessage: entry what = 5
03-09 11:13:12.832  1508  1508 I Layer   : id=20247 Destroyed Screenshot Parent#20247
03-09 11:13:12.832 10087 10087 I ActivityUtils: HomePackage : com.sec.android.app.launcher, resumePackageName : com.QolorQuestGames.SynthRider
03-09 11:13:12.834  2241  2453 D PowerManagerService: displayReady: false groupId=0
03-09 11:13:12.834  2241  2453 D DisplayPowerController[0]: animateScreenStateChange: target=2, mLogicalDisplay.isEnabled()=true
03-09 11:13:12.834  1508  1694 I SurfaceFlinger: id=20248 createSurf, flag=40404, Bottom Edge Extension#20248
03-09 11:13:12.834  2241  2453 D PowerManagerService: displayReady: true groupId=0
03-09 11:13:12.837  1508  1694 I SurfaceFlinger: id=20249 createSurf, flag=400, bbq-wrapper#20249
03-09 11:13:12.839  2241 22381 I BLASTBufferQueue: [bbq-adapter#683](f:0,a:0) onFrameAvailable the first frame is available
03-09 11:13:12.840  1508  1508 I Layer   : id=20250 Destroyed Screenshot Parent#20250
03-09 11:13:12.844  1508  1695 I SurfaceFlinger: id=20251 createSurf, flag=40404, Top Edge Extension#20251
03-09 11:13:12.847  1508  1508 D SurfaceFlinger: Display 4630947232161729154 HWC layers:
03-09 11:13:12.847  1508  1508 D SurfaceFlinger:      CLIENT | 0xb4000072c8082a40 | 0102 | RGBA_8888    |    0.0    0.0    0.0    0.0 |    0    0    0    0 | bbq-wrapper#20249
03-09 11:13:12.847  1508  1508 D SurfaceFlinger:      DEVICE | 0xb4000072c8072f60 | 0102 | RGBA_8888    |    0.0    0.0 1080.0 2316.0 |    0    0 1080 2316 | com.jiotesseract.mr.jxr/com.jiotesse[...]her.myapps.HomeActivity$_17595#20230
03-09 11:13:12.847  1508  1508 D SurfaceFlinger:      DEVICE | 0xb4000072c8076c20 | 0100 | RGBA_8888    |    0.0    0.0 1080.0   75.0 |    0    0 1080   75 | StatusBar$_3068#86
03-09 11:13:12.847  1508  1508 D SurfaceFlinger:      DEVICE | 0xb4000072c8080490 | 0100 | RGBA_8888    |    0.0    0.0   67.0  342.0 | 1013  425 1080  767 | com.samsung.android.app.cocktailbars[...]vice.CocktailBarService$_10087#20098
03-09 11:13:12.847  1508  1508 D SurfaceFlinger:      DEVICE | 0xb4000072c8079800 | 0100 | RGBA_8888    |    0.0    0.0 1080.0  135.0 |    0 2181 1080 2316 | NavigationBar0$_3068#81
03-09 11:13:12.847  1508  1508 D SurfaceFlinger: 
03-09 11:13:12.847  1508  4020 D NativeSemDvfsManager: acquire:: timeout = 2000 mIsAcquired = 1  mTagName : SurfaceFlinger 
03-09 11:13:12.847  1508  1695 I SurfaceFlinger: id=20252 createSurf, flag=400, bbq-wrapper#20252
03-09 11:13:12.848  7059 17869 W NetworkScheduler: Error inserting flex_time=1610000 job_id=-1 period=3221000 source=16 requires_charging=0 preferred_network_type=1 target_class=com.google.android.gms.measurement.PackageMeasurementTaskService user_id=0 target_package=com.google.android.gms tag=Measurement.PackageMeasurementTaskService.UPLOAD_TASK_TAG task_type=0 required_idleness_state=0 service_kind=0 source_version=230714000 persistence_level=1 preferred_charging_state=1 required_network_type=0 runtime=1678340592844 retry_strategy={"maximum_backoff_seconds":{"3600":0},"initial_backoff_seconds":{"30":0},"retry_policy":{"0":0}} last_runtime=0 [CONTEXT service_id=218 ]
03-09 11:13:12.848  7059 17869 W NetworkScheduler: android.database.sqlite.SQLiteConstraintException: UNIQUE constraint failed: pending_ops.tag, pending_ops.target_class, pending_ops.target_package, pending_ops.user_id (code 2067 SQLITE_CONSTRAINT_UNIQUE[2067])
03-09 11:13:12.848  7059 17869 W NetworkScheduler: 	at android.database.sqlite.SQLiteConnection.nativeExecuteForLastInsertedRowId(Native Method)
03-09 11:13:12.848  7059 17869 W NetworkScheduler: 	at android.database.sqlite.SQLiteConnection.executeForLastInsertedRowId(SQLiteConnection.java:1275)
03-09 11:13:12.848  7059 17869 W NetworkScheduler: 	at android.database.sqlite.SQLiteSession.executeForLastInsertedRowId(SQLiteSession.java:790)
03-09 11:13:12.848  7059 17869 W NetworkScheduler: 	at android.database.sqlite.SQLiteStatement.executeInsert(SQLiteStatement.java:89)
03-09 11:13:12.848  7059 17869 W NetworkScheduler: 	at android.database.sqlite.SQLiteDatabase.insertWithOnConflict(SQLiteDatabase.java:2410)
03-09 11:13:12.848  7059 17869 W NetworkScheduler: 	at android.database.sqlite.SQLiteDatabase.insertOrThrow(SQLiteDatabase.java:2305)
03-09 11:13:12.848  7059 17869 W NetworkScheduler: 	at buem.f(:com.google.android.gms@230714044@23.07.14 (190400-512733570):53)
03-09 11:13:12.848  7059 17869 W NetworkScheduler: 	at budf.n(:com.google.android.gms@230714044@23.07.14 (190400-512733570):3)
03-09 11:13:12.848  7059 17869 W NetworkScheduler: 	at budf.u(:com.google.android.gms@230714044@23.07.14 (190400-512733570):20)
03-09 11:13:12.848  7059 17869 W NetworkScheduler: 	at budf.h(:com.google.android.gms@230714044@23.07.14 (190400-512733570):3)
03-09 11:13:12.848  7059 17869 W NetworkScheduler: 	at btyw.run(:com.google.android.gms@230714044@23.07.14 (190400-512733570):9)
03-09 11:13:12.848  7059 17869 W NetworkScheduler: 	at aarq.c(:com.google.android.gms@230714044@23.07.14 (190400-512733570):6)
03-09 11:13:12.848  7059 17869 W NetworkScheduler: 	at aarq.run(:com.google.android.gms@230714044@23.07.14 (190400-512733570):7)
03-09 11:13:12.848  7059 17869 W NetworkScheduler: 	at java.util.concurrent.ThreadPoolExecutor.runWorker(ThreadPoolExecutor.java:1137)
03-09 11:13:12.848  7059 17869 W NetworkScheduler: 	at java.util.concurrent.ThreadPoolExecutor$Worker.run(ThreadPoolExecutor.java:637)
03-09 11:13:12.848  7059 17869 W NetworkScheduler: 	at aawv.run(:com.google.android.gms@230714044@23.07.14 (190400-512733570):0)
03-09 11:13:12.848  7059 17869 W NetworkScheduler: 	at java.lang.Thread.run(Thread.java:1012)
03-09 11:13:12.850  1411  1464 I HYPER-HAL: [RequestManager.cpp]acquire(): Acquired ID : 3147286  [1508 / 1000]    HINT : SF_GPU_MINLOCK    list : [TIMEOUT / 2000] 
03-09 11:13:12.850  1508  4020 E NativeCustomFrequencyManager: [NativeCFMS] BpCustomFrequencyManager::acquire()
03-09 11:13:12.850  2241 22380 I BLASTBufferQueue: [bbq-adapter#684](f:0,a:0) onFrameAvailable the first frame is available
03-09 11:13:12.854  1508  1508 D SurfaceFlinger: GPIS:: requestGPIS
03-09 11:13:12.855 13123 13397 I Rubin   : [1109] q9.a.c(SourceFile:1) : Notify com.samsung.android.rubin.inferenceengine.contextanalytics.engine.loggers.d's database is updated.
03-09 11:13:12.857  2241  2404 D SGM:GameManager: identifyGamePackage. com.QolorQuestGames.SynthRider, mCurrentUserId: 0, callerUserId: 0, callingMethodInfo: com.samsung.android.game.SemGameManager.isGamePackage(SemGameManager.java:104)
03-09 11:13:12.857  2241  2404 D SGM:PkgDataHelper: getGamePkgData(). com.QolorQuestGames.SynthRider
03-09 11:13:12.857  2241  2404 D SGM:SemGameManager: isGamePackage(), pkgName=com.QolorQuestGames.SynthRider, ret=false
03-09 11:13:12.858  2241  6447 I GenerationRegistry: mBackingStore.isClosed() : false
03-09 11:13:12.862  2241  2404 D SGM:GameManager: identifyGamePackage. com.QolorQuestGames.SynthRider, mCurrentUserId: 0, callerUserId: 0, callingMethodInfo: com.android.server.ssrm.SortingMachine.isGame(SortingMachine.java:162)
03-09 11:13:12.862  2241  2404 D SGM:PkgDataHelper: getGamePkgData(). com.QolorQuestGames.SynthRider
03-09 11:13:12.862  2241  4085 I MediaSessionMonitor: Media session stopped : not playing state
03-09 11:13:12.864 18268 18268 I DecorView: [INFO] isPopOver=false config=true
03-09 11:13:12.864 18268 18268 I DecorView: updateCaptionType: isFloating=false isApplication=true hasWindowDecorCaption=false this=DecorView@38617ad[]
03-09 11:13:12.864 18268 18268 D DecorView: setCaptionType = 0, this = DecorView@38617ad[]
03-09 11:13:12.864  1508  1508 D SurfaceFlinger: Display 4630947232161729154 HWC layers:
03-09 11:13:12.864  1508  1508 D SurfaceFlinger:      CLIENT | 0xb4000072c8082a40 | 0102 | RGBA_8888    |    0.0    0.0    0.0    0.0 |    0 2313 1080 2316 | bbq-wrapper#20249
03-09 11:13:12.864  1508  1508 D SurfaceFlinger:      CLIENT | 0xb4000072c8072f60 | 0102 | RGBA_8888    |    0.0    3.0 1080.0 2316.0 |    0    0 1080 2313 | com.jiotesseract.mr.jxr/com.jiotesse[...]her.myapps.HomeActivity$_17595#20230
03-09 11:13:12.864  1508  1508 D SurfaceFlinger:      CLIENT | 0xb4000072c806d290 | 0102 | RGBA_8888    |    0.0    0.0 1080.0    1.0 |    0    0 1080  412 | bbq-wrapper#20252
03-09 11:13:12.864  1508  1508 D SurfaceFlinger:      DEVICE | 0xb4000072c8078cc0 | 0100 | RGBA_8888    |    0.0    0.0 1904.0 1080.0 |    0  412 1080 2316 | Splash Screen com.QolorQuestGames.SynthRider$_3068#20241
03-09 11:13:12.864  1508  1508 D SurfaceFlinger:      DEVICE | 0xb4000072c8076c20 | 0100 | RGBA_8888    |    0.0    0.0 1080.0   75.0 |    0    0 1080   75 | StatusBar$_3068#86
03-09 11:13:12.864  1508  1508 D SurfaceFlinger:      DEVICE | 0xb4000072c8080490 | 0100 | RGBA_8888    |    0.0    0.0   67.0  342.0 | 1013  425 1080  767 | com.samsung.android.app.cocktailbars[...]vice.CocktailBarService$_10087#20098
03-09 11:13:12.864  1508  1508 D SurfaceFlinger:      DEVICE | 0xb4000072c8079800 | 0100 | RGBA_8888    |    0
03-09 11:13:12.864  1508  1508 D SurfaceFlinger: .0    0.0 1080.0  135.0 |    0 2181 1080 2316 | NavigationBar0$_3068#81
03-09 11:13:12.864  1508  1508 D SurfaceFlinger: 
03-09 11:13:12.865 18268 18268 I DecorView: getCurrentDensityDpi: from real metrics. densityDpi=450 msg=resources_loaded
03-09 11:13:12.865 18268 18268 I DecorView: setWindowBackground: isPopOver=false color=ff000000 d=android.graphics.drawable.ColorDrawable@593de73
03-09 11:13:12.868  2241  2404 I GameSDK@LifeCycle: noteResumeComponent(): package name  : com.QolorQuestGames.SynthRider
03-09 11:13:12.871  1508  1508 D SurfaceFlinger: Display 4630947232161729154 HWC layers:
03-09 11:13:12.871  1508  1508 D SurfaceFlinger:      CLIENT | 0xb4000072c8082a40 | 0102 | RGBA_8888    |    0.0    0.0    0.0    0.0 |    0 2309 1080 2316 | bbq-wrapper#20249
03-09 11:13:12.871  1508  1508 D SurfaceFlinger:      CLIENT | 0xb4000072c8072f60 | 0102 | RGBA_8888    |    0.0    7.0 1080.0 2316.0 |    0    0 1080 2309 | com.jiotesseract.mr.jxr/com.jiotesse[...]her.myapps.HomeActivity$_17595#20230
03-09 11:13:12.871  1508  1508 D SurfaceFlinger:      CLIENT | 0xb4000072c806d290 | 0102 | RGBA_8888    |    0.0    0.0 1080.0    1.0 |    0    0 1080  389 | bbq-wrapper#20252
03-09 11:13:12.871  1508  1508 D SurfaceFlinger:  SOLID_COLOR |              | 0000 |  Unknown  |    0.0    0.0    0.0    0.0 |    0    0 1080 2316 | DimAnimationLayer for Task=945#20243
03-09 11:13:12.871  1508  1508 D SurfaceFlinger:      DEVICE | 0xb4000072c8078cc0 | 0100 | RGBA_8888    |    0.0    0.0 1927.0 1080.0 |    0  389 1080 2316 | Splash Screen com.QolorQuestGames.SynthRider$_3068#20241
03-09 11:13:12.871  1508  1508 D SurfaceFlinger:      DEVICE | 0xb4000072c8076c20 | 0100 | RGBA_8888    |    0.0    0.0 1080.0   75.0 |    0    0 1080   75 | StatusBar$_3068#86
03-09 11:13:12.871  1508  1508 D SurfaceFlinger:      DEVICE | 0xb4000072c8080490 | 0100 | RGBA_8888    |    0.0    0.0   67.0  342.0 | 1013  425 1080  767 | c
03-09 11:13:12.871  1508  1508 D SurfaceFlinger: om.samsung.android.app.cocktailbars[...]vice.CocktailBarService$_10087#20098
03-09 11:13:12.871  1508  1508 D SurfaceFlinger:      DEVICE | 0xb4000072c8079800 | 0100 | RGBA_8888    |    0.0    0.0 1080.0  135.0 |    0 2181 1080 2316 | NavigationBar0$_3068#81
03-09 11:13:12.871  1508  1508 D SurfaceFlinger: 
03-09 11:13:12.873  3556 32016 I RecentModel: onTaskStackChangedBackground
03-09 11:13:12.874 21454 21454 I SemPersonaManager: SecureFolder personaId = 10
03-09 11:13:12.875  3068  3068 D KeyguardUpdateMonitor: updateBiometricListeningState()
03-09 11:13:12.877  3068  3068 D KeyguardFingerprint: updateFingerprintListeningState#mFingerprintRunningState=0 shouldListenForFingerprint=false isUdfpsEnrolled=false bioType : 256
03-09 11:13:12.877  3068  3068 D KeyguardFace: shouldListenForFace ( isFaceDefaultCondition = false , mKeyguardIsVisible = false , mDeviceInteractive = true , mBouncerFullyShown = false , mSwitchingUser = false , mIsDreamingForBiometrics = false , mGoingToSleep = false , mKeyguardGoingAway = true , mKeyguardUnlocking = false , mIsEarlyWakeUp = false , mIsScreenSaverRunning = false , mSystemReady = true , getUserUnlockedWithBiometric = false , mKeyguardShowing = false , mHasFocus = false)
03-09 11:13:12.877  3068  3068 D KeyguardFace: shouldListenForFace ( return false, Face is not default condition)
03-09 11:13:12.877  3068  3068 D KeyguardFace: Can't stop stopListeningForFace(), mFaceRunningState = 0
03-09 11:13:12.877  5755  5407 I [AirCmd]_ActivitySwitchDetector: onTaskStackChanged : componentName - ComponentInfo{com.QolorQuestGames.SynthRider/com.jiotesseract.mr.sdk.JmrUnityActivity}
03-09 11:13:12.877  5755  5407 I [AirCmd]_ActivitySwitchDetector: onTaskStackChanged : mTopMostActivity - ComponentInfo{com.QolorQuestGames.SynthRider/com.jiotesseract.mr.sdk.JmrUnityActivity}
03-09 11:13:12.878 18268 18268 I IL2CPP  : JNI_OnLoad
03-09 11:13:12.879  5989  6785 I SemDvfsHyPerManager: acquire hyper - BaseTABoost/5989@20, type = 1090523139
03-09 11:13:12.880  1411  1464 I HYPER-HAL: [RequestManager.cpp]acquire(): Acquired ID : 18057065  [5989 / 20]    HINT :      list : [TABoost / 1] 
03-09 11:13:12.881 18268 18268 D JMRVersion:  
03-09 11:13:12.881 18268 18268 D JMRVersion: ####### JMR #######
03-09 11:13:12.881 18268 18268 D JMRVersion: Name: JMR Common API SDK - Version: v4.32.0
03-09 11:13:12.881 18268 18268 D JMRVersion: API Level: 19
03-09 11:13:12.881 18268 18268 D JMRVersion: MIN API Level: 1
03-09 11:13:12.898  2241  2401 I GestureDetector: handleMessage TAP
03-09 11:13:12.899  2241  2241 I GestureDetector: handleMessage TAP
03-09 11:13:12.900 18268 18268 D JMRVersion:  
03-09 11:13:12.900 18268 18268 D JMRVersion: ####### JMR #######
03-09 11:13:12.900 18268 18268 D JMRVersion: Name: JMR SDK - Version: v4.32.0
03-09 11:13:12.900 18268 18268 D JMRVersion: API Level: 31
03-09 11:13:12.900 18268 18268 D JMRVersion: MIN API Level: 8
03-09 11:13:12.906 18268 18268 I MSHandlerLifeCycle: check: return. pkg=com.QolorQuestGames.SynthRider parent=null callers=com.android.internal.policy.DecorView.setVisibility:4411 android.app.ActivityThread.handleResumeActivity:5476 android.app.servertransaction.ResumeActivityItem.execute:54 android.app.servertransaction.ActivityTransactionItem.execute:45 android.app.servertransaction.TransactionExecutor.executeLifecycleState:176 
03-09 11:13:12.906 18268 18268 I MSHandlerLifeCycle: removeMultiSplitHandler: no exist. decor=DecorView@38617ad[]
03-09 11:13:12.909 18268 18268 I DecorView: onImmersiveModeChanged: isStatusBarHidden=true
03-09 11:13:12.909 18268 18268 I DecorView: notifyKeepScreenOnChanged: keepScreenOn=false
03-09 11:13:12.909 18268 18268 D InsetsSourceConsumer: setRequestedVisible: visible=false, type=23, host=com.QolorQuestGames.SynthRider/com.jiotesseract.mr.sdk.JmrUnityActivity, from=android.view.InsetsSourceConsumer.hide:257 android.view.InsetsController.collectSourceControls:1310 android.view.InsetsController.controlAnimationUnchecked:1164 android.view.InsetsController.applyAnimation:1576 android.view.InsetsController.applyAnimation:1557 android.view.InsetsController.hide:1093 android.view.InsetsController.hide:1068 android.view.ViewRootImpl.controlInsetsForCompatibility:3339 android.view.ViewRootImpl.setView:1698 android.view.WindowManagerGlobal.addView:567 
03-09 11:13:12.909 18268 18268 D InsetsSourceConsumer: setRequestedVisible: visible=false, type=22, host=com.QolorQuestGames.SynthRider/com.jiotesseract.mr.sdk.JmrUnityActivity, from=android.view.InsetsSourceConsumer.hide:257 android.view.InsetsController.collectSourceControls:1310 android.view.InsetsController.controlAnimationUnchecked:1164 android.view.InsetsController.applyAnimation:1576 android.view.InsetsController.applyAnimation:1557 android.view.InsetsController.hide:1093 android.view.InsetsController.hide:1068 android.view.ViewRootImpl.controlInsetsForCompatibility:3339 android.view.ViewRootImpl.setView:1698 android.view.WindowManagerGlobal.addView:567 
03-09 11:13:12.909 18268 18268 D InsetsSourceConsumer: setRequestedVisible: visible=false, type=21, host=com.QolorQuestGames.SynthRider/com.jiotesseract.mr.sdk.JmrUnityActivity, from=android.view.InsetsSourceConsumer.hide:257 android.view.InsetsController.collectSourceControls:1310 android.view.InsetsController.controlAnimationUnchecked:1164 android.view.InsetsController.applyAnimation:1576 android.view.InsetsController.applyAnimation:1557 android.view.InsetsController.hide:1093 android.view.InsetsController.hide:1068 android.view.ViewRootImpl.controlInsetsForCompatibility:3339 android.view.ViewRootImpl.setView:1698 android.view.WindowManagerGlobal.addView:567 
03-09 11:13:12.909 18268 18268 D InsetsSourceConsumer: setRequestedVisible: visible=false, type=20, host=com.QolorQuestGames.SynthRider/com.jiotesseract.mr.sdk.JmrUnityActivity, from=android.view.InsetsSourceConsumer.hide:257 android.view.InsetsController.collectSourceControls:1310 android.view.InsetsController.controlAnimationUnchecked:1164 android.view.InsetsController.applyAnimation:1576 android.view.InsetsController.applyAnimation:1557 android.view.InsetsController.hide:1093 android.view.InsetsController.hide:1068 android.view.ViewRootImpl.controlInsetsForCompatibility:3339 android.view.ViewRootImpl.setView:1698 android.view.WindowManagerGlobal.addView:567 
03-09 11:13:12.909 18268 18268 D InsetsSourceConsumer: setRequestedVisible: visible=false, type=1, host=com.QolorQuestGames.SynthRider/com.jiotesseract.mr.sdk.JmrUnityActivity, from=android.view.InsetsSourceConsumer.hide:257 android.view.InsetsController.collectSourceControls:1310 android.view.InsetsController.controlAnimationUnchecked:1164 android.view.InsetsController.applyAnimation:1576 android.view.InsetsController.applyAnimation:1557 android.view.InsetsController.hide:1093 android.view.InsetsController.hide:1068 android.view.ViewRootImpl.controlInsetsForCompatibility:3339 android.view.ViewRootImpl.setView:1698 android.view.WindowManagerGlobal.addView:567 
03-09 11:13:12.909 18268 18268 D InsetsSourceConsumer: setRequestedVisible: visible=false, type=0, host=com.QolorQuestGames.SynthRider/com.jiotesseract.mr.sdk.JmrUnityActivity, from=android.view.InsetsSourceConsumer.hide:257 android.view.InsetsController.collectSourceControls:1310 android.view.InsetsController.controlAnimationUnchecked:1164 android.view.InsetsController.applyAnimation:1576 android.view.InsetsController.applyAnimation:1557 android.view.InsetsController.hide:1093 android.view.InsetsController.hide:1068 android.view.ViewRootImpl.controlInsetsForCompatibility:3339 android.view.ViewRootImpl.setView:1698 android.view.WindowManagerGlobal.addView:567 
03-09 11:13:12.910  2241  6447 W WindowManager: Failed looking up window session=Session{2da520d 18268:u0a10132} callers=com.android.server.wm.WindowManagerService.windowForClientLocked:6611 com.android.server.wm.Session.updateRequestedVisibilities:744 android.view.IWindowSession$Stub.onTransact:1184 
03-09 11:13:12.910  2241  3038 D InputTransport: Input channel constructed: 'afd8fd3', fd=1123
03-09 11:13:12.910  2241  3038 D InputTransport: Input channel constructed: 'afd8fd3', fd=1129
03-09 11:13:12.911  2241  3038 D InputTransport: Input channel constructed: 'afd8fd3', fd=1138
03-09 11:13:12.913  1508  1695 I SurfaceFlinger: id=20253 createSurf, flag=80004, afd8fd3 com.QolorQuestGames.SynthRider/com.jiotesseract.mr.sdk.JmrUnityActivity#20253
03-09 11:13:12.913  2241  5946 D WALLPAPER_SVC:WallpaperManagerService: getWallpaperSafeLocked, userId = 0, which = 1, caller = com.android.server.wallpaper.WallpaperManagerService.semGetWallpaperType:6803 
03-09 11:13:12.913  2241  5946 D WallpaperManagerService: which : 1, return type : 0 (called by userId= 0)
03-09 11:13:12.914  3068  3364 I ImageWallpaperRenderer: updateWallpaperOffset 0 lastCropOffset 0 , wp Type 0 , rotation 1 , allowed true Do not change Display offset 0
03-09 11:13:12.915  2241  3038 D RestrictionPolicy: isScreenCaptureEnabled : ret=true userId=0
03-09 11:13:12.915  2241  3038 D InputTransport: Input channel destroyed: 'afd8fd3', fd=1138
03-09 11:13:12.916 18268 18268 D InsetsController: onStateChanged: InsetsState: {mDisplayFrame=Rect(0, 0 - 2316, 1080), mDisplayCutout=DisplayCutout{insets=Rect(75, 0 - 0, 0) waterfall=Insets{left=0, top=0, right=0, bottom=0} boundingRect={Bounds=[Rect(0, 332 - 75, 388), Rect(0, 0 - 0, 0), Rect(0, 0 - 0, 0), Rect(0, 0 - 0, 0)]} cutoutPathParserInfo={CutoutPathParserInfo{displayWidth=1080 displayHeight=2316 physicalDisplayWidth=1440 physicalDisplayHeight=3088 density={2.8125} cutoutSpec={M 0,0 H -10 V 26.66666666666667 H 10 V 0 H 0 Z @dp} rotation={1} scale={1.0} physicalPixelDisplaySizeRatio={1.0}}}}, mRoundedCorners=RoundedCorners{[RoundedCorner{position=TopLeft, radius=8, center=Point(8, 8)}, RoundedCorner{position=TopRight, radius=8, center=Point(2308, 8)}, RoundedCorner{position=BottomRight, radius=8, center=Point(2308, 1072)}, RoundedCorner{position=BottomLeft, radius=8, center=Point(8, 1072)}]}  mRoundedCornerFrame=Rect(0, 0 - 1080, 2316), mPrivacyIndicatorBounds=PrivacyIndicatorBounds {static bounds=Rect(2192, 0 - 2316, 68) rotation=1}, mSources= { InsetsSource: {mType=ITYPE_STATUS_BAR, mFrame=[0,0][2316,68], mVisible=true, mInsetsRoundedCornerFrame=false}, InsetsSource: {mType=ITYPE_NAVIGATION_BAR, mFrame=[2181,0][2316,1080], mVisible=true, mInsetsRoundedCornerFrame=false}, InsetsSource: {mType=ITYPE_LEFT_GESTURES, mFrame=[0,0][75,1080], mVisible=true, mInsetsRoundedCornerFrame=false}, InsetsSource: {mType=ITYPE_RIGHT_GESTURES, mFrame=[2316,0][2316,1080], mVisible=true, mInsetsRoundedCornerFrame=false}, InsetsSource: {mType=ITYPE_TOP_MANDATORY_GESTURES, mFrame=[0,0][2316,68], mVisible=true, mInsetsRoundedCornerFrame=false}, InsetsSource: {mType=ITYPE_BOTTOM_MANDATORY_GESTURES, mFrame=[2181,0][2316,1080], mVisible=true, mInsetsRoundedCornerFrame=false}, InsetsSource: {mType=ITYPE_LEFT_DISPLAY_CUTOUT, mFrame=[0,0][75,1080], mVisible=true, mInsetsRoundedCornerFrame=false}, InsetsSource: {mType=ITYPE_TOP_DISPLAY_CUTOUT, mFrame=[0,0][2316,-100000], mVisible=true, mInsetsRoundedCornerFrame=false}, InsetsSource: {mType=ITYPE_RIGHT_DISPLAY_CUTOUT, mFrame=[100000,0][2316,1080], mVisible=true, mInsetsRoundedCornerFrame=false}, InsetsSource: {mType=ITYPE_BOTTOM_DISPLAY_CUTOUT, mFrame=[0,100000][2316,1080], mVisible=true, mInsetsRoundedCornerFrame=false}, InsetsSource: {mType=ITYPE_TOP_TAPPABLE_ELEMENT, mFrame=[0,0][2316,68], mVisible=true, mInsetsRoundedCornerFrame=false}, InsetsSource: {mType=ITYPE_BOTTOM_TAPPABLE_ELEMENT, mFrame=[2181,0][2316,1080], mVisible=true, mInsetsRoundedCornerFrame=false} } host=com.QolorQuestGames.SynthRider/com.jiotesseract.mr.sdk.JmrUnityActivity from=android.view.ViewRootImpl.setView:1732
03-09 11:13:12.917  2241  6447 D CoreBackPreview: Window{afd8fd3 u0 com.QolorQuestGames.SynthRider/com.jiotesseract.mr.sdk.JmrUnityActivity}: Setting back callback OnBackInvokedCallbackInfo{mCallback=android.window.IOnBackInvokedCallback$Stub$Proxy@7e70209, mPriority=0}
03-09 11:13:12.917 18268 18268 I ViewRootImpl@1f1eef4[JmrUnityActivity]: setView = com.android.internal.policy.DecorView@38617ad TM=true
03-09 11:13:12.919 18268 18268 I MSHandlerLifeCycle: check: return. Multi-window not supported pkg=com.QolorQuestGames.SynthRider
03-09 11:13:12.919 18268 18268 I MSHandlerLifeCycle: removeMultiSplitHandler: no exist. decor=DecorView@38617ad[JmrUnityActivity]
03-09 11:13:12.919 18268 18268 I IDS_TAG : Clearing training data of android.app.Application@73ba2db
03-09 11:13:12.921 18268 18268 D IDS_TAG : Starting IDS observe window
03-09 11:13:12.921 18268 18268 D IDS_TAG : Getting Shared Preference for android.app.Application@73ba2db uid = 10132
03-09 11:13:12.922 18268 18268 D IDS_TAG : App android.app.Application@73ba2db has not finished training
03-09 11:13:12.922  2241  2468 D AnalyticsContainerHandler: handleMessage : { when=0 what=1 target=com.android.server.knox.KnoxAnalyticsContainer$AnalyticsHandler }
03-09 11:13:12.924  1284  1284 E audit   : type=1400 audit(1678340592.924:141737): avc:  denied  { read } for  pid=17595 comm="binder:17595_2" name="u:object_r:perf_prop:s0" dev="tmpfs" ino=335 scontext=u:r:untrusted_app_30:s0:c224,c257,c512,c768 tcontext=u:object_r:perf_prop:s0 tclass=file permissive=0 SEPF_SM-S908E_12_0001 audit_filtered
03-09 11:13:12.925 17595 17613 W libc    : Access denied finding property "sys.perf.boostopt"
03-09 11:13:12.925  2241  2327 W System  : A resource failed to call HardwareBuffer.close. 
03-09 11:13:12.928  2241  2327 W System  : A resource failed to call release. 
03-09 11:13:12.928  2241  2327 W System  : A resource failed to call close. 
03-09 11:13:12.928  2241  2327 W System  : A resource failed to call close. 
03-09 11:13:12.928  2241  2327 W System  : A resource failed to call HardwareBuffer.close. 
03-09 11:13:12.928 18268 18268 W >>>>JIOGLASS>>>>>>: Callback com.jiotesseract.mr.sdk.display.DisplayAPI$1@8fb9242 is registered
03-09 11:13:12.928 18268 18268 W >>>>JIOGLASS>>>>>>: Callback com.jiotesseract.mr.sdk.display.DisplayAPI$1@8fb9242 is registered
03-09 11:13:12.929  2241  2327 W System  : A resource failed to call HardwareBuffer.close. 
03-09 11:13:12.929  2241  2327 W System  : A resource failed to call HardwareBuffer.close. 
03-09 11:13:12.931 18268 18268 W >>>>JIOGLASS>>>>>>: Callback com.jiotesseract.mr.sdk.device.DeviceAPI$6@634908e is registered
03-09 11:13:12.931 18268 18268 W >>>>JIOGLASS>>>>>>: Callback com.jiotesseract.mr.sdk.device.DeviceAPI$6@634908e is registered
03-09 11:13:12.931 18268 18268 D IDS_TAG : Closing IDS observe window
03-09 11:13:12.931 18268 18268 D IDS_TAG : Getting Shared Preference for android.app.Application@73ba2db uid = 10132
03-09 11:13:12.932 18268 18268 D IDS_TAG : IDS count updated to 1 for android.app.Application@73ba2db
03-09 11:13:12.933 18268 18268 I SurfaceView@143eecf: onWindowVisibilityChanged(0) true android.view.SurfaceView{143eecf VFE...... .F....I. 0,0-0,0 #7f0700b4 app:id/unitySurfaceView} of ViewRootImpl@1f1eef4[JmrUnityActivity]
03-09 11:13:12.933 18268 18268 D SurfaceView@143eecf: updateSurface: has no frame
03-09 11:13:12.934 18268 18268 I ViewRootImpl@1f1eef4[JmrUnityActivity]: performTraversals params={(0,0)(fillxfill) sim={adjust=pan forwardNavigation} layoutInDisplayCutoutMode=shortEdges ty=BASE_APPLICATION wanim=0x1030309
03-09 11:13:12.934 18268 18268 I ViewRootImpl@1f1eef4[JmrUnityActivity]:   fl=80810500
03-09 11:13:12.934 18268 18268 I ViewRootImpl@1f1eef4[JmrUnityActivity]:   pfl=12020040
03-09 11:13:12.934 18268 18268 I ViewRootImpl@1f1eef4[JmrUnityActivity]:   vsysui=7
03-09 11:13:12.934 18268 18268 I ViewRootImpl@1f1eef4[JmrUnityActivity]:   apr=LOW_PROFILE_BARS
03-09 11:13:12.934 18268 18268 I ViewRootImpl@1f1eef4[JmrUnityActivity]:   bhv=SHOW_TRANSIENT_BARS_BY_SWIPE
03-09 11:13:12.934 18268 18268 I ViewRootImpl@1f1eef4[JmrUnityActivity]:   fitSides= naviIconColor=0}
03-09 11:13:12.934 18268 18268 I ViewRootImpl@1f1eef4[JmrUnityActivity]: performTraversals mFirst=true windowShouldResize=true viewVisibilityChanged=false mForceNextWindowRelayout=false params={(0,0)(fillxfill) sim={adjust=pan forwardNavigation} layoutInDisplayCutoutMode=shortEdges ty=BASE_APPLICATION fmt=TRANSLUCENT wanim=0x1030309
03-09 11:13:12.934 18268 18268 I ViewRootImpl@1f1eef4[JmrUnityActivity]:   fl=80810500
03-09 11:13:12.934 18268 18268 I ViewRootImpl@1f1eef4[JmrUnityActivity]:   pfl=12020040
03-09 11:13:12.934 18268 18268 I ViewRootImpl@1f1eef4[JmrUnityActivity]:   vsysui=7
03-09 11:13:12.934 18268 18268 I ViewRootImpl@1f1eef4[JmrUnityActivity]:   apr=LOW_PROFILE_BARS
03-09 11:13:12.934 18268 18268 I ViewRootImpl@1f1eef4[JmrUnityActivity]:   bhv=SHOW_TRANSIENT_BARS_BY_SWIPE
03-09 11:13:12.934 18268 18268 I ViewRootImpl@1f1eef4[JmrUnityActivity]:   fitSides= naviIconColor=0}
03-09 11:13:12.934  2241  3038 V WindowManager: Relayout Window{afd8fd3 u0 com.QolorQuestGames.SynthRider/com.jiotesseract.mr.sdk.JmrUnityActivity}: viewVisibility=0 req=2316x1080 d0
03-09 11:13:12.935  2241  3038 D RestrictionPolicy: isScreenCaptureEnabled : ret=true userId=0
03-09 11:13:12.936  1508  1694 I SurfaceFlinger: id=20254 createSurf, flag=40004, com.QolorQuestGames.SynthRider/com.jiotesseract.mr.sdk.JmrUnityActivity$_18268#20254
03-09 11:13:12.937  2241  3038 D WindowManager: makeSurface duration=3 name=com.QolorQuestGames.SynthRider/com.jiotesseract.mr.sdk.JmrUnityActivity$_18268
03-09 11:13:12.939  2241  3038 V WindowManager: Changing focus from null to Window{afd8fd3 u0 com.QolorQuestGames.SynthRider/com.jiotesseract.mr.sdk.JmrUnityActivity} displayId=0 Callers=com.android.server.wm.RootWindowContainer.updateFocusedWindowLocked:595 com.android.server.wm.WindowManagerService.updateFocusedWindowLocked:6803 com.android.server.wm.WindowManagerService.relayoutWindow:2813 com.android.server.wm.Session.relayout:274 
03-09 11:13:12.939  2241  3038 D MARsPolicyManager: onPackageResumedFG pkgName = com.QolorQuestGames.SynthRider, userId = 0
03-09 11:13:12.939  2241  3038 D WindowManager: updateSystemBarAttributes: displayId=0, win=Window{afd8fd3 u0 com.QolorQuestGames.SynthRider/com.jiotesseract.mr.sdk.JmrUnityActivity}, navColorWin=Window{887c4a7 u0 Splash Screen com.QolorQuestGames.SynthRider}, focusedCanBeNavColorWin=false, behavior=2, appearance=4, statusBarAppearanceRegions=[AppearanceRegion{ bounds=[0,0][2316,1080]}], requestedVisibilities=ITYPE_STATUS_BAR: invisible, ITYPE_NAVIGATION_BAR: invisible, ITYPE_CLIMATE_BAR: invisible, ITYPE_EXTRA_NAVIGATION_BAR: invisible, ITYPE_LOCAL_NAVIGATION_BAR_1: invisible, ITYPE_LOCAL_NAVIGATION_BAR_2: invisible, from=com.android.server.wm.DisplayPolicy.focusChangedLw:3245 com.android.server.wm.DisplayContent.updateFocusedWindowLocked:4618 com.android.server.wm.RootWindowContainer.updateFocusedWindowLocked:595 
03-09 11:13:12.939  2241  3038 D StatusBarManagerService: notifyRequestedSystemKey recent=false home=false
03-09 11:13:12.939  3068  3068 D KeyguardSecAffordanceView: reset right:false
03-09 11:13:12.940  2241  3038 V WindowManager: Relayout hash=afd8fd3, pid=18268, syncId=-1: mAttrs={(0,0)(fillxfill) sim={adjust=pan forwardNavigation} layoutInDisplayCutoutMode=shortEdges ty=BASE_APPLICATION fmt=TRANSLUCENT wanim=0x1030309
03-09 11:13:12.940  2241  3038 V WindowManager:   fl=80810500
03-09 11:13:12.940  2241  3038 V WindowManager:   pfl=12020040
03-09 11:13:12.940  2241  3038 V WindowManager:   vsysui=7
03-09 11:13:12.940  2241  3038 V WindowManager:   apr=LOW_PROFILE_BARS
03-09 11:13:12.940  2241  3038 V WindowManager:   bhv=SHOW_TRANSIENT_BARS_BY_SWIPE
03-09 11:13:12.940  2241  3038 V WindowManager:   fitSides= naviIconColor=0}
03-09 11:13:12.940  3068  3068 D KeyguardSecAffordanceView: reset right:true
03-09 11:13:12.940 18268 18268 I ViewRootImpl@1f1eef4[JmrUnityActivity]: updateBlastSurfaceIfNeeded mBlastBufferQueue=null isSameSurfaceControl=false
03-09 11:13:12.940  2241 18307 I SystemUiVisibilityPolicyController: handleMessage: entry what = 1
03-09 11:13:12.940  3068  3068 V SecQsTransitionAnimator: restorePanelView
03-09 11:13:12.940 18268 18268 E BufferQueueProducer: Unable to open libpenguin.so: dlopen failed: library "libpenguin.so" not found.
03-09 11:13:12.941  3068  3068 D MultiSIMPreferredSlotBar: setExpanded : false mShowing : false
03-09 11:13:12.941  3068  3068 D MultiSIMController: unRegisterSimCardManagerCallback : mSimCardManagerService is null 
03-09 11:13:12.941 18268 18268 I BLASTBufferQueue: new BLASTBufferQueue, mName= ViewRootImpl@1f1eef4[JmrUnityActivity] mNativeObject= 0x700aa509d0 sc.mNativeObject= 0x6f9aa91220 caller= android.view.ViewRootImpl.updateBlastSurfaceIfNeeded:2909 android.view.ViewRootImpl.relayoutWindow:9847 android.view.ViewRootImpl.performTraversals:3884 android.view.ViewRootImpl.doTraversal:3116 android.view.ViewRootImpl$TraversalRunnable.run:10885 android.view.Choreographer$CallbackRecord.run:1301 android.view.Choreographer$CallbackRecord.run:1309 android.view.Choreographer.doCallbacks:923 android.view.Choreographer.doFrame:852 android.view.Choreographer$FrameDisplayEventReceiver.run:1283 
03-09 11:13:12.941 18268 18268 I BLASTBufferQueue: update, w= 2316 h= 1080 mName = ViewRootImpl@1f1eef4[JmrUnityActivity] mNativeObject= 0x700aa509d0 sc.mNativeObject= 0x6f9aa91220 format= -3 caller= android.graphics.BLASTBufferQueue.<init>:84 android.view.ViewRootImpl.updateBlastSurfaceIfNeeded:2909 android.view.ViewRootImpl.relayoutWindow:9847 android.view.ViewRootImpl.performTraversals:3884 android.view.ViewRootImpl.doTraversal:3116 android.view.ViewRootImpl$TraversalRunnable.run:10885 
03-09 11:13:12.941  3068  3068 V SecQsTransitionAnimator: restorePanelView
03-09 11:13:12.941  3068  3068 D MultiSIMPreferredSlotBar: setExpanded : false mShowing : false
03-09 11:13:12.941  3068  3068 D MultiSIMController: unRegisterSimCardManagerCallback : mSimCardManagerService is null 
03-09 11:13:12.941 18268 18268 I ViewRootImpl@1f1eef4[JmrUnityActivity]: Relayout returned: old=(0,0,2316,1080) new=(0,0,2316,1080) req=(2316,1080)0 dur=6 res=0x3 s={true 0x709aa5ff00} ch=true seqId=0
03-09 11:13:12.941  3068  3068 D MultiSIMPreferredSlotBar: setExpanded : false mShowing : false
03-09 11:13:12.941  3068  3068 D MultiSIMController: unRegisterSimCardManagerCallback : mSimCardManagerService is null 
03-09 11:13:12.941 18268 18268 D SurfaceView@143eecf: updateSurface: has no frame
03-09 11:13:12.941  3068  3068 D KeyguardTouchAnimator: reset unlockExecuted=false
03-09 11:13:12.941 10087 10087 I TrayStateController: systemUiVisibilityChanged : 3 0
03-09 11:13:12.941  3068  3068 D KeyguardEditModeAnimatorController: reset false
03-09 11:13:12.941 18268 18268 I SurfaceView@143eecf: windowStopped(false) true android.view.SurfaceView{143eecf VFE...... .F....ID 0,0-2106,1080 #7f0700b4 app:id/unitySurfaceView} of ViewRootImpl@1f1eef4[JmrUnityActivity]
03-09 11:13:12.941 18268 18268 D SurfaceView@143eecf: updateSurface: has no frame
03-09 11:13:12.941  3068  3068 D KeyguardEditModeAnimatorController: long pressed false
03-09 11:13:12.941  3068  3068 D KeyguardEditModeAnimatorController: resetViews
03-09 11:13:12.941  3068  3068 D KeyguardEditModeController: cancel() true
03-09 11:13:12.942  3068  3068 D KeyguardTouchAnimator: resetChildViewVI(): false
03-09 11:13:12.942 18268 18268 I ViewRootImpl@1f1eef4[JmrUnityActivity]: reportNextDraw android.view.ViewRootImpl.performTraversals:4438 android.view.ViewRootImpl.doTraversal:3116 android.view.ViewRootImpl$TraversalRunnable.run:10885 android.view.Choreographer$CallbackRecord.run:1301 android.view.Choreographer$CallbackRecord.run:1309 
03-09 11:13:12.942 18268 18268 I SurfaceView@143eecf: Changes: creating=true format=true size=true visible=true alpha=false hint=true mUseAlpha=false visible=true left=true top=true
03-09 11:13:12.942  3068  3068 D KeyguardTouchDymLockInjector: resetDynamicLock mIsDynamicLockEnabled: false
03-09 11:13:12.942  1508  1694 I SurfaceFlinger: id=20255 createSurf, flag=20004, Bounds for - com.QolorQuestGames.SynthRider/com.jiotesseract.mr.sdk.JmrUnityActivity@0#20255
03-09 11:13:12.942  1508  1694 I SurfaceFlinger: id=20256 createSurf, flag=80004, SurfaceView[com.QolorQuestGames.SynthRider/com.jiotesseract.mr.sdk.JmrUnityActivity]@0#20256
03-09 11:13:12.942  1508  1694 I SurfaceFlinger: id=20257 createSurf, flag=40400, SurfaceView[com.QolorQuestGames.SynthRider/com.jiotesseract.mr.sdk.JmrUnityActivity]@0(BLAST)#20257
03-09 11:13:12.942  1508  1694 I SurfaceFlinger: id=20258 createSurf, flag=20404, Background for SurfaceView[com.QolorQuestGames.SynthRider/com.jiotesseract.mr.sdk.JmrUnityActivity]@0#20258
03-09 11:13:12.942 10087 10087 E ActivityThread: Failed to find provider info for com.samsung.systemui.navillera.navilleraprovider
03-09 11:13:12.943  3556 32016 I TouchInteractionService: onSystemUiStateChanged, stateFlags : 131074 |navbar_hidden|allow_gesture|
03-09 11:13:12.943  3556  3556 I RecentsAnimationDeviceState: setSystemUiFlags, stateFlags : 131074
03-09 11:13:12.943  3068  3068 V Navbar.Store: handleEvent(0) OnNavBarWindowStateHidden(noArguments=true) [Module] NavigationBar
