03-09 11:13:13.035 18268 18268 I ViewRootImpl@1f1eef4[JmrUnityActivity]:   bhv=SHOW_TRANSIENT_BARS_BY_SWIPE
03-09 11:13:13.035 18268 18268 I ViewRootImpl@1f1eef4[JmrUnityActivity]:   fitSides= naviIconColor=0}
03-09 11:13:13.036  2241  3038 V WindowManager: Relayout Window{afd8fd3 u0 com.QolorQuestGames.SynthRider/com.jiotesseract.mr.sdk.JmrUnityActivity}: viewVisibility=0 req=2316x1080 d0
03-09 11:13:13.036  2241  5831 I AppOps  : updateUidProcState uid: 10037 procState: 0 capability:15
03-09 11:13:13.037  1773  6599 I CameraService: onUidStateChanged: uid=10037, procState is changed. (1 -> 0)
03-09 11:13:13.038  2241  5946 V WindowManager: Relayout Window{887c4a7 u0 Splash Screen com.QolorQuestGames.SynthRider}: viewVisibility=8 req=2316x1080 d0
03-09 11:13:13.038  2241  5946 D WindowManager: Set animatingExit: reason=startExitingAnimation/isExitAnimationRunningSelfOrParent win=Window{887c4a7 u0 Splash Screen com.QolorQuestGames.SynthRider EXITING}
03-09 11:13:13.038  2241  3038 V WindowManager: Relayout hash=afd8fd3, pid=18268, syncId=-1: mAttrs={(0,0)(fillxfill) sim={adjust=pan} layoutInDisplayCutoutMode=shortEdges ty=BASE_APPLICATION fmt=TRANSLUCENT wanim=0x1030309 sysuil=true
03-09 11:13:13.038  2241  3038 V WindowManager:   fl=80810580
03-09 11:13:13.038  2241  3038 V WindowManager:   pfl=1a020040
03-09 11:13:13.038  2241  3038 V WindowManager:   vsysui=1707
03-09 11:13:13.038  2241  3038 V WindowManager:   apr=LOW_PROFILE_BARS
03-09 11:13:13.038  2241  3038 V WindowManager:   bhv=SHOW_TRANSIENT_BARS_BY_SWIPE
03-09 11:13:13.038  2241  3038 V WindowManager:   fitSides= naviIconColor=0}
03-09 11:13:13.039 18268 18268 I ViewRootImpl@1f1eef4[JmrUnityActivity]: updateBlastSurfaceIfNeeded mBlastBufferQueue=0x700aa509d0 isSameSurfaceControl=true
03-09 11:13:13.039 18268 18268 I BLASTBufferQueue: update, w= 2316 h= 1080 mName = ViewRootImpl@1f1eef4[JmrUnityActivity] mNativeObject= 0x700aa509d0 sc.mNativeObject= 0x6f9aa91220 format= -3 caller= android.view.ViewRootImpl.updateBlastSurfaceIfNeeded:2898 android.view.ViewRootImpl.relayoutWindow:9847 android.view.ViewRootImpl.performTraversals:3884 android.view.ViewRootImpl.doTraversal:3116 android.view.ViewRootImpl$TraversalRunnable.run:10885 android.view.Choreographer$CallbackRecord.run:1301 
03-09 11:13:13.039 18268 18268 I ViewRootImpl@1f1eef4[JmrUnityActivity]: Relayout returned: old=(0,0,2316,1080) new=(0,0,2316,1080) req=(2316,1080)0 dur=4 res=0x0 s={true 0x709aa5ff00} ch=false seqId=0
03-09 11:13:13.039 18268 18268 I SurfaceView@143eecf: Changes: creating=false format=false size=true visible=false alpha=false hint=false mUseAlpha=false visible=false left=true top=false
03-09 11:13:13.039 18268 18268 I SurfaceView@143eecf: 21229263 Cur surface: Surface(name=null)/@0xff83fc1
03-09 11:13:13.040 18268 18268 I BLASTBufferQueue: update, w= 2316 h= 1080 mName = null mNativeObject= 0x700aa52f50 sc.mNativeObject= 0x6f9aa90930 format= 4 caller= android.view.SurfaceView.setBufferSize:1304 android.view.SurfaceView.performSurfaceTransaction:918 android.view.SurfaceView.updateSurface:1105 android.view.SurfaceView.setFrame:525 android.view.View.layout:24966 android.widget.FrameLayout.layoutChildren:332 
03-09 11:13:13.040 18268 18268 I SurfaceView@143eecf: pST: sr = Rect(0, 0 - 2316, 1080) sw = 2316 sh = 1080
03-09 11:13:13.040 18268 18268 I SurfaceView@143eecf: onSSPAndSRT: pl = 0 pt = 0 sx = 1.0 sy = 1.0
03-09 11:13:13.040 18268 18268 D SurfaceView@143eecf: performSurfaceTransaction UI Thread position = [0, 0, 2316, 1080] surfaceSize = 2316x1080
03-09 11:13:13.040 18268 18268 I SurfaceView@143eecf: applyTransactionOnVriDraw: vri = ViewRootImpl@1f1eef4[JmrUnityActivity] fRS = false t = 0x6fcaa50170 android.view.SurfaceView.performSurfaceTransaction:959 android.view.SurfaceView.updateSurface:1105 android.view.SurfaceView.setFrame:525 
03-09 11:13:13.040 18268 18268 I ViewRootImpl@1f1eef4[JmrUnityActivity]: applyTransactionOnDraw: mRemoved = false isHardwareEnabled = false t = 0x6fcaa50170android.view.SurfaceView.applyTransactionOnVriDraw:2048 android.view.SurfaceView.performSurfaceTransaction:959 android.view.SurfaceView.updateSurface:1105 android.view.SurfaceView.setFrame:525 android.view.View.layout:24966 
03-09 11:13:13.040 18268 18268 I SurfaceView@143eecf: updateSurface: mVisible = true mSurface.isValid() = true
03-09 11:13:13.040 18268 18268 I SurfaceView@143eecf: updateSurface: mSurfaceCreated = true surfaceChanged = false visibleChanged = false
03-09 11:13:13.040 18268 18268 I SurfaceView@143eecf: surfaceChanged -- format=4 w=2316 h=1080
03-09 11:13:13.040 18268 18268 I SurfaceView@143eecf: surfaceChanged (2316,1080) 1 #5 android.view.SurfaceView{143eecf VFE...... .F....ID 0,0-2316,1080 #7f0700b4 app:id/unitySurfaceView aid=1073741824}
03-09 11:13:13.040 18268 18268 I SurfaceView@143eecf: surfaceRedrawNeeded
03-09 11:13:13.040 18268 18268 V SurfaceView@143eecf: Layout: x=0 y=0 w=2316 h=1080, frame=Rect(0, 0 - 2316, 1080)
03-09 11:13:13.040 18268 18268 V ViewRootImpl@1f1eef4[JmrUnityActivity]: Surface Surface(name=null)/@0x1210ff2 drawing to bitmap w=2316, h=1080
03-09 11:13:13.041 18268 18268 I ViewRootImpl@1f1eef4[JmrUnityActivity]: Drawing: package:com.QolorQuestGames.SynthRider, metrics=DisplayMetrics{density=2.8125, width=2106, height=1080, scaledDensity=2.8125, xdpi=375.78073, ydpi=377.09174}, compatibilityInfo={450dpi always-compat}
03-09 11:13:13.043 18268 18268 I SurfaceView@143eecf: finishedDrawing
03-09 11:13:13.045  2241  5946 V WindowManager: Relayout hash=887c4a7, pid=3068, syncId=-1: mAttrs={(0,0)(fillxfill) sim={adjust=pan} layoutInDisplayCutoutMode=shortEdges ty=APPLICATION_STARTING fmt=TRANSLUCENT wanim=0x1030309 alpha=0.0
03-09 11:13:13.045  2241  5946 V WindowManager:   fl=81030118
03-09 11:13:13.045  2241  5946 V WindowManager:   pfl=16000010
03-09 11:13:13.045  2241  5946 V WindowManager:   bhv=DEFAULT
03-09 11:13:13.045  2241  5946 V WindowManager:   fitSides= naviIconColor=0}
03-09 11:13:13.047  1508  1508 D SurfaceFlinger: Display 4630947232161729154 HWC layers:
03-09 11:13:13.047  1508  1508 D SurfaceFlinger:      CLIENT | 0xb4000072c806d290 | 0102 | RGBA_8888    |    0.0    0.0    0.0    0.0 |    0    0 1080   33 | bbq-wrapper#20252
03-09 11:13:13.047  1508  1508 D SurfaceFlinger:      CLIENT |              | 0000 |  Unknown  |    0.0    0.0    0.0    0.0 |    0    0 1080 2316 | DimAnimationLayer for Task=945#20243
03-09 11:13:13.047  1508  1508 D SurfaceFlinger:      CLIENT |              | 0002 |  Unknown  |    0.0    0.0    0.0    0.0 |    0   33 1080 2316 | Background for SurfaceView[com.Qolor[...]act.mr.sdk.JmrUnityActivity]@0#20258
03-09 11:13:13.047  1508  1508 D SurfaceFlinger:      CLIENT | 0xb4000072c8078960 | 0100 | RGBA_8888    |    0.0    0.0 2283.0 1080.0 |    0   33 1080 2316 | com.QolorQuestGames.SynthRider/com.j[...]mr.sdk.JmrUnityActivity$_18268#20254
03-09 11:13:13.047  1508  1508 D SurfaceFlinger:      DEVICE | 0xb4000072c8088290 | 0100 | RGBA_8888    |    0.0    0.0 1080.0   75.0 |    0    0 1080   75 | StatusBar$_3068#86
03-09 11:13:13.047  1508  1508 D SurfaceFlinger:      DEVICE | 0xb4000072c80849c0 | 0100 | RGBA_8888    |    0.0    0.0 1080.0  135.0 |    0 2181 1080 2316 | NavigationBar0$_3068#81
03-09 11:13:13.047  1508  1508 D SurfaceFlinger: 
03-09 11:13:13.048  3068  3196 I ViewRootImpl@5d61d26[SynthRider]: Relayout returned: old=(0,0,2316,1080) new=(0,0,2316,1080) req=(2316,1080)8 dur=11 res=0x2 s={false 0x0} ch=true seqId=0
03-09 11:13:13.049  3068  3196 I ViewRootImpl@5d61d26[SynthRider]: dispatchDetachedFromWindow
03-09 11:13:13.049  2241  6447 D CoreBackPreview: Window{887c4a7 u0 Splash Screen com.QolorQuestGames.SynthRider EXITING}: Setting back callback null
03-09 11:13:13.049  2241  3038 D WindowManager: Starting window removed Window{887c4a7 u0 Splash Screen com.QolorQuestGames.SynthRider EXITING}
03-09 11:13:13.049  2241  3038 I WindowManager: Cancelling animation restarting=false, leash=Surface(name=Surface(name=afd8fd3 com.QolorQuestGames.SynthRider/com.jiotesseract.mr.sdk.JmrUnityActivity)/@0x2fe4ee6 - animation-leash of starting_reveal)/@0x713246c
03-09 11:13:13.049  2241  3038 I WindowManager: Reparenting to original parent: Surface(name=ActivityRecord{3c722c4 u0 com.QolorQuestGames.SynthRider/com.jiotesseract.mr.sdk.JmrUnityActivity} t945})/@0xe35dc27, destroy=false, surface=Surface(name=afd8fd3 com.QolorQuestGames.SynthRider/com.jiotesseract.mr.sdk.JmrUnityActivity)/@0x2fe4ee6
03-09 11:13:13.050  2241  3038 D InputTransport: Input channel destroyed: '887c4a7', fd=1069
03-09 11:13:13.050  2241  3038 W InputManager-JNI: Input channel object '887c4a7 Splash Screen com.QolorQuestGames.SynthRider (client)' was disposed without first being removed with the input manager!
03-09 11:13:13.050  2241  3038 D InputTransport: Input channel destroyed: '887c4a7', fd=1109
03-09 11:13:13.050  2241  3038 V WindowManager: Remove Window{887c4a7 u0 Splash Screen com.QolorQuestGames.SynthRider EXITING}: mSurfaceController=Surface(name=Splash Screen com.QolorQuestGames.SynthRider$_3068)/@0xa7025b8 mAnimatingExit=true mRemoveOnExit=false mHasSurface=true surfaceShowing=true animating=true app-animation=true mWillReplaceWindow=false mDisplayFrozen=false callers=com.android.server.wm.WindowState.removeIfPossible:3040 com.android.server.wm.WindowManagerService.removeWindow:2282 com.android.server.wm.Session.remove:236 android.view.IWindowSession$Stub.onTransact:743 com.android.server.wm.Session.onTransact:188 android.os.Binder.execTransactInternal:1321 
03-09 11:13:13.051  3068  3196 D InputTransport: Input channel destroyed: '887c4a7', fd=288
03-09 11:13:13.052  1508  1508 I Layer   : id=20259 removedFromDrawingState Surface(name=afd8fd3 com.QolorQuestGames.SynthRider/com.jiotesseract.mr.sdk.JmrUnityActivity)/@0x2fe4ee6 - animation-leash of starting_reveal#20259 (245)
03-09 11:13:13.052 18268 18268 V ViewRootImpl@1f1eef4[JmrUnityActivity]: Surface Surface(name=null)/@0x1210ff2 drawing to bitmap w=2316, h=1080
03-09 11:13:13.052 18268 18268 I ViewRootImpl@1f1eef4[JmrUnityActivity]: Drawing: package:com.QolorQuestGames.SynthRider, metrics=DisplayMetrics{density=2.8125, width=2106, height=1080, scaledDensity=2.8125, xdpi=375.78073, ydpi=377.09174}, compatibilityInfo={450dpi always-compat}
03-09 11:13:13.092  2241  3271 V MdnieScenarioControlService: mAclOffEnabled : false mAclPreviewState : false mAclCompensationState : false
03-09 11:13:13.094 18268 18299 I Unity   : Company Name: QolorQuestGames
03-09 11:13:13.094 18268 18299 I Unity   : Product Name: Synth Rider
03-09 11:13:13.095 18268 18299 I AdrenoGLES-0: QUALCOMM build                   : 9f2ab69d70, I3813e70165
03-09 11:13:13.095 18268 18299 I AdrenoGLES-0: Build Date                       : 11/20/22
03-09 11:13:13.095 18268 18299 I AdrenoGLES-0: OpenGL ES Shader Compiler Version: EV031.36.08.12
03-09 11:13:13.095 18268 18299 I AdrenoGLES-0: Local Branch                     : 
03-09 11:13:13.095 18268 18299 I AdrenoGLES-0: Remote Branch                    : 
03-09 11:13:13.095 18268 18299 I AdrenoGLES-0: Remote Branch                    : 
03-09 11:13:13.095 18268 18299 I AdrenoGLES-0: Reconstruct Branch               : 
03-09 11:13:13.095 18268 18299 I AdrenoGLES-0: Build Config                     : S P 12.1.1 AArch64
03-09 11:13:13.095 18268 18299 I AdrenoGLES-0: Driver Path                      : /vendor/lib64/egl/libGLESv2_adreno.so
03-09 11:13:13.095 18268 18299 I AdrenoGLES-0: Driver Version                   : 0615.0
03-09 11:13:13.097 18268 18299 I AdrenoGLES-0: PFP: 0x01730155, ME: 0x00000000
03-09 11:13:13.099   800   800 I hwservicemanager: getTransport: Cannot find entry vendor.qti.qspmhal@1.0::IQspmhal/default in either framework or device VINTF manifest.
03-09 11:13:13.099 18268 18299 W Adreno-AppProfiles: Could not find QSPM HAL service. Skipping adreno profile processing.
03-09 11:13:13.106 18268 18299 D Unity   :  GL_OES_EGL_image GL_OES_EGL_image_external GL_OES_EGL_sync GL_OES_vertex_half_float GL_OES_framebuffer_object GL_OES_rgb8_rgba8 GL_OES_compressed_ETC1_RGB8_texture GL_AMD_compressed_ATC_texture GL_KHR_texture_compression_astc_ldr GL_KHR_texture_compression_astc_hdr GL_OES_texture_compression_astc GL_OES_texture_npot GL_EXT_texture_filter_anisotropic GL_EXT_texture_format_BGRA8888 GL_EXT_read_format_bgra GL_OES_texture_3D GL_EXT_color_buffer_float GL_EXT_color_buffer_half_float GL_QCOM_alpha_test GL_OES_depth24 GL_OES_packed_depth_stencil GL_OES_depth_texture GL_OES_depth_texture_cube_map GL_EXT_sRGB GL_OES_texture_float GL_OES_texture_float_linear GL_OES_texture_half_float GL_OES_texture_half_float_linear GL_EXT_texture_type_2_10_10_10_REV GL_EXT_texture_sRGB_decode GL_EXT_texture_format_sRGB_override GL_OES_element_index_uint GL_EXT_copy_image GL_EXT_geometry_shader GL_EXT_tessellation_shader GL_OES_texture_stencil8 GL_EXT_shader_io_blocks GL_OES_shader_image_atomic GL_OES_sample_variables GL_EXT_texture_b
03-09 11:13:13.106 18268 18299 D Unity   : order_clamp GL_EXT_EGL_image_external_wrap_modes GL_EXT_multisampled_render_to_texture GL_EXT_multisampled_render_to_texture2 GL_OES_shader_multisample_interpolation GL_EXT_texture_cube_map_array GL_EXT_draw_buffers_indexed GL_EXT_gpu_shader5 GL_EXT_robustness GL_EXT_texture_buffer GL_EXT_shader_framebuffer_fetch GL_ARM_shader_framebuffer_fetch_depth_stencil GL_OES_texture_storage_multisample_2d_array GL_OES_sample_shading GL_OES_get_program_binary GL_EXT_debug_label GL_KHR_blend_equation_advanced GL_KHR_blend_equation_advanced_coherent GL_QCOM_tiled_rendering GL_ANDROID_extension_pack_es31a GL_EXT_primitive_bounding_box GL_OES_standard_derivatives GL_OES_vertex_array_object GL_EXT_disjoint_timer_query GL_KHR_debug GL_EXT_YUV_target GL_EXT_sRGB_write_control GL_EXT_texture_norm16 GL_EXT_discard_framebuffer GL_OES_surfaceless_context GL_OVR_multiview GL_OVR_multiview2 GL_EXT_texture_sRGB_R8 GL_KHR_no_error GL_EXT_debug_marker GL_OES_EGL_image_external_essl3 GL_OVR_multiview_multisampled_render_to_texture GL_E
03-09 11:13:13.106 18268 18299 D Unity   : XT_buffer_storage GL_EXT_external_buffer GL_EXT_blit_framebuffer_params GL_EXT_clip_cull_distance GL_EXT_protected_textures GL_EXT_shader_non_constant_global_initializers GL_QCOM_texture_foveated GL_QCOM_texture_foveated2 GL_QCOM_texture_foveated_subsampled_layout GL_QCOM_shader_framebuffer_fetch_noncoherent GL_QCOM_shader_framebuffer_fetch_rate GL_EXT_memory_object GL_EXT_memory_object_fd GL_EXT_EGL_image_array GL_NV_shader_noperspective_interpolation GL_KHR_robust_buffer_access_behavior GL_EXT_EGL_image_storage GL_EXT_blend_func_extended GL_EXT_clip_control GL_OES_texture_view GL_EXT_fragment_invocation_density GL_QCOM_motion_estimation GL_QCOM_validate_shader_binary GL_QCOM_YUV_texture_gather GL_QCOM_shading_rate GL_QCOM_frame_extrapolation GL_IMG_texture_filter_cubic GL_QCOM_render_shared_exponent
03-09 11:13:13.113 18268 18344 D Choreographer: Attaching thread to JVM for AChoreographer
03-09 11:13:13.121  1497  4502 V APM_AudioPolicyManager: listAudioPorts() role 0 type 0 num_ports 0 ports 0xb400007b93e6d2b0
03-09 11:13:13.121  1497  4502 V APM_AudioPolicyManager: listAudioPorts() got 0 ports needed 18
03-09 11:13:13.121  1497  4502 V APM_AudioPolicyManager: listAudioPorts() role 0 type 0 num_ports 18 ports 0xb400007dd422d120
03-09 11:13:13.121  1497  4502 V APM_AudioPolicyManager: listAudioPorts() got 18 ports needed 18
03-09 11:13:13.128  1497  2390 D AudioFlinger: ro.audio.silent is ignored since no output device is set
03-09 11:13:13.129  1497  2392 D AudioFlinger: ro.audio.silent is ignored since no output device is set
03-09 11:13:13.131  1497  2348 D AudioFlinger: ro.audio.silent is ignored since no output device is set
03-09 11:13:13.131  1497  2382 D AudioFlinger: ro.audio.silent is ignored since no output device is set
03-09 11:13:13.131  1497  2391 D AudioFlinger: ro.audio.silent is ignored since no output device is set
03-09 11:13:13.132  1497  2380 D AudioFlinger: ro.audio.silent is ignored since no output device is set
03-09 11:13:13.133 18268 18308 W libc    : Access denied finding property "sys.perf.boostopt"
03-09 11:13:13.134 18268 18299 D ames.SynthRider: PlayerBase::PlayerBase()
03-09 11:13:13.134 18268 18299 D ames.SynthRider: TrackPlayerBase::TrackPlayerBase()
03-09 11:13:13.134 18268 18299 I libOpenSLES: Emulating old channel mask behavior (ignoring positional mask 0x3, using default mask 0x3 based on channel count of 2)
03-09 11:13:13.134 18268 18299 W AudioTrack: set(): notificationFrames=-21 clamped to the range -1 to -8
03-09 11:13:13.134  1284  1284 E audit   : type=1400 audit(1678340593.132:141739): avc:  denied  { read } for  pid=18268 comm="binder:18268_4" name="u:object_r:perf_prop:s0" dev="tmpfs" ino=335 scontext=u:r:untrusted_app_29:s0:c132,c256,c512,c768 tcontext=u:object_r:perf_prop:s0 tclass=file permissive=0 SEPF_SM-S908E_12_0001 audit_filtered
03-09 11:13:13.139  1497  4502 V APM_AudioPolicyManager: getOutputForAttrInt() attributes={ Content type: AUDIO_CONTENT_TYPE_UNKNOWN Usage: AUDIO_USAGE_MEDIA Source: AUDIO_SOURCE_DEFAULT Flags: 0x0 Tags:  } stream=AUDIO_STREAM_MUSIC session 5897 selectedDeviceId 0
03-09 11:13:13.139  1497  4502 D APM_AudioPolicyManager: selectOutputFlags remove raw flag for SPEAKER
03-09 11:13:13.139  1497  4502 V APM_AudioPolicyManager: getOutputForAttrInt() device {AUDIO_DEVICE_OUT_SPEAKER, @:}, sampling rate 48000, format 0x1, channel mask 0x3, flags 0x4 stream AUDIO_STREAM_MUSIC
03-09 11:13:13.139  1497  4502 V APM_AudioPolicyManager: selectOutput new bestOutput 13 criteria 0 100 0 0 0 0 4 2 
03-09 11:13:13.139  1497  4502 V APM_AudioPolicyManager: selectOutput new bestOutput 29 criteria 0 100 0 0 0 1 4 0 
03-09 11:13:13.139  1497  4502 V APM_AudioPolicyManager: getOutputForAttrInt returns output 29 selectedDeviceId 3
03-09 11:13:13.139  1497  4502 V APM_AudioPolicyManager: getOutputForAttr() returns output 29 requestedPortId 0 selectedDeviceId 3 for port ID 1045
03-09 11:13:13.139  1497  4502 I AudioFlinger: nonSecFlag 104, secFlag 0, outputFlags 4
03-09 11:13:13.139  1497  4502 W AudioFlinger: createTrack_l(): mismatch between requested flags (00000104) and output flags (00000004)
03-09 11:13:13.139  1497  4502 D AudioFlinger: Client defaulted notificationFrames to 192 for frameCount 1536
03-09 11:13:13.140  1497  4502 D AF::TrackHandle: OpPlayAudio: track:934 usage:1 not muted
03-09 11:13:13.142  1497  4502 I AF::Track: setMixerOutConfig return default condition, mixer key 2002, thread key 2002
03-09 11:13:13.145 18268 18299 I AudioTrack: createTrack_l(0): AUDIO_OUTPUT_FLAG_FAST successful; frameCount 0 -> 1536
03-09 11:13:13.149  1497  4502 I AF::Track: setMixerOutConfig return default condition, mixer key 2002, thread key 2002
03-09 11:13:13.151  2241  2241 D AudioPlayerStateMonitor: Found a new active media playback. AudioPlaybackConfiguration piid:6575 deviceId:3 type:OpenSL ES AudioPlayer (Buffer Queue) u/pid:10132/18268 state:started attr:AudioAttributes: usage=USAGE_MEDIA content=CONTENT_TYPE_UNKNOWN flags=0x0 tags= bundle=null sessionId:5897
03-09 11:13:13.151  1497  4502 I AudioPolicyEffectException: MySpaceHandler::checkDetachCondition media 1, ring 0, mp 0
03-09 11:13:13.151  1497  4502 I AudioPolicyEffectException: MySpace detach value 1
03-09 11:13:13.151  1497  4502 V APM_AudioPolicyManager: startOutput portId 1045
03-09 11:13:13.151  1497  4502 V APM_AudioPolicyManager: startOutput() output 29, stream 3, session 5897
03-09 11:13:13.151  1497  4502 V APM_AudioPolicyManager: setBeaconMute(1) mBeaconMuteRefCount=1 mBeaconPlayingRefCount=0
03-09 11:13:13.151  1497  4502 V APM_AudioPolicyManager: selectOutputForMusicEffects activeOnly 1 output 29 flags 0x00000004
03-09 11:13:13.151  1497  4502 V APM_AudioPolicyManager: selectOutputForMusicEffects selected output 13
03-09 11:13:13.151  1497  4502 V APM_AudioPolicyManager: getNewOutputDevices selected devices {AUDIO_DEVICE_OUT_SPEAKER, @:}
03-09 11:13:13.151  1497  4502 V APM_AudioPolicyManager: setOutputDevices device {AUDIO_DEVICE_OUT_SPEAKER, @:} delayMs 0
03-09 11:13:13.151  1497  4502 V APM_AudioPolicyManager: setOutputDevices() prevDevice {AUDIO_DEVICE_OUT_SPEAKER, @:}
03-09 11:13:13.151  1497  4502 V APM_AudioPolicyManager: setOutputDevices: suppressing checkDeviceMuteStrategies
03-09 11:13:13.151  1497  4502 V APM_AudioPolicyManager: setOutputDevices setting same device {AUDIO_DEVICE_OUT_SPEAKER, @:} or null device, force=0, patch handle=1023
03-09 11:13:13.151  1497  4502 V APM_AudioPolicyManager: computeVolume: stream 3, index 10, volume 0.089125, deviceTypes 0x2
03-09 11:13:13.151  1497  4502 V APM_AudioPolicyManager: computeVolume: stream 3, index 11, volume 0.141254, deviceTypes 0x2
03-09 11:13:13.153  2241  2862 D AS.SoundAliveHelper: notify dvfs state : 2, screen : true
03-09 11:13:13.155  1387  1429 D AudioSAEffectOffload: send_custom_payload_effect: enter, tag: 0xc00000b, custom_data_sz: 28
03-09 11:13:13.155  1387  1429 I PAL: ResourceManager: setParameter: 9071: PAL_PARAM_ID_UIEFFECT tagId(0xc00000b) paramId(0x10001f43)
03-09 11:13:13.155  1387  1429 I PAL: ResourceManager: setParameter: 9071: PAL_PARAM_ID_UIEFFECT tagId(0xc00000b) paramId(0x10001f43)
03-09 11:13:13.155  1387  1429 I PAL: ResourceManager: setParameter: 9071: PAL_PARAM_ID_UIEFFECT tagId(0xc00000b) paramId(0x10001f43)
03-09 11:13:13.155  1387  1429 I PAL: ResourceManager: setParameter: 9071: PAL_PARAM_ID_UIEFFECT tagId(0xc00000b) paramId(0x10001f43)
03-09 11:13:13.155  1387  1429 D AudioSAEffectOffload: send_custom_payload_effect: exit, tag: 0xc00000b, custom_data_sz: 28
03-09 11:13:13.155  1387  1429 D AudioSAEffectOffload: update offload effect: VM,0,0,0,0,2,0,0
03-09 11:13:13.156  1387  1429 V sec_audio_hw: sec_dev_set_parameters : l_stream_music_active=true
03-09 11:13:13.156  1387  1429 D AHAL: AudioDevice: SetParameters: 1617: enter
03-09 11:13:13.156  1387  1429 D AHAL: AudioVoice: VoiceSetParameters: 164: Enter
03-09 11:13:13.156  1387  1429 D AHAL: AudioVoice: VoiceSetParameters: 408: Exit ret: 0
03-09 11:13:13.156  1387  1429 D AHAL: SecAudioDevice: SecSetParameters: 290: Enter
03-09 11:13:13.156  1387  1429 E AHAL: AudioDevice: SetParameters: 1628: Error in SecSetParameters -2
03-09 11:13:13.156  1387  1429 D AHAL: factory: FactorySetParameters: 58: Enter
03-09 11:13:13.156  1387  1429 D AHAL: Effect: EffectSetParameters: 238: Enter
03-09 11:13:13.156  1387  1429 D AHAL: Effect: EffectSetParameters: 278: Exit
03-09 11:13:13.156  2241  2862 D CompatibilityChangeReporter: Compat change id reported: 135634846; UID 10125; state: DISABLED
03-09 11:13:13.156  1387  1429 D AHAL: AudioDevice: SetParameters: 2295: exit: l_stream_music_active=true
03-09 11:13:13.156  2241  2862 D CompatibilityChangeReporter: Compat change id reported: 177438394; UID 10125; state: DISABLED
03-09 11:13:13.156  2241  2862 D CompatibilityChangeReporter: Compat change id reported: 135772972; UID 10125; state: DISABLED
03-09 11:13:13.156  1387  1429 I Audio_a2dpsink_hw: adev_set_parameters: kevpairs=[l_stream_music_active=true]
03-09 11:13:13.156  2241  2862 D CompatibilityChangeReporter: Compat change id reported: 135754954; UID 10125; state: ENABLED
03-09 11:13:13.156  2241  2416 D CompatibilityChangeReporter: Compat change id reported: 143937733; UID 10125; state: ENABLED
03-09 11:13:13.157  1497  4502 I AudioFlinger: monoMixMode[0] for haptic playback
03-09 11:13:13.157  1497  4502 I AudioFlinger: setAmpLPower 1, from sensor 0
03-09 11:13:13.157  1387  1429 V sec_audio_hw: sec_stream_set_parameters(13:0) : l_dual_speaker_amp_left_power_enable=true
03-09 11:13:13.157  1387  1429 D AHAL: AudioStream: astream_out_set_parameters: 923: enter: usecase(1: primary-playback) kvpairs: l_dual_speaker_amp_left_power_enable=true
03-09 11:13:13.157  1387  1429 D AHAL: AudioStream: SetParameters: 2621: enter 
03-09 11:13:13.157  1387  1429 I AHAL: AudioStream: SetParameters: 2630: ret 0, plugin device cont 0 stream 0
03-09 11:13:13.157  1387  1429 D AHAL: AudioStream: SetParameters: 2669: exit 0
03-09 11:13:13.157  1387  1429 D AHAL: SecAudioStream: SecSetParameters: 57: Enter
03-09 11:13:13.157  1387  1429 D AHAL: SecAudioStream: SetUpperAmpControl: 368: disabling upper-spk-amp-mute
03-09 11:13:13.157  1387  1429 D AHAL: AudioDevice: GetPalDeviceIds: 2498: haldeviceIds: 1
03-09 11:13:13.157  1387  1429 D AHAL: AudioDevice: GetPalDeviceIds: 2505: Found haldeviceId: 2 and PAL Device ID 3
03-09 11:13:13.157  1387  1429 D AHAL: AudioDevice: GetPalDeviceIds: 2524: devices allocated 1, pal device ids before returning 1
03-09 11:13:13.157  1387  1429 D AHAL: SecAudioStream: SecSetParameters: 187: exit: -2
03-09 11:13:13.157  1387  1429 D AHAL: AudioStream: astream_out_set_parameters: 943: Exit ret: 0
03-09 11:13:13.157  1387  1429 V sec_audio_hw: sec_stream_set_parameters(21:0) : l_dual_speaker_amp_left_power_enable=true
03-09 11:13:13.157  1387  1429 D AHAL: AudioStream: astream_out_set_parameters: 923: enter: usecase(0: deep-buffer-playback) kvpairs: l_dual_speaker_amp_left_power_enable=true
03-09 11:13:13.157  1387  1429 D AHAL: AudioStream: SetParameters: 2621: enter 
03-09 11:13:13.157  1387  1429 I AHAL: AudioStream: SetParameters: 2630: ret 0, plugin device cont 0 stream 0
03-09 11:13:13.157  1387  1429 D AHAL: AudioStream: SetParameters: 2669: exit 0
03-09 11:13:13.158  1387  1429 D AHAL: SecAudioStream: SecSetParameters: 57: Enter
03-09 11:13:13.158  1387  1429 D AHAL: SecAudioStream: SecSetParameters: 187: exit: -2
03-09 11:13:13.158  1387  1429 D AHAL: AudioStream: astream_out_set_parameters: 943: Exit ret: 0
03-09 11:13:13.160  1387  1429 V sec_audio_hw: sec_stream_set_parameters(29:0) : l_dual_speaker_amp_left_power_enable=true
03-09 11:13:13.160  1387  1429 D AHAL: AudioStream: astream_out_set_parameters: 923: enter: usecase(2: low-latency-playback) kvpairs: l_dual_speaker_amp_left_power_enable=true
03-09 11:13:13.160  1387  1429 D AHAL: AudioStream: SetParameters: 2621: enter 
03-09 11:13:13.160  1387  1429 I AHAL: AudioStream: SetParameters: 2630: ret 0, plugin device cont 0 stream 0
03-09 11:13:13.160  1387  1429 D AHAL: AudioStream: SetParameters: 2669: exit 0
03-09 11:13:13.160  1387  1429 D AHAL: SecAudioStream: SecSetParameters: 57: Enter
03-09 11:13:13.160  1387  1429 D AHAL: SecAudioStream: SecSetParameters: 187: exit: -2
03-09 11:13:13.160  1387  1429 D AHAL: AudioStream: astream_out_set_parameters: 943: Exit ret: 0
03-09 11:13:13.160  1387  1429 V sec_audio_hw: sec_stream_set_parameters(37:0) : l_dual_speaker_amp_left_power_enable=true
03-09 11:13:13.160  1387  1429 D AHAL: AudioStream: astream_out_set_parameters: 923: enter: usecase(13: audio-ull-playback) kvpairs: l_dual_speaker_amp_left_power_enable=true
03-09 11:13:13.160  1387  1429 D AHAL: AudioStream: SetParameters: 2621: enter 
03-09 11:13:13.160  1387  1429 I AHAL: AudioStream: SetParameters: 2630: ret 0, plugin device cont 0 stream 0
03-09 11:13:13.160  1387  1429 D AHAL: AudioStream: SetParameters: 2669: exit 0
03-09 11:13:13.160  1387  1429 D AHAL: SecAudioStream: SecSetParameters: 57: Enter
03-09 11:13:13.160  1387  1429 D AHAL: SecAudioStream: SecSetParameters: 187: exit: -2
03-09 11:13:13.160  1387  1429 D AHAL: AudioStream: astream_out_set_parameters: 943: Exit ret: 0
03-09 11:13:13.160  1387  1429 V sec_audio_hw: sec_stream_set_parameters(45:0) : l_dual_speaker_amp_left_power_enable=true
03-09 11:13:13.160  1387  1429 D AHAL: AudioStream: astream_out_set_parameters: 923: enter: usecase(15: audio-with-haptics-playback) kvpairs: l_dual_speaker_amp_left_power_enable=true
03-09 11:13:13.160  1387  1429 D AHAL: AudioStream: SetParameters: 2621: enter 
03-09 11:13:13.160  1387  1429 I AHAL: AudioStream: SetParameters: 2630: ret 0, plugin device cont 0 stream 0
03-09 11:13:13.160  1387  1429 D AHAL: AudioStream: SetParameters: 2669: exit 0
03-09 11:13:13.160  1387  1429 D AHAL: SecAudioStream: SecSetParameters: 57: Enter
03-09 11:13:13.160  1387  1429 D AHAL: SecAudioStream: SecSetParameters: 187: exit: -2
03-09 11:13:13.160  1387  1429 D AHAL: AudioStream: astream_out_set_parameters: 943: Exit ret: 0
03-09 11:13:13.160  1387  1429 V sec_audio_hw: sec_stream_set_parameters(69:0) : l_dual_speaker_amp_left_power_enable=true
03-09 11:13:13.160  1387  1429 D AHAL: AudioStream: astream_out_set_parameters: 923: enter: usecase(2: low-latency-playback) kvpairs: l_dual_speaker_amp_left_power_enable=true
03-09 11:13:13.160  1387  1429 D AHAL: AudioStream: SetParameters: 2621: enter 
03-09 11:13:13.160  1387  1429 I AHAL: AudioStream: SetParameters: 2630: ret 0, plugin device cont 0 stream 0
03-09 11:13:13.160  1387  1429 D AHAL: AudioStream: SetParameters: 2669: exit 0
03-09 11:13:13.160  1387  1429 D AHAL: SecAudioStream: SecSetParameters: 57: Enter
03-09 11:13:13.160  1387  1429 D AHAL: SecAudioStream: SecSetParameters: 187: exit: -2
03-09 11:13:13.160  1387  1429 D AHAL: AudioStream: astream_out_set_parameters: 943: Exit ret: 0
03-09 11:13:13.160  1387  5673 V sec_audio_hw: sec_stream_set_parameters(77:0) : l_dual_speaker_amp_left_power_enable=true
03-09 11:13:13.160  1387  5673 D AHAL: AudioStream: astream_out_set_parameters: 923: enter: usecase(31: audio-playback-voip) kvpairs: l_dual_speaker_amp_left_power_enable=true
03-09 11:13:13.160  1387  5673 D AHAL: AudioStream: SetParameters: 2621: enter 
03-09 11:13:13.160  1387  5673 I AHAL: AudioStream: SetParameters: 2630: ret 0, plugin device cont 0 stream 0
03-09 11:13:13.160  1387  5673 D AHAL: AudioStream: SetParameters: 2669: exit 0
03-09 11:13:13.160  1387  5673 D AHAL: SecAudioStream: SecSetParameters: 57: Enter
03-09 11:13:13.160  1387  5673 D AHAL: SecAudioStream: SecSetParameters: 187: exit: -2
03-09 11:13:13.160  1387  5673 D AHAL: AudioStream: astream_out_set_parameters: 943: Exit ret: 0
03-09 11:13:13.161  1387  5673 V sec_audio_hw: sec_stream_set_parameters(85:0) : l_dual_speaker_amp_left_power_enable=true
03-09 11:13:13.161  1387  5673 D AHAL: AudioStream: astream_out_set_parameters: 923: enter: usecase(2: low-latency-playback) kvpairs: l_dual_speaker_amp_left_power_enable=true
03-09 11:13:13.161  1387  5673 D AHAL: AudioStream: SetParameters: 2621: enter 
03-09 11:13:13.161  1387  5673 I AHAL: AudioStream: SetParameters: 2630: ret 0, plugin device cont 0 stream 0
03-09 11:13:13.161  1387  5673 D AHAL: AudioStream: SetParameters: 2669: exit 0
03-09 11:13:13.161  1387  5673 D AHAL: SecAudioStream: SecSetParameters: 57: Enter
03-09 11:13:13.161  1387  5673 D AHAL: SecAudioStream: SecSetParameters: 187: exit: -2
03-09 11:13:13.161  1387  5673 D AHAL: AudioStream: astream_out_set_parameters: 943: Exit ret: 0
03-09 11:13:13.161  1387  5679 D AHAL: AudioStream: AutoPerfLock: 146: (Acquired) perf_lock_handle: 0x0, count: 1
03-09 11:13:13.161  1387  5679 D AHAL: AudioStream: Open: 3012: Enter OutPrimary 
03-09 11:13:13.161  1387  5679 D AHAL: AudioStream: Open: 3018: no_of_devices 1
03-09 11:13:13.161  1387  5679 I AHAL: AudioStream: Open: 3032:  flags_:0x4, mAndroidOutDevices 2
03-09 11:13:13.161  1387  5679 D AHAL: AudioStream: Open: 3096: halInputFormat 1 halOutputFormat 1 palformat 1
03-09 11:13:13.161  1387  5679 I PAL: ResourceManager: getParameter: 7941: get parameter for HIFI PCM Filter
03-09 11:13:13.161  1387  5679 D AHAL: AudioStream: Open: 3196: channels 2 samplerate 48000 format id 1, stream type 1  stream bitwidth 16
03-09 11:13:13.161  1387  5679 D AHAL: AudioStream: Open: 3197: msample_rate 0 mchannels 0
03-09 11:13:13.161  1387  5679 D AHAL: AudioStream: Open: 3198: mNoOfOutDevices 1
03-09 11:13:13.161  1387  5679 I PAL: API: pal_stream_open: 153: Enter, stream type:1
03-09 11:13:13.161  1387  5679 I PAL: ResourceManager: isStreamSupported: 2438: config suppported
03-09 11:13:13.161  1387  5679 I PAL: ResourceManager: getActiveStream_l: 4953: no active streams found for device 2 ret -2
03-09 11:13:13.161  1387  5679 I PAL: ResourceManager: getActiveStream_l: 4953: no active streams found for device 3 ret -2
03-09 11:13:13.161  1387  5679 I PAL: Device: setDeviceAttributes: 303: DeviceAttributes for Device Id 3 updated
03-09 11:13:13.161  1387  5679 I PAL: ResourceManager: allocateFrontEndIds: 5690: allocateFrontEndIds: front end 124
03-09 11:13:13.161  1387  5679 I PAL: PayloadBuilder: populateStreamKV: 2535: stream type 1
03-09 11:13:13.161  1387  5679 I PAL: PayloadBuilder: getSelectorValues: 2363: Direction: 1
03-09 11:13:13.161  1387  5679 I PAL: PayloadBuilder: getSelectorValues: 2379: Instance: 1
03-09 11:13:13.161  1387  5679 I PAL: PayloadBuilder: findKVs: 2252: key: 0xa1000000 value: 0xa100000e
03-09 11:13:13.161  1387  5679 I PAL: PayloadBuilder: findKVs: 2252: key: 0xab000000 value: 0x1
03-09 11:13:13.161  1387  5679 I PAL: PayloadBuilder: populateStreamCkv: 2756: Entered default a4000000 f
03-09 11:13:13.162  1387  5679 I PAL: PayloadBuilder: populateDeviceKV: 2599: Enter device id:3
03-09 11:13:13.162  1387  5679 I PAL: PayloadBuilder: findKVs: 2265: key: 0xa2000000 value: 0xa2000001
03-09 11:13:13.162  1387  5679 I PAL: PayloadBuilder: populateDeviceKV: 2627: Exit device id:3, status 0
03-09 11:13:13.162  1387  5679 I PAL: PayloadBuilder: populateDevicePPKV: 2680: Rx device id:3
03-09 11:13:13.162  1387  5679 I PAL: PayloadBuilder: getSelectorValues: 2433: stream type: 1
03-09 11:13:13.162  1387  5679 I PAL: PayloadBuilder: findKVs: 2252: key: 0xa2000000 value: 0xa2000001
03-09 11:13:13.162  1387  5679 I PAL: PayloadBuilder: findKVs: 2252: key: 0xac000000 value: 0xac000002
03-09 11:13:13.162  1387  5679 I PAL: PayloadBuilder: populateDevicePPCkv: 2823: SpeakerProt Status[0], RAS Status[0]
03-09 11:13:13.162  1420 11431 D agm_server_wrapper: Aif id 27 already added to session list of 124
03-09 11:13:13.162  1387  5679 I PAL: Device: open: 373: Enter. deviceCount 0 for device id 3 (PAL_DEVICE_OUT_SPEAKER)
03-09 11:13:13.163  1387  5679 I PAL: SessionAlsaUtils: setDeviceMediaConfig: 780: TDM-LPAIF-RX-PRIMARY rate ch fmt data_fmt 48000 2 6 1
03-09 11:13:13.163  1387  5679 D audio_route: Apply path: speaker
03-09 11:13:13.168  1387  5679 I PAL: Device: open: 408: Exit. deviceCount 1 for device id 3 (PAL_DEVICE_OUT_SPEAKER), exit status: 0
03-09 11:13:13.168  1387  5679 I PAL: API: pal_stream_open: 185: Exit. Value of stream_handle 0xb4000074bb055850K, status 0 stream type:1
03-09 11:13:13.168  1387  5679 D AHAL: AudioStream: Open: 3208: (0:ret)
03-09 11:13:13.168  1387  5679 D AHAL: AudioStream: GetBufferSize: 2964: type 1
03-09 11:13:13.168  1387  5679 D AHAL: AudioStream: Open: 3369: fragment_size_ 768 fragments_ 2
03-09 11:13:13.168  1387  5679 D AHAL: AudioStream: Open: 3402: Exit ret: 0
03-09 11:13:13.168  1387  5679 D AHAL: AudioStream: ~AutoPerfLock: 156: (release) perf_lock_handle: 0x0, count: 1
03-09 11:13:13.168  1387  5679 D AHAL: AudioStream: ~AutoPerfLock: 160: Releasing perf_lock_handle: 0x0
03-09 11:13:13.168  1387  5679 D AHAL: AudioStream: AutoPerfLock: 146: (Acquired) perf_lock_handle: 0x0, count: 1
03-09 11:13:13.168  1387  5679 I PAL: API: pal_stream_start: 227: Enter. Stream handle 0xb4000074bb055850K
03-09 11:13:13.168  1387  5679 I PAL: SessionAlsaUtils: setDeviceMediaConfig: 780: TDM-LPAIF-RX-PRIMARY rate ch fmt data_fmt 48000 2 6 1
03-09 11:13:13.169  1387  5679 I PAL: ResourceManager: voteSleepMonitor: 1415: Enter for stream type 1
03-09 11:13:13.169  1328  1328 D Zygote  : Forked child process 18351
03-09 11:13:13.169  1387  5679 I PAL: ResourceManager: voteSleepMonitor: 1467: Voting done for nlpi use case, lpi votes 1, nlpi votes : 1
03-09 11:13:13.169  2241  2416 I ActivityManager: Start proc 18351:com.sec.android.app.soundalive/u0a125 for content provider {com.sec.android.app.soundalive/com.sec.android.app.soundalive.compatibility.SAContentProvider}
03-09 11:13:13.170  1387  5679 D agm_client_wrapper: agm_session_open called with handle = d2f56de0 , *handle = 0
03-09 11:13:13.175  1420 11431 D AGM: graph: graph_open: 561 entry
03-09 11:13:13.175  1420 11431 D AGM: metadata: metadata_print: 77 *************************Metadata*************************
03-09 11:13:13.175  1420 11431 D AGM: metadata: metadata_print: 78 GKV size:4
03-09 11:13:13.175  1420 11431 D AGM: metadata: metadata_print: 81 key:0xa1000000, value:0xa100000e 
03-09 11:13:13.175  1420 11431 D AGM: metadata: metadata_print: 81 key:0xab000000, value:0x1 
03-09 11:13:13.175  1420 11431 D AGM: metadata: metadata_print: 81 key:0xa2000000, value:0xa2000001 
03-09 11:13:13.175  1420 11431 D AGM: metadata: metadata_print: 81 key:0xac000000, value:0xac000002 
03-09 11:13:13.175  1420 11431 D AGM: metadata: metadata_print: 85 
03-09 11:13:13.175  1420 11431 D AGM: metadata: CKV count:2
03-09 11:13:13.175  1420 11431 D AGM: metadata: metadata_print: 88 key:0xa4000000, value:0xf 
03-09 11:13:13.175  1420 11431 D AGM: metadata: metadata_print: 88 key:0xd2000000, value:0x0 
03-09 11:13:13.175  1420 11431 D AGM: metadata: metadata_print: 90 
03-09 11:13:13.175  1420 11431 D AGM: metadata: metadata_print: 92 Property ID:134217744
03-09 11:13:13.175  1420 11431 D AGM: metadata: metadata_print: 93 property count:4
03-09 11:13:13.175  1420 11431 D AGM: metadata: metadata_print: 96 Property Values: 
03-09 11:13:13.175  1420 11431 D AGM: metadata: metadata_print: 98 0x1 
03-09 11:13:13.175  1420 11431 D AGM: metadata: metadata_print: 98 0x3 
03-09 11:13:13.175  1420 11431 D AGM: metadata: metadata_print: 98 0x2 
03-09 11:13:13.175  1420 11431 D AGM: metadata: metadata_print: 98 0x5 
03-09 11:13:13.175  1420 11431 D AGM: metadata: metadata_print: 100 
03-09 11:13:13.175  1420 11431 D AGM: metadata: metadata_print: 101 ****************Metadata Done***************************
03-09 11:13:13.175  1420 11431 D AGM: metadata: 
03-09 11:13:13.175  1420 11431 E ACDB    : AcdbCmdGetGraphAlias:4153 Error[19]: Graph Alias chunk data does not exist. Is it enabled?.
03-09 11:13:13.175  1420 11431 D AGM: graph: print_graph_alias: 2068 gsl_get_graph_alias failed: ret = 19
03-09 11:13:13.175  1420 11431 D AGM: graph: graph_open: 634 miid 40bd mid 7001000 tag c0000002
03-09 11:13:13.175  1420 11431 D AGM: graph: graph_open: 679 miid 4875 mid 700100e tag c0000004
03-09 11:13:13.175  1420 11431 D AGM: graph: graph_open: 634 miid 40c4 mid 7001019 tag c0000006
03-09 11:13:13.175  1420 11431 D AGM: graph: graph_open: 634 miid 40bf mid 7001005 tag c000000e
03-09 11:13:13.175  1420 11431 D AGM: graph: graph_open: 634 miid 40c0 mid 7001003 tag c0000010
03-09 11:13:13.175  1420 11431 D AGM: graph: graph_open: 634 miid 4165 mid 7001032 tag c0000013
03-09 11:13:13.175  1420 11431 I GPR:    : __gpr_cmd_register_v2:902 GPR Register: Source Port is 8209 heap_index: 0
03-09 11:13:13.175  1420 11431 I gsl     : gsl_graph_open_sgids_and_connections:2722 num_sgid= 4
03-09 11:13:13.175  1420 11431 I gsl     : gsl_graph_open_sgids_and_connections:2723 sg list:
03-09 11:13:13.175  1420 11431 I gsl     : gsl_graph_open_sgids_and_connections:2725 b0000002
03-09 11:13:13.175  1420 11431 I gsl     : gsl_graph_open_sgids_and_connections:2725 b0000025
03-09 11:13:13.175  1420 11431 I gsl     : gsl_graph_open_sgids_and_connections:2725 b0000024
03-09 11:13:13.175  1420 11431 I gsl     : gsl_graph_open_sgids_and_connections:2725 b0000023
03-09 11:13:13.176  1420 11431 I gsl     : gsl_print_sg_conn_info:180 num_sg_conn = 3
03-09 11:13:13.176  1420 11431 I gsl     : gsl_print_sg_conn_info:182 sg b0000025 has 1 children:
03-09 11:13:13.176  1420 11431 I gsl     : gsl_print_sg_conn_info:185 b0000002, 
03-09 11:13:13.176  1420 11431 I gsl     : gsl_print_sg_conn_info:182 sg b0000024 has 1 children:
03-09 11:13:13.176  1420 11431 I gsl     : gsl_print_sg_conn_info:185 b0000025, 
03-09 11:13:13.176  1420 11431 I gsl     : gsl_print_sg_conn_info:182 sg b0000023 has 1 children:
03-09 11:13:13.176  1420 11431 I gsl     : gsl_print_sg_conn_info:185 b0000024, 
03-09 11:13:13.179  1508  1508 D SurfaceFlinger: Display 4630947232161729154 HWC layers:
03-09 11:13:13.179  1508  1508 D SurfaceFlinger:      CLIENT | 0xb4000072c806d290 | 0102 | RGBA_8888    |    0.0    0.0    0.0    0.0 |    0    0 1080    3 | bbq-wrapper#20252
03-09 11:13:13.179  1508  1508 D SurfaceFlinger:      CLIENT |              | 0000 |  Unknown  |    0.0    0.0    0.0    0.0 |    0    0 1080 2316 | DimAnimationLayer for Task=945#20243
03-09 11:13:13.179  1508  1508 D SurfaceFlinger:      CLIENT |              | 0002 |  Unknown  |    0.0    0.0    0.0    0.0 |    0    3 1080 2316 | Background for SurfaceView[com.Qolor[...]act.mr.sdk.JmrUnityActivity]@0#20258
03-09 11:13:13.179  1508  1508 D SurfaceFlinger:      CLIENT | 0xb4000072c807bdb0 | 0100 | RGBA_8888    |    0.0    0.0 2313.0 1080.0 |    0    3 1080 2316 | com.QolorQuestGames.SynthRider/com.j[...]mr.sdk.JmrUnityActivity$_18268#20254
03-09 11:13:13.179  1508  1508 D SurfaceFlinger:      DEVICE | 0xb4000072c807bed0 | 0100 | RGBA_8888    |    0.0    0.0 1080.0  135.0 |    0 2181 1080 2316 | NavigationBar0$_3068#81
03-09 11:13:13.179  1508  1508 D SurfaceFlinger: 
03-09 11:13:13.190  1420 11431 E ACDB    : AcdbCmdGetProcSubgraphCalDataPersist:8408 Error[19]: No calibration found
03-09 11:13:13.190  1420 11431 E ACDB    : AcdbCmdGetProcSubgraphCalDataPersist:8408 Error[19]: No calibration found
03-09 11:13:13.190  1420 11431 E ACDB    : AcdbCmdGetProcSubgraphCalDataPersist:8408 Error[19]: No calibration found
03-09 11:13:13.190  1420 11431 E ACDB    : AcdbCmdGetProcSubgraphCalDataPersist:8408 Error[19]: No calibration found
03-09 11:13:13.190  1420 11431 D AGM: graph: graph_open: 713 graph_handle 0x147534c
03-09 11:13:13.190  1420 11431 D AGM: graph: graph_open: 733 exit, ret 0
03-09 11:13:13.190  1387  5679 D agm_client_wrapper: agm_session_open Received handle = 0x73d2f56de0 , *handle = b400007524289dd0
03-09 11:13:13.190  1387  5679 D PLUGIN: pcm: agm_pcm_hw_params: 464 agm_pcm_hw_params: mode: 0
03-09 11:13:13.191  1387  5679 I PAL: PayloadBuilder: payloadMFCConfig: 398: sample_rate:48000 bit_width:24 num_channels:2 Miid:16584
03-09 11:13:13.191  1387  5679 I PAL: Session: updateCustomPayload: 362: customPayloadSize = 32
03-09 11:13:13.191  1420 11431 D AGM: graph: graph_set_config: 1092 entry graph_handle 0x147534c
03-09 11:13:13.192 18351 18351 I .app.soundalive: Using CollectorTypeCC GC.
03-09 11:13:13.192  1420 11431 D AGM: graph: graph_set_config: 1100 exit, graph handle 0x147534c, ret 0
03-09 11:13:13.192  1420  6405 D AGM: graph: graph_prepare: 794 entry graph_handle 0x147534c
03-09 11:13:13.192  1420  6405 D AGM: graph_module: configure_pcm_shared_mem_ep: 1441 entry mod tag c0000002 miid 40bd mid 7001000
03-09 11:13:13.193  1420  6405 D AGM: graph_module: configure_pcm_shared_mem_ep: 1517 exit, ret 0
03-09 11:13:13.193  1420  6405 D AGM: graph_module: configure_hw_ep_media_config: 629 entry mod tag c0000004 miid 4875 mid 700100e
03-09 11:13:13.193  1420  6405 D AGM: graph_module: configure_hw_ep_media_config: 659 rate 48000 bw 24 ch 2, data_fmt 1
03-09 11:13:13.193  1420  6405 D AGM: graph_module: configure_hw_ep_media_config: 669 exit, ret 0
03-09 11:13:13.193  1420  6405 D AGM: graph_module: configure_tdm_ep: 445 exit, ret 0
03-09 11:13:13.194  1420  6405 D AGM: graph_module: configure_output_media_format: 752 entry mod tag c000000e miid 40bf mid 7001005
03-09 11:13:13.194  1420  6405 D AGM: graph_module: configure_output_media_format: 883 exit, ret 0
03-09 11:13:13.194  1420  6405 D AGM: graph_module: configure_output_media_format: 752 entry mod tag c0000010 miid 40c0 mid 7001003
03-09 11:13:13.194  1420  6405 D AGM: graph_module: configure_output_media_format: 883 exit, ret 0
03-09 11:13:13.194  1420  6405 D AGM: graph_module: configure_spr: 1632 SPR module IID 4165
03-09 11:13:13.194  1420  6405 D AGM: graph_module: configure_spr: 1655 HW EP module IID 4875
03-09 11:13:13.195  1420  6405 D AGM: graph: configure_buffer_params: 165 Enter
03-09 11:13:13.195  1420  6405 D AGM: graph: configure_buffer_params: 228 Playback sess buf_sz 768 num_bufs 2
03-09 11:13:13.195  1420  6405 E AGM: graph: configure_buffer_params: 258 Unsupported buffer mode : 0, Default to Blocking
03-09 11:13:13.195  1420  6405 D AGM: graph: configure_buffer_params: 278 exit, ret 0
03-09 11:13:13.196 18351 18351 E .app.soundalive: Not starting debugger since process cannot load the jdwp agent.
03-09 11:13:13.197  1420  6405 D AGM: graph: graph_prepare: 872 exit, ret 0
03-09 11:13:13.198  1420  6405 D AGM: graph: graph_start: 886 entry graph_handle 0x147534c
03-09 11:13:13.198 18268 18299 W Unity   : OnLevelWasLoaded was found on JMRManager
03-09 11:13:13.198 18268 18299 W Unity   : This message has been deprecated and will be removed in a later version of Unity.
03-09 11:13:13.198 18268 18299 W Unity   : Add a delegate to SceneManager.sceneLoaded instead to get notifications after scene loading has completed
03-09 11:13:13.199 18351 18351 W libc    : Access denied finding property "sys.perf.boostopt"
03-09 11:13:13.200 18351 18364 W libc    : Access denied finding property "sys.perf.boostopt"
03-09 11:13:13.201 18351 18351 D ActivityThread: setConscryptValidator
03-09 11:13:13.201 18351 18351 D ActivityThread: setConscryptValidator - put
03-09 11:13:13.201  1420  6405 D AGM: graph: graph_start: 898 exit, ret 0
03-09 11:13:13.206  2241  3038 D CompatibilityChangeReporter: Compat change id reported: 168419799; UID 10125; state: DISABLED
03-09 11:13:13.206  2241  3038 I ActivityManager: DSS OFF for com.sec.android.app.soundalive
03-09 11:13:13.208  1404  1404 I sensors-hal: set_config:61, sample_period_ns is adjusted to 20000000 based on min/max delay_ns
03-09 11:13:13.208  1404  1404 I sensors-hal: send_sensor_config_request:510, resampler is used, set resampler config
03-09 11:13:13.208  1404  1404 I sensors-hal: send_sync_sensor_request:450, send sync request
03-09 11:13:13.208  1404  1404 I sensors-hal: send_sync_sensor_request:476, wait for notification of response
03-09 11:13:13.210  1404 30508 I sensors-hal: ssc_conn_resp_cb:835, resp_value = 0
03-09 11:13:13.210  1404  1404 I sensors-hal: send_sync_sensor_request:482, takes 1 ms to receive the response with 0
03-09 11:13:13.210  1404  1404 I sensors-hal: batch:504, android.sensor.accelerometer/11, period=20000000, max_latency=200000000 request completed
03-09 11:13:13.211 18351 18365 W libc    : Access denied finding property "sys.perf.boostopt"
03-09 11:13:13.213 18351 18351 D CompatibilityChangeReporter: Compat change id reported: 171979766; UID 10125; state: ENABLED
03-09 11:13:13.213  1404  1404 I sensors-hal: flush:524, android.sensor.accelerometer/11
03-09 11:13:13.213  1485  1524 I heimdall: insert_task_to_group:67, insert tgid 18351 to group com.sec.android.app.soundalive, ret = 0
03-09 11:13:13.213  1404  1404 I sensors-hal: send_sync_sensor_request:450, send sync request
03-09 11:13:13.214  1404  1404 I sensors-hal: send_sync_sensor_request:476, wait for notification of response
03-09 11:13:13.215  1404 30508 I sensors-hal: ssc_conn_resp_cb:835, resp_value = 0
03-09 11:13:13.215  1404  1404 I sensors-hal: send_sync_sensor_request:482, takes 1 ms to receive the response with 0
03-09 11:13:13.216  1404  1404 I sensors-hal: flush:530, android.sensor.accelerometer/11 completed
03-09 11:13:13.216  1404  1404 I sensors-hal: set_config:61, sample_period_ns is adjusted to 20000000 based on min/max delay_ns
03-09 11:13:13.216  1404  1404 I sensors-hal: send_sensor_config_request:510, resampler is used, set resampler config
03-09 11:13:13.216  1404  1404 I sensors-hal: send_sync_sensor_request:450, send sync request
03-09 11:13:13.216  1404  1404 I sensors-hal: send_sync_sensor_request:476, wait for notification of response
03-09 11:13:13.218  1404 30508 I sensors-hal: ssc_conn_resp_cb:835, resp_value = 0
03-09 11:13:13.218  1404  1404 I sensors-hal: send_sync_sensor_request:482, takes 1 ms to receive the response with 0
03-09 11:13:13.218  1404  1404 I sensors-hal: batch:504, android.sensor.accelerometer/11, period=20000000, max_latency=0 request completed
03-09 11:13:13.219  1420  1420 I gsl     : gsl_graph_send_persist_cal:860 Skipping persist cal for SG_ID -1342177278: already started
03-09 11:13:13.219  1420  1420 I gsl     : gsl_graph_send_persist_cal:860 Skipping persist cal for SG_ID -1342177243: already started
03-09 11:13:13.219  1420  1420 I gsl     : gsl_graph_send_persist_cal:860 Skipping persist cal for SG_ID -1342177244: already started
03-09 11:13:13.219  1420  1420 I gsl     : gsl_graph_send_persist_cal:860 Skipping persist cal for SG_ID -1342177245: already started
03-09 11:13:13.219  1387  5679 I PAL: SessionAlsaPcm: start: 1321: Setting volume success
03-09 11:13:13.219  1387  5679 I PAL: API: pal_stream_start: 241: Exit. status 0
03-09 11:13:13.219  1387  5679 I AHAL: AudioStream: configurePalOutputStream: 3622: notify GEF client of device config
03-09 11:13:13.219  1387  5679 D AHAL: Effect: send_soundbooster_rotation: 548: dir : 0
03-09 11:13:13.219  1387  5679 D AHAL: Effect: send_custom_payload_effect: 226: Enter with tag(0xc00000a) size(4) paramId(0x10001f02)
03-09 11:13:13.219  1387  5679 I PAL: ResourceManager: setParameter: 9071: PAL_PARAM_ID_UIEFFECT tagId(0xc00000a) paramId(0x10001f02)
03-09 11:13:13.219  1420 11431 D AGM: graph: graph_set_config: 1092 entry graph_handle 0x147534c
03-09 11:13:13.220  1420 11431 D AGM: graph: graph_set_config: 1100 exit, graph handle 0x147534c, ret 0
03-09 11:13:13.220  1387  5679 I PAL: SessionAlsaPcm: setParameters: 2085: mixer set param status=0
03-09 11:13:13.220  1387  5679 D AHAL: Effect: send_custom_payload_effect: 232: Exit with tag(0xc00000a) size(4) 
03-09 11:13:13.220  1387  5679 D AHAL: Effect: send_soundbooster_rotation: 555: Exit
03-09 11:13:13.220  1387  5679 D AHAL: Effect: send_soundbooster_flatmotion: 593: flatmotion : 1
03-09 11:13:13.220  1387  5679 D AHAL: Effect: send_custom_payload_effect: 226: Enter with tag(0xc00000a) size(4) paramId(0x10001f05)
03-09 11:13:13.220  1387  5679 I PAL: ResourceManager: setParameter: 9071: PAL_PARAM_ID_UIEFFECT tagId(0xc00000a) paramId(0x10001f05)
