--------- beginning of main
03-09 11:13:06.773  1411 18196 I HYPER-HAL: [RequestManager.cpp]releaseLocked(): Released ID : 18063076
--------- beginning of system
03-09 11:13:06.796  2241  2453 D PowerManagerService: displayReady: false groupId=0
03-09 11:13:06.796  2241  2453 D DisplayPowerController[0]: animateScreenStateChange: target=2, mLogicalDisplay.isEnabled()=true
03-09 11:13:06.797  2241  2453 D PowerManagerService: displayReady: true groupId=0
03-09 11:13:06.819  8118  8437 I VoiceInputManagerWrapper: VoiceInputManagerWrapper.shutdownVoiceInternal():95 shutdownVoiceInternal()
03-09 11:13:06.901  2241  2967 I Pageboost: Launcher App Execution
03-09 11:13:06.915 17595 18228 I okhttp.OkHttpClient: --> GET https://app-store-cardboard-api-uat.tesseract.in/api/v1/categories?contentType=VIDEO
03-09 11:13:06.915 17595 18228 I okhttp.OkHttpClient: --> END GET
03-09 11:13:06.916 17595 18228 D NetworkInterceptor: intercept: url: https://app-store-cardboard-api-uat.tesseract.in/api/v1/categories?contentType=VIDEO&minPlatformLevel=4&platform=CARDBOARD&platformLevel=6
03-09 11:13:06.918  2241  4031 I UMR     : ReclaimerPolicyManager: update policy 2 -> 0
03-09 11:13:06.919  2241  4031 I UMR     : KswapdReclaimer: suppress end
03-09 11:13:06.941  2241  2917 I SemWifiEleStateTracker: Ele Parameters BD : 9 10 10 10 10 9 MD : -109 -109 -109 -109 -109 -109 WD : -46 -46 -47 -48 -48 -49 GC : false false false false false false SC : false false false false false false SH : false false false false false false TB : false false false false false false
03-09 11:13:06.952 17595 18239 I okhttp.OkHttpClient: --> GET https://app-store-cardboard-api-uat.tesseract.in/api/v1/categories/content?pageNo=1&pageSize=100
03-09 11:13:06.952 17595 18239 I okhttp.OkHttpClient: --> END GET
03-09 11:13:06.953 17595 18239 D NetworkInterceptor: intercept: url: https://app-store-cardboard-api-uat.tesseract.in/api/v1/categories/content?pageNo=1&pageSize=100&minPlatformLevel=4&platform=CARDBOARD&platformLevel=6
03-09 11:13:06.962 17595 18228 I okhttp.OkHttpClient: <-- 404 https://app-store-cardboard-api-uat.tesseract.in/api/v1/categories?contentType=VIDEO (46ms)
03-09 11:13:06.962 17595 18228 I okhttp.OkHttpClient: date: Thu, 09 Mar 2023 05:43:07 GMT
03-09 11:13:06.962 17595 18228 I okhttp.OkHttpClient: content-type: application/json; charset=utf-8
03-09 11:13:06.962 17595 18228 I okhttp.OkHttpClient: content-length: 89
03-09 11:13:06.962 17595 18228 I okhttp.OkHttpClient: request-context: appId=cid-v1:c320675b-b16a-4660-a387-6fa99fdc520c
03-09 11:13:06.962 17595 18228 I okhttp.OkHttpClient: x-powered-by: Express
03-09 11:13:06.962 17595 18228 I okhttp.OkHttpClient: access-control-allow-origin: *
03-09 11:13:06.962 17595 18228 I okhttp.OkHttpClient: etag: W/"59-PwMGlt22yMbIjXc/PStjruih3Ew"
03-09 11:13:06.962 17595 18228 I okhttp.OkHttpClient: strict-transport-security: max-age=15724800; includeSubDomains
03-09 11:13:06.963 17595 18228 I okhttp.OkHttpClient: {"status":"error","error_code":"E16404","message":"/api/v1/categories is not valid path"}
03-09 11:13:06.963 17595 18228 I okhttp.OkHttpClient: <-- END HTTP (89-byte body)
03-09 11:13:06.964 17595 17595 E BaseService onError: throwable: HTTP 404 
03-09 11:13:06.964 17595 17595 E BaseService onError: retrofit2.HttpException: HTTP 404 
03-09 11:13:06.964 17595 17595 E BaseService onError: 	at retrofit2.KotlinExtensions$await$2$2.onResponse(KotlinExtensions.kt:53)
03-09 11:13:06.964 17595 17595 E BaseService onError: 	at retrofit2.OkHttpCall$1.onResponse(OkHttpCall.java:161)
03-09 11:13:06.964 17595 17595 E BaseService onError: 	at okhttp3.internal.connection.RealCall$AsyncCall.run(RealCall.kt:519)
03-09 11:13:06.964 17595 17595 E BaseService onError: 	at java.util.concurrent.ThreadPoolExecutor.runWorker(ThreadPoolExecutor.java:1137)
03-09 11:13:06.964 17595 17595 E BaseService onError: 	at java.util.concurrent.ThreadPoolExecutor$Worker.run(ThreadPoolExecutor.java:637)
03-09 11:13:06.964 17595 17595 E BaseService onError: 	at java.lang.Thread.run(Thread.java:1012)
03-09 11:13:06.996 17595 18239 I okhttp.OkHttpClient: <-- 400 https://app-store-cardboard-api-uat.tesseract.in/api/v1/categories/content?pageNo=1&pageSize=100 (43ms)
03-09 11:13:06.996 17595 18239 I okhttp.OkHttpClient: date: Thu, 09 Mar 2023 05:43:07 GMT
03-09 11:13:06.996 17595 18239 I okhttp.OkHttpClient: content-type: application/json; charset=utf-8
03-09 11:13:06.996 17595 18239 I okhttp.OkHttpClient: content-length: 70
03-09 11:13:06.997  2241  2453 D PowerManagerService: displayReady: false groupId=0
03-09 11:13:06.997 17595 18239 I okhttp.OkHttpClient: request-context: appId=cid-v1:c320675b-b16a-4660-a387-6fa99fdc520c
03-09 11:13:06.997 17595 18239 I okhttp.OkHttpClient: x-powered-by: Express
03-09 11:13:06.997 17595 18239 I okhttp.OkHttpClient: access-control-allow-origin: *
03-09 11:13:06.997 17595 18239 I okhttp.OkHttpClient: etag: W/"46-Ambh4n5GFgzb+kQ2m78eGuI8ZW0"
03-09 11:13:06.997  2241  2453 D DisplayPowerController[0]: animateScreenStateChange: target=2, mLogicalDisplay.isEnabled()=true
03-09 11:13:06.997 17595 18239 I okhttp.OkHttpClient: strict-transport-security: max-age=15724800; includeSubDomains
03-09 11:13:06.997  2241  2453 D PowerManagerService: displayReady: true groupId=0
03-09 11:13:06.997 17595 18239 I okhttp.OkHttpClient: {"status":"error","error_code":"E16004","message":"no category exist"}
03-09 11:13:06.997 17595 18239 I okhttp.OkHttpClient: <-- END HTTP (70-byte body)
03-09 11:13:06.999 17595 17595 E BaseService onError: throwable: HTTP 400 
03-09 11:13:06.999 17595 17595 E BaseService onError: retrofit2.HttpException: HTTP 400 
03-09 11:13:06.999 17595 17595 E BaseService onError: 	at retrofit2.KotlinExtensions$await$2$2.onResponse(KotlinExtensions.kt:53)
03-09 11:13:06.999 17595 17595 E BaseService onError: 	at retrofit2.OkHttpCall$1.onResponse(OkHttpCall.java:161)
03-09 11:13:06.999 17595 17595 E BaseService onError: 	at okhttp3.internal.connection.RealCall$AsyncCall.run(RealCall.kt:519)
03-09 11:13:06.999 17595 17595 E BaseService onError: 	at java.util.concurrent.ThreadPoolExecutor.runWorker(ThreadPoolExecutor.java:1137)
03-09 11:13:06.999 17595 17595 E BaseService onError: 	at java.util.concurrent.ThreadPoolExecutor$Worker.run(ThreadPoolExecutor.java:637)
03-09 11:13:06.999 17595 17595 E BaseService onError: 	at java.lang.Thread.run(Thread.java:1012)
03-09 11:13:07.086  2241  2915 D SemWifiSwitchForIndividualAppsService: isSkipTcpMonitorInfo - result:1
03-09 11:13:07.197  2241  2453 D PowerManagerService: displayReady: false groupId=0
03-09 11:13:07.197  2241  2453 D DisplayPowerController[0]: animateScreenStateChange: target=2, mLogicalDisplay.isEnabled()=true
03-09 11:13:07.197  2241  2453 D PowerManagerService: displayReady: true groupId=0
03-09 11:13:07.266 14494 23290 I BSD_SERVICE: BatteryData{userSoc=13.0, voltage=3.6549999713897705, current=-0.1304679960012436, chargingStatus='2', timeStamp='1678340587266'}
03-09 11:13:07.398  2241  2453 D PowerManagerService: displayReady: false groupId=0
03-09 11:13:07.399  2241  2453 D DisplayPowerController[0]: animateScreenStateChange: target=2, mLogicalDisplay.isEnabled()=true
03-09 11:13:07.399  2241  2453 D PowerManagerService: displayReady: true groupId=0
03-09 11:13:07.447  2241  2897 D SemNscXgbMsL1: Probability - Cloud gaming: [0.11061696]
03-09 11:13:07.447  2241  2897 D SemNscXgbMsL1: Probability - Real time: [0.34936166]
03-09 11:13:07.448  2241  2897 D SemNscXgbMsL1: Probability - Non real time: [0.45049143]
03-09 11:13:07.448  2241  2897 D SemNscXgbMsL1: 1 sample inference time: 1.033958 msecs
03-09 11:13:07.450  2241  2897 D SemNscXgbL2Rt: L2 RT 1 sample inference time: 1.632344 msecs
03-09 11:13:07.451  2241  2897 D SemNscXgbL2Nrt: L2 NRT 1 sample inference time: 1.420885 msecs
03-09 11:13:07.464  1411 18205 I HYPER-HAL: [RequestManager.cpp]releaseLocked(): Released ID : 3147286
03-09 11:13:07.479 17595 18243 I System.out: SQL Query: BEGIN DEFERRED TRANSACTION SQL Args: []
03-09 11:13:07.479 17595 18243 I System.out: SQL Query: INSERT OR IGNORE INTO room_table_modification_log VALUES(0, 0) SQL Args: []
03-09 11:13:07.479 17595 18243 I System.out: SQL Query: CREATE TEMP TRIGGER IF NOT EXISTS `room_table_modification_trigger_video_categories_UPDATE` AFTER UPDATE ON `video_categories` BEGIN UPDATE room_table_modification_log SET invalidated = 1 WHERE table_id = 0 AND invalidated = 0; END SQL Args: []
03-09 11:13:07.479 17595 18243 I System.out: SQL Query: CREATE TEMP TRIGGER IF NOT EXISTS `room_table_modification_trigger_video_categories_DELETE` AFTER DELETE ON `video_categories` BEGIN UPDATE room_table_modification_log SET invalidated = 1 WHERE table_id = 0 AND invalidated = 0; END SQL Args: []
03-09 11:13:07.479 17595 18243 I System.out: SQL Query: CREATE TEMP TRIGGER IF NOT EXISTS `room_table_modification_trigger_video_categories_INSERT` AFTER INSERT ON `video_categories` BEGIN UPDATE room_table_modification_log SET invalidated = 1 WHERE table_id = 0 AND invalidated = 0; END SQL Args: []
03-09 11:13:07.481 17595 18243 I System.out: SQL Query: TRANSACTION SUCCESSFUL SQL Args: []
03-09 11:13:07.481 17595 18243 I System.out: SQL Query: END TRANSACTION SQL Args: []
03-09 11:13:07.481 17595 18243 I System.out: SQL Query: SELECT * FROM video_categories SQL Args: []
03-09 11:13:07.499 17595 17595 I System.out: Video360RemoteMediator currentPage 1 count 0
03-09 11:13:07.500 17595 17595 I System.out: Video360RemoteMediator endOfPaginationReached false totalPages:0
03-09 11:13:07.500 17595 17595 I System.out: Video360RemoteMediator prevPage null nextPage=2
03-09 11:13:07.503 17595 18243 I System.out: SQL Query: BEGIN DEFERRED TRANSACTION SQL Args: []
03-09 11:13:07.503 17595 18243 I System.out: SQL Query: TRANSACTION SUCCESSFUL SQL Args: []
03-09 11:13:07.503 17595 18243 I System.out: SQL Query: END TRANSACTION SQL Args: []
03-09 11:13:07.503 17595 18243 I System.out: SQL Query: BEGIN DEFERRED TRANSACTION SQL Args: []
03-09 11:13:07.504 17595 18243 I System.out: SQL Query: SELECT * FROM room_table_modification_log WHERE invalidated = 1; SQL Args: []
03-09 11:13:07.504 17595 18243 I System.out: SQL Query: TRANSACTION SUCCESSFUL SQL Args: []
03-09 11:13:07.504 17595 18243 I System.out: SQL Query: END TRANSACTION SQL Args: []
03-09 11:13:07.599  2241  2453 D PowerManagerService: displayReady: false groupId=0
03-09 11:13:07.599  2241  2453 D DisplayPowerController[0]: animateScreenStateChange: target=2, mLogicalDisplay.isEnabled()=true
03-09 11:13:07.600  2241  2453 D PowerManagerService: displayReady: true groupId=0
03-09 11:13:07.601 17595 17835 I CleverTapResponse: Done processing response!
03-09 11:13:07.784  1395  1395 I android.hardware.health@2.1-service-samsung: updateLrpSysfs: write: 387
03-09 11:13:07.786  2241  2715 D BatteryService: Sending ACTION_BATTERY_CHANGED: level:13, status:2, health:2, ac:false, usb:true, wireless:false, pogo:false, misc:0x10000, charge_type:2, charger_type:0, voltage:3664, temperature:370, online:4, current_avg:-392, ps:false, hvc:false, capacity:280000, current_event:0x8000, current_now:17, mcc:0, mcv:0, cc:621980, present:true, scale:100, technology:Li-ion
03-09 11:13:07.789  2241  2780 D MotionRecognitionService: [SAR]  onReceive : ACTION_BATTERY_CHANGED, Plugged: 2
03-09 11:13:07.789  2241  2241 D PhoneWindowManagerExt: ACTION_BATTERY_CHANGED - Level=13, status=2
03-09 11:13:07.790  2241  2931 I DeviceBatteryInfoService: action: android.intent.action.BATTERY_CHANGED
03-09 11:13:07.790  2241  2931 I DeviceBatteryInfoService: phone battery level: 13
03-09 11:13:07.790  2241  2931 I DeviceBatteryInfoService: phone battery status: 2
03-09 11:13:07.790  2241  2241 D AdaptiveBrightnessLongtermModelBuilder: Received android.intent.action.BATTERY_CHANGED
03-09 11:13:07.791  2241  2241 D SemWifiApBroadcastReceiver: Received : android.intent.action.BATTERY_CHANGED
03-09 11:13:07.791  2966  2966 D SemBigDataInfoController: Intent: android.intent.action.BATTERY_CHANGED
03-09 11:13:07.792  2966  2966 D SemBigDataInfoController: Intent: android.intent.action.BATTERY_CHANGED
03-09 11:13:07.793  3068  3068 D SamsungBatteryMeterDrawable: onBatteryLevelChanged isSomethingChanged: false
03-09 11:13:07.793  3068  3068 D SamsungBatteryMeterDrawable: onBatteryLevelChanged isSomethingChanged: false
03-09 11:13:07.794  3068  3068 D SamsungBatteryMeterDrawable: onBatteryLevelChanged isSomethingChanged: false
03-09 11:13:07.794  3068  3068 D SamsungBatteryMeterDrawable: onBatteryLevelChanged isSomethingChanged: false
03-09 11:13:07.794  3068  3068 D KeyguardUpdateMonitor: received broadcast android.intent.action.BATTERY_CHANGED
03-09 11:13:07.794  3068  3068 I PowerUI : mBootCompleted = true |  mFullyConnected = true
03-09 11:13:07.794  3068  3068 I PowerUI : BATTERY_HEALTH_CHECK extraHealth=2 mBatteryMiscEvent=65536
03-09 11:13:07.795  3068  3068 W PowerUI : Plug reason
03-09 11:13:07.795  3068  3068 W PowerUI : Skip charging animation - by plug status
03-09 11:13:07.795  3068  3068 D PowerUI : priorPlugType = 2 mPlugType = 2 priorBatteryStatus = 2 mBatteryStatus = 2
03-09 11:13:07.795  3068  3068 W PowerUI : Plug reason
03-09 11:13:07.795  3068  3068 W PowerUI : Skip charging sound - by plug status
03-09 11:13:07.795  3068  3068 I PowerUI : oldMisalign : false, curMisalign : false
03-09 11:13:07.795  3068  5560 D SecPowerUI.Notification: dismissing low battery warning: level=13
03-09 11:13:07.795  3068  5560 D SecPowerUI.Notification: updateNotification mWarning=false mPlaySound=false
03-09 11:13:07.795  3068  5560 D SecPowerUI.Notification: SecBatteryStatsSnapshot{batteryLevel=13, currentBatteryMode=0, chargingTime=34447000, chargingType=8, batteryHealth=2, automaticTestMode=false, isHiccupState=false}
03-09 11:13:07.796  2241  2415 D BaseRestrictionMgr: Package: com.instagram.android, userid: 0, hostingType: broadcast is Restricted by policy: 4 caller is: null
03-09 11:13:07.796  2241  2415 W BroadcastQueue: intent:Intent { act=android.intent.action.BATTERY_CHANGED flg=0x60000010 (has extras) } is skipped in RestrictedPackage to ProcessRecord{2563700 24342:com.instagram.android/u0a427}
03-09 11:13:07.796  3068  5560 D SecPowerUI.Notification: 1. restoreScreenTimeOut - saved_value : :
03-09 11:13:07.797  3068  5560 E SecPowerUI.Notification: no saved value, so we do nothing !!
03-09 11:13:07.797  3068  3068 D SecPowerUI.Notification: showChargingNotice oldChargingType : 8 / currentChargingType : 8, oldChargingTime : 34447000 / mChargingTime : 34447000
03-09 11:13:07.797  3068  3068 D SecPowerUI.Notification: There is no change about charging status, so return!
03-09 11:13:07.797  3068  3068 D PowerUI : Battery swelling mode - priorBatterySwellingMode = 0 mBatterySwellingMode = 0 mBatteryStatus = 2
03-09 11:13:07.797  3068  3068 I PowerUI : mBatteryMiscEvent = 65536
03-09 11:13:07.799  3068  3068 I PowerUI : checkShouldTurnOffProtectBattery : -1, Scheduling start ? : false
03-09 11:13:07.799  3068  3068 I PowerUI : Clear time
03-09 11:13:07.799 16509 16509 I [SC]BatteryMonitorReceiverImpl: onReceive: android.intent.action.BATTERY_CHANGED
03-09 11:13:07.799  2241  2330 D SettingsProvider: isChangeAllowed() : name = charger_connected_time
03-09 11:13:07.799  2241  2330 D SettingsProvider: edmUri: content://com.sec.knox.provider/RestrictionPolicy3
03-09 11:13:07.799 16451 16451 I [SCPMV2][SystemMonitorReceiver]: onReceive: android.intent.action.BATTERY_CHANGED
03-09 11:13:07.799  2241  2330 D SettingsProvider: projectionArgs: isSettingsChangesAllowed
03-09 11:13:07.799  2241  2330 D SettingsProvider: selectionArgs: false
03-09 11:13:07.799  2241  2330 D SettingsProvider: selectionArgs: 10037
03-09 11:13:07.800  2241  2330 D SecContentProvider: query(), uri = 17 selection = isSettingsChangesAllowed
03-09 11:13:07.800  2241  2330 D SecContentProvider: called from android.uid.systemui:10037
03-09 11:13:07.800  2241  2330 D RestrictionPolicy: isSettingsChangesAllowedAsUser, userId 0 : true
03-09 11:13:07.800  2241  2330 D SettingsProvider: ret = 1
03-09 11:13:07.801  2241  2453 D PowerManagerService: displayReady: false groupId=0
03-09 11:13:07.801  3068  3068 D KeyguardUpdateMonitor: handleBatteryUpdate
03-09 11:13:07.801  2241  2453 D DisplayPowerController[0]: animateScreenStateChange: target=2, mLogicalDisplay.isEnabled()=true
03-09 11:13:07.801 16509 18251 I [SC]MediaApi: cancelSync()
03-09 11:13:07.801  2241  2453 D PowerManagerService: displayReady: true groupId=0
03-09 11:13:07.801  3068  3068 I AODBatteryManager: updateBatteryData: ACTION_BATTERY_CHANGED
03-09 11:13:07.802  3068  3068 I AODBatteryManager: saveBatteryData : AOD BatteryData [mBatteryLevel=13, mBatteryStatus=CHARGING, mBatteryPlugType=USB, mBatteryPlugged=true, mRemainingChargeTime=34447000, mBatteryChargingType=1, mBatteryChargerType=NORMAL, mBatteryOnline=USB, mBatterySwellingMode=NONE, mBatteryProtectMode=false]
03-09 11:13:07.803 16509 18251 I [SC]ExtendedMediaUploadManager: cancelSync
03-09 11:13:07.899  1395  1419 E BatteryDump: !@new_battery_dump : 3664,-71,300,550,13,370,345,441,370,0,391,Charging,NO_CHARGING,Normal,Good,USB,1,Normal,0,0,8700,0x8000,0x10000,0x0,0000,0000,00000000,350,3687,1364,990,
03-09 11:13:07.952  2241  2897 D SemNscXgbMsL1: Probability - Cloud gaming: [0.11446584]
03-09 11:13:07.953  2241  2897 D SemNscXgbMsL1: Probability - Real time: [0.254068]
03-09 11:13:07.953  2241  2897 D SemNscXgbMsL1: Probability - Non real time: [0.5061057]
03-09 11:13:07.953  1018  1031 D OPS_SERVICE: OPS Received command id = 0
03-09 11:13:07.954  2241  2897 D SemNscXgbMsL1: 1 sample inference time: 1.542187 msecs
03-09 11:13:07.954  1018  1031 D OPS_SERVICE: set_display_clock_vote 1
03-09 11:13:07.955  2241  2897 D SemNscXgbL2Rt: L2 RT 1 sample inference time: 1.545625 msecs
03-09 11:13:07.956  1018  1031 D OPS_SERVICE: ioctl_continue_command finished! and return 0 
03-09 11:13:07.956  1018  1031 D OPS_SERVICE: before calling ioctl to read the next ops_cmd
03-09 11:13:07.957  2241  2897 D SemNscXgbL2Nrt: L2 NRT 1 sample inference time: 1.41599 msecs
03-09 11:13:07.957  2241  2897 I SemWifiServiceDetector: NSD results: [0, 1, 2, 0, 0, 1, -1, 1, 0] Traff. type 1 Thr 2
03-09 11:13:07.958  1018  1031 D OPS_SERVICE: OPS Received command id = 0
03-09 11:13:07.958  1018  1031 D OPS_SERVICE: set_display_clock_vote 0
03-09 11:13:07.958  1018  1031 D OPS_SERVICE: ioctl_continue_command finished! and return 0 
03-09 11:13:07.959  1018  1031 D OPS_SERVICE: before calling ioctl to read the next ops_cmd
03-09 11:13:07.959  2241  2900 D SemWifiOptimizer: enable=0 state=0x10 prev=0x10 new=0x00 force=0 mode=0
03-09 11:13:08.002  2241  2453 D PowerManagerService: displayReady: false groupId=0
03-09 11:13:08.002  2241  2453 D DisplayPowerController[0]: animateScreenStateChange: target=2, mLogicalDisplay.isEnabled()=true
03-09 11:13:08.003  2241  2453 D PowerManagerService: displayReady: true groupId=0
03-09 11:13:08.104  2241  2915 D SemWifiSwitchForIndividualAppsService: isSkipTcpMonitorInfo - result:1
03-09 11:13:08.204  2241  2453 D PowerManagerService: displayReady: false groupId=0
03-09 11:13:08.205  2241  2453 D DisplayPowerController[0]: animateScreenStateChange: target=2, mLogicalDisplay.isEnabled()=true
03-09 11:13:08.206  2241  2453 D PowerManagerService: displayReady: true groupId=0
03-09 11:13:08.270  2241  2453 D PowerManagerService: UserActivityStateListenerState: 0
03-09 11:13:08.272 14494 23290 I BSD_SERVICE: BatteryData{userSoc=13.0, voltage=3.6640000343322754, current=0.05078100040555, chargingStatus='2', timeStamp='1678340588272'}
03-09 11:13:08.369  2241  2967 I Pageboost: Launcher App Execution
03-09 11:13:08.407  2241  2453 D PowerManagerService: displayReady: false groupId=0
03-09 11:13:08.408  2241  2453 D DisplayPowerController[0]: animateScreenStateChange: target=2, mLogicalDisplay.isEnabled()=true
03-09 11:13:08.409  2241  2453 D PowerManagerService: displayReady: true groupId=0
03-09 11:13:08.461  2241  2897 D SemNscXgbMsL1: Probability - Cloud gaming: [0.045050804]
03-09 11:13:08.461  2241  2897 D SemNscXgbMsL1: Probability - Real time: [0.040815324]
03-09 11:13:08.462  2241  2897 D SemNscXgbMsL1: Probability - Non real time: [0.69610816]
03-09 11:13:08.462  2241  2897 D SemNscXgbMsL1: 1 sample inference time: 1.434427 msecs
03-09 11:13:08.464  2241  2897 D SemNscXgbL2Rt: L2 RT 1 sample inference time: 2.178385 msecs
03-09 11:13:08.466  2241  2897 D SemNscXgbL2Nrt: L2 NRT 1 sample inference time: 1.806042 msecs
03-09 11:13:08.577  2241  4913 D SemWifiUsabilityStatsMonitor: onWifiUsabilityStats - seqNum 7165, isSameBssidAndFreq true
03-09 11:13:08.580  2241  2899 I SemWifiLinkQualityMonitor: Link Qos Query: 0.177 ms / 45.323 Mbps (52 / 0.008 / 1.089)
03-09 11:13:08.608  2241  2453 D PowerManagerService: displayReady: false groupId=0
03-09 11:13:08.608  2241  2453 D DisplayPowerController[0]: animateScreenStateChange: target=2, mLogicalDisplay.isEnabled()=true
03-09 11:13:08.609  2241  2453 D PowerManagerService: displayReady: true groupId=0
03-09 11:13:08.679  1072  1072 D io_stats: !@   8,0 r 3224807 74048589 w 2935207 39246148 d 860867 456965128 f 0 266156 iot 3390276 0 th 0 0 0 pt 0 inp 0 0 47530.243
03-09 11:13:08.745  2241  2967 I Pageboost: Launcher App Execution
03-09 11:13:08.809  2241  2453 D PowerManagerService: displayReady: false groupId=0
03-09 11:13:08.809  2241  2453 D DisplayPowerController[0]: animateScreenStateChange: target=2, mLogicalDisplay.isEnabled()=true
03-09 11:13:08.810  2241  2453 D PowerManagerService: displayReady: true groupId=0
03-09 11:13:08.968  2241  2897 D SemNscXgbMsL1: Probability - Cloud gaming: [0.10472438]
03-09 11:13:08.969  2241  2897 D SemNscXgbMsL1: Probability - Real time: [0.11428683]
03-09 11:13:08.969  2241  2897 D SemNscXgbMsL1: Probability - Non real time: [0.86551684]
03-09 11:13:08.969  2241  2897 D SemNscXgbMsL1: 1 sample inference time: 1.61151 msecs
03-09 11:13:08.971  2241  2897 D SemNscXgbL2Rt: L2 RT 1 sample inference time: 1.746614 msecs
03-09 11:13:08.973  2241  2897 D SemNscXgbL2Nrt: L2 NRT 1 sample inference time: 1.841459 msecs
03-09 11:13:09.011  2241  2453 D PowerManagerService: displayReady: false groupId=0
03-09 11:13:09.011  2241  2453 D DisplayPowerController[0]: animateScreenStateChange: target=2, mLogicalDisplay.isEnabled()=true
03-09 11:13:09.012  2241  2453 D PowerManagerService: displayReady: true groupId=0
03-09 11:13:09.119  2241  2915 D SemWifiSwitchForIndividualAppsService: isSkipTcpMonitorInfo - result:1
03-09 11:13:09.213  2241  2453 D PowerManagerService: displayReady: false groupId=0
03-09 11:13:09.213  2241  2453 D DisplayPowerController[0]: animateScreenStateChange: target=2, mLogicalDisplay.isEnabled()=true
03-09 11:13:09.214  2241  2453 D PowerManagerService: displayReady: true groupId=0
03-09 11:13:09.390  2241  5950 E TaskPersister: File error accessing recents directory (directory doesn't exist?).
03-09 11:13:09.391  2241  5950 E TaskPersister: File error accessing recents directory (directory doesn't exist?).
03-09 11:13:09.391  2241  5950 E TaskPersister: File error accessing recents directory (directory doesn't exist?).
03-09 11:13:09.414  2241  2453 D PowerManagerService: displayReady: false groupId=0
03-09 11:13:09.414  2241  2453 D DisplayPowerController[0]: animateScreenStateChange: target=2, mLogicalDisplay.isEnabled()=true
03-09 11:13:09.415  2241  2453 D PowerManagerService: displayReady: true groupId=0
03-09 11:13:09.475  2241  2897 D SemNscXgbMsL1: Probability - Cloud gaming: [0.075837374]
03-09 11:13:09.476  2241  2897 D SemNscXgbMsL1: Probability - Real time: [0.009462185]
03-09 11:13:09.476  2241  2897 D SemNscXgbMsL1: Probability - Non real time: [0.8437772]
03-09 11:13:09.476  2241  2897 D SemNscXgbMsL1: 1 sample inference time: 1.765 msecs
03-09 11:13:09.479  2241  2897 D SemNscXgbL2Rt: L2 RT 1 sample inference time: 2.081146 msecs
03-09 11:13:09.481  2241  2897 D SemNscXgbL2Nrt: L2 NRT 1 sample inference time: 1.995104 msecs
03-09 11:13:09.616  2241  2453 D PowerManagerService: displayReady: false groupId=0
03-09 11:13:09.616  2241  2453 D DisplayPowerController[0]: animateScreenStateChange: target=2, mLogicalDisplay.isEnabled()=true
03-09 11:13:09.617  2241  2453 D PowerManagerService: displayReady: true groupId=0
03-09 11:13:09.817  2241  2453 D PowerManagerService: displayReady: false groupId=0
03-09 11:13:09.817  2241  2453 D DisplayPowerController[0]: animateScreenStateChange: target=2, mLogicalDisplay.isEnabled()=true
03-09 11:13:09.818  2241  2453 D PowerManagerService: displayReady: true groupId=0
03-09 11:13:10.018  2241  2453 D PowerManagerService: displayReady: false groupId=0
03-09 11:13:10.018  2241  2453 D DisplayPowerController[0]: animateScreenStateChange: target=2, mLogicalDisplay.isEnabled()=true
03-09 11:13:10.018  2241  2453 D PowerManagerService: displayReady: true groupId=0
03-09 11:13:10.134  2241  2915 D SemWifiSwitchForIndividualAppsService: isSkipTcpMonitorInfo - result:1
03-09 11:13:10.219  2241  2453 D PowerManagerService: displayReady: false groupId=0
03-09 11:13:10.220  2241  2453 D DisplayPowerController[0]: animateScreenStateChange: target=2, mLogicalDisplay.isEnabled()=true
03-09 11:13:10.220  2241  2453 D PowerManagerService: displayReady: true groupId=0
03-09 11:13:10.274 14494 23290 I BSD_SERVICE: BatteryData{userSoc=13.0, voltage=3.6640000343322754, current=-0.14296799898147583, chargingStatus='2', timeStamp='1678340590274'}
03-09 11:13:10.419  2241  2453 D PowerManagerService: displayReady: false groupId=0
03-09 11:13:10.420  2241  2453 D DisplayPowerController[0]: animateScreenStateChange: target=2, mLogicalDisplay.isEnabled()=true
03-09 11:13:10.420  2241  2453 D PowerManagerService: displayReady: true groupId=0
03-09 11:13:10.458  2241  2897 D SemNscXgbMsL1: Probability - Cloud gaming: [0.047371317]
03-09 11:13:10.459  2241  2897 D SemNscXgbMsL1: Probability - Real time: [0.028192922]
03-09 11:13:10.459  2241  2897 D SemNscXgbMsL1: Probability - Non real time: [0.91989774]
03-09 11:13:10.459  2241  2897 D SemNscXgbMsL1: 1 sample inference time: 1.169896 msecs
03-09 11:13:10.461  2241  2897 D SemNscXgbL2Rt: L2 RT 1 sample inference time: 1.522187 msecs
03-09 11:13:10.462  2241  2897 D SemNscXgbL2Nrt: L2 NRT 1 sample inference time: 1.258958 msecs
03-09 11:13:10.620  2241  2453 D PowerManagerService: displayReady: false groupId=0
03-09 11:13:10.620  2241  2453 D DisplayPowerController[0]: animateScreenStateChange: target=2, mLogicalDisplay.isEnabled()=true
03-09 11:13:10.621  2241  2453 D PowerManagerService: displayReady: true groupId=0
03-09 11:13:10.682  1072  1072 D io_stats: !@   8,0 r 3224807 74048589 w 2935242 39246776 d 860867 456965128 f 0 266157 iot 3390308 0 th 0 0 0 pt 0 inp 0 0 47532.246
03-09 11:13:10.682  1072  1072 D io_stats: !@ Read_top(KB): m.spotify.music(22472) 12 loop45(4262) 4
03-09 11:13:10.682  1072  1072 D io_stats: !@ Write_top(KB): kworker/u16:13(9688) 544 sait.bsdservice(14494) 40 sait.sohservice(14562) 36
03-09 11:13:10.821  2241  2453 D PowerManagerService: displayReady: false groupId=0
03-09 11:13:10.821  2241  2453 D DisplayPowerController[0]: animateScreenStateChange: target=2, mLogicalDisplay.isEnabled()=true
03-09 11:13:10.822  2241  2453 D PowerManagerService: displayReady: true groupId=0
03-09 11:13:10.962  2241  2919 D WifiConnectivityMonitor.NetworkStatsAnalyzer: Backhaul result - RSSI:-46, CE:55, PE:53, TI:63, PTI:62, TW:8, PTW:14, Tx:407, Rx:413, TxS:402, RxS:385, RESULT:true, IC:0, ICT:5, WC:0, WCT:5, R:12, RC:0, IE:0, EC:0
03-09 11:13:10.963  2241  2897 D SemNscXgbMsL1: Probability - Cloud gaming: [0.03273631]
03-09 11:13:10.965  2241  2897 D SemNscXgbMsL1: Probability - Real time: [0.056256212]
03-09 11:13:10.965  2241  2897 D SemNscXgbMsL1: Probability - Non real time: [0.93352324]
03-09 11:13:10.965  2241  2897 D SemNscXgbMsL1: 1 sample inference time: 1.750729 msecs
03-09 11:13:10.967  2241  2897 D SemNscXgbL2Rt: L2 RT 1 sample inference time: 2.032291 msecs
03-09 11:13:10.969  2241  2897 D SemNscXgbL2Nrt: L2 NRT 1 sample inference time: 1.641667 msecs
03-09 11:13:11.022  2241  2453 D PowerManagerService: displayReady: false groupId=0
03-09 11:13:11.022  2241  2453 D DisplayPowerController[0]: animateScreenStateChange: target=2, mLogicalDisplay.isEnabled()=true
03-09 11:13:11.023  2241  2453 D PowerManagerService: displayReady: true groupId=0
03-09 11:13:11.150  2241  2915 D SemWifiSwitchForIndividualAppsService: isSkipTcpMonitorInfo - result:1
03-09 11:13:11.224  2241  2453 D PowerManagerService: displayReady: false groupId=0
03-09 11:13:11.224  2241  2453 D DisplayPowerController[0]: animateScreenStateChange: target=2, mLogicalDisplay.isEnabled()=true
03-09 11:13:11.225  2241  2453 D PowerManagerService: displayReady: true groupId=0
03-09 11:13:11.276 14494 23290 I BSD_SERVICE: BatteryData{userSoc=13.0, voltage=3.6640000343322754, current=0.0, chargingStatus='2', timeStamp='1678340591276'}
03-09 11:13:11.426  2241  2453 D PowerManagerService: displayReady: false groupId=0
03-09 11:13:11.426  2241  2453 D DisplayPowerController[0]: animateScreenStateChange: target=2, mLogicalDisplay.isEnabled()=true
03-09 11:13:11.426  2241  2453 D PowerManagerService: displayReady: true groupId=0
03-09 11:13:11.470  2241  2897 D SemNscXgbMsL1: Probability - Cloud gaming: [0.04415229]
03-09 11:13:11.471  2241  2897 D SemNscXgbMsL1: Probability - Real time: [0.10864212]
03-09 11:13:11.471  2241  2897 D SemNscXgbMsL1: Probability - Non real time: [0.915227]
03-09 11:13:11.471  2241  2897 D SemNscXgbMsL1: 1 sample inference time: 1.221979 msecs
03-09 11:13:11.474  2241  2897 D SemNscXgbL2Rt: L2 RT 1 sample inference time: 2.699531 msecs
03-09 11:13:11.476  2241  2897 D SemNscXgbL2Nrt: L2 NRT 1 sample inference time: 1.431615 msecs
03-09 11:13:11.628  2241  2453 D PowerManagerService: displayReady: false groupId=0
03-09 11:13:11.628  2241  2453 D DisplayPowerController[0]: animateScreenStateChange: target=2, mLogicalDisplay.isEnabled()=true
03-09 11:13:11.628  2241  2453 D PowerManagerService: displayReady: true groupId=0
03-09 11:13:11.708  2241  4913 D SemWifiUsabilityStatsMonitor: onWifiUsabilityStats - seqNum 7166, isSameBssidAndFreq true
03-09 11:13:11.712  2241  2899 I SemWifiLinkQualityMonitor: Link Qos Query: 0.357 ms / 22.387 Mbps (52 / 0.025 / 2.000)
03-09 11:13:11.713  3068  3068 D NetworkController.WifiSignalController: notifyListener: visible=true, connected=true, inetCondition=1, isDefault=true, wifiTestReported=true, receivedInetCondition=-1, hideDuringMobileSwitching=false
03-09 11:13:11.726  1508  1619 I VSyncReactor: Current= 120, Period= 120, Distance= 0
03-09 11:13:11.730  1508  1508 I DisplayDevice: [Display 4630947232161729154 (internal, primary, "")] ActiveConfigToHWC, ID : 12
03-09 11:13:11.731  1508  1508 I LayerHistory: StatusBar$_3068#86 voted 1, 0.00 fps
03-09 11:13:11.731  1508  1508 I SurfaceFlinger: all layers Min - choose 24.00 Hz
03-09 11:13:11.747  1508  1619 I VSyncReactor: Current= 120, Period= 24, hwcPeriod= 24
03-09 11:13:11.749  1426  1740 I SDM     : HWCDisplay::SubmitDisplayConfig: [DispConfigs] config 8 => 14, hs_mode 1 => 1
03-09 11:13:11.749  1426  1740 I SDM     : HWDeviceDRM::SetDisplaySwitchMode: [DispConfigs] check hs_mode 1
03-09 11:13:11.749  1426  1740 I SDM     : HWDeviceDRM::SetDisplaySwitchMode: [DispConfigs] Set mode index:14 1080x2316x24xcmdHS, hs_mode(1), found_mode(1)
03-09 11:13:11.749  1426  1740 I SDM     : HWDeviceDRM::UpdateMixerAttributes: Mixer WxH 1080x2316-1 for Peripheral
03-09 11:13:11.750  1426  1740 I SDM     : HWCDisplay::SubmitDisplayConfig: [MultiResolution] Set FrameBuffer to config = 14, wh = (1080, 2316)
03-09 11:13:11.750  1426  1740 I SDM     : DisplayBase::SetFrameBufferConfig: New framebuffer resolution (1080x2316)
03-09 11:13:11.750  1426  1740 I SDM     : HWCDisplay::SetFrameBufferConfig: New framebuffer resolution (1080x2316)
03-09 11:13:11.750  1426  1740 I SDM     : HWCDisplay::SubmitDisplayConfig: Active configuration changed from config 8 to 14
03-09 11:13:11.755  1508  1508 I Scheduler: DisplayModeChanged : 12
03-09 11:13:11.757  2241  2404 D LocalDisplayAdapter: updateActiveModeLocked for d=4630947232161729154, mActiveModeId=13, mActiveSfDisplayMode=DisplayMode{id=12, width=1080, height=2316, xDpi=375.78, yDpi=377.092, refreshRate=24.000002, appVsyncOffsetNanos=1000000, presentationDeadlineNanos=41666666, group=1080}
03-09 11:13:11.759  2241  2404 I DisplayDeviceRepository: Display device changed: DisplayDeviceInfo{"Built-in Screen": uniqueId="local:4630947232161729154", 1440 x 3088, modeId 13, defaultModeId 3, supportedModes [{id=1, width=1440, height=3088, fps=120.00001, alternativeRefreshRates=[10.0, 24.000002, 30.000002, 48.000004, 60.000004, 96.00001]}, {id=2, width=1440, height=3088, fps=96.00001, alternativeRefreshRates=[10.0, 24.000002, 30.000002, 48.000004, 60.000004, 120.00001]}, {id=3, width=1440, height=3088, fps=60.000004, alternativeRefreshRates=[10.0, 24.000002, 30.000002, 48.000004, 96.00001, 120.00001]}, {id=4, width=1440, height=3088, fps=48.000004, alternativeRefreshRates=[10.0, 24.000002, 30.000002, 60.000004, 96.00001, 120.00001]}, {id=5, width=1440, height=3088, fps=30.000002, alternativeRefreshRates=[10.0, 24.000002, 48.000004, 60.000004, 96.00001, 120.00001]}, {id=6, width=1440, height=3088, fps=24.000002, alternativeRefreshRates=[10.0, 30.000002, 48.000004, 60.000004, 96.00001, 120.00001]}, {id=7, width=1440, height=3088, fps=10.0, alternativeRefreshRates=[24.000002, 30.000002, 48.000004, 60.000004, 96.00001, 120.00001]}, {id=8, width=1080, height=2316, fps=120.00001, alternativeRefreshRates=[10.0, 24.000002, 30.000002, 48.000004, 60.000004, 96.00001]}, {id=9, width=1080, height=2316, fps=96.00001, alternativeRefreshRates=[10.0, 24.000002, 30.000002, 48.000004, 60.000004, 120.00001]}, {id=10, width=1080, height=2316, fps=60.000004, alternativeRefreshRates=[10.0, 24.000002, 30.000002, 48.000004, 96.00001, 120.00001]}, {id=11, width=1080, height=2316, fps=48.000004, alternativeRefreshRates=[10.0, 24.000002, 30.000002, 60.000004, 96.00001, 120.00001]}, {id=12, width=1080, height=2316, fps=30.000002, alternativeRefreshRates=[10.0, 24.000002, 48.000004, 60.000004, 96.00001, 120.00001]}, {id=13, width=1080, height=2316, fps=24.000002, alternativeRefreshRates=[10.0, 30.000002, 48.000004, 60.000004, 96.00001, 120.00001]}, {id=14, width=1080, height=2316, fps=10.0, alternativeRefreshRates=[24.000002, 30.000002, 48.000004, 60.000004, 96.00001, 120.00001]}, {id=15, width=720, height=1544, fps=120.00001, alternativeRefreshRates=[10.0, 24.000002, 30.000002, 48.000004, 60.000004, 96.00001]}, {id=16, width=720, height=1544, fps=96.00001, alternativeRefreshRates=[10.0, 24.000002, 30.000002, 48.000004, 60.000004, 120.00001]}, {id=17, width=720, height=1544, fps=60.000004, alternativeRefreshRates=[10.0, 24.000002, 30.000002, 48.000004, 96.00001, 120.00001]}, {id=18, width=720, height=1544, fps=48.000004, alternativeRefreshRates=[10.0, 24.000002, 30.000002, 60.000004, 96.00001, 120.00001]}, {id=19, width=720, height=1544, fps=30.000002, alternativeRefreshRates=[10.0, 24.000002, 48.000004, 60.000004, 96.00001, 120.00001]}, {id=20, width=720, height=1544, fps=24.000002, alternativeRefreshRates=[10.0, 30.000002, 48.000004, 60.000004, 96.00001, 120.00001]}, {id=21, width=720, height=1544, fps=10.0, alternativeRefreshRates=[24.000002, 30.000002, 48.000004, 60.000004, 96.00001, 120.00001]}], colorMode 0, supportedColorModes [0, 7, 9], hdrCapabilities HdrCapabilities{mSupportedHdrTypes=[2, 3, 4], mMaxLuminance=450.0, mMaxAverageLuminance=225.00024, mMinLuminance=5.0E-4}, allmSupported false, gameContentTypeSupported false, density 600, 501.041 x 502.789 dpi, appVsyncOff 1000000, presDeadline 16666666, cutout DisplayCutout{insets=Rect(0, 100 - 0, 0) waterfall=Insets{left=0, top=0, right=0, bottom=0} boundingRect={Bounds=[Rect(0, 0 - 0, 0), Rect(683, 0 - 758, 100), Rect(0, 0 - 0, 0), Rect(0, 0 - 0, 0)]} cutoutPathParserInfo={CutoutPathParserInfo{displayWidth=1440 displayHeight=3088 physicalDisplayWidth=1440 physicalDisplayHeight=3088 density={3.75} cutoutSpec={M 0,0 H -10 V 26.66666666666667 H 10 V 0 H 0 Z @dp} rotation={0} scale={1.0} physicalPixelDisplaySizeRatio={1.0}}}}, touch INTERNAL, rotation 0, type INTERNAL, address {port=130, model=0x40446df8ca940a}, deviceProductInfo DeviceProductInfo{name=, manufacturerPnpId=QCM, productId=1, modelYear=null, manufactureDate=ManufactureDate{week=27, year=2006}, connectionToSinkType=0}, state ON, 
03-09 11:13:11.759  1508  1619 I VSyncReactor: Current= 24, Period= 24, Distance= 30
03-09 11:13:11.764  2241  4081 D LiftUpHandler: [LTW] Stopped already.
03-09 11:13:11.764  2241  2241 D SGM:GameManager: onDisplayChanged. displyId: 0, state: 2
03-09 11:13:11.766  2241  2241 D SGM:GameManager: dpi: 450, longPixel: 2106, shortPixel: 1080
03-09 11:13:11.766  2241  2241 D AODManagerService: requestReCalToTSP IsSingleTouchMode = false / previousDisplayState = ON
03-09 11:13:11.767  1508  1619 I VSyncReactor: Current= 24, Period= 24, Distance= 120
03-09 11:13:11.769  2241  2404 D DisplayModeDirector: onBrightnessChangedLocked, brightness=58, lux=45.0
03-09 11:13:11.769  2241  2404 D DisplayModeDirector: setPassiveMode=false, brightness=58, lux=45.0, mRequestedPassive=false
03-09 11:13:11.774  6919  6919 I CAMERA_CONTROLLER: [2]ProviderServiceImpl$2.onDisplayChanged():222 - display changed
03-09 11:13:11.774  6919  6919 I CAMERA_CONTROLLER: [2]ProviderServiceImpl.checkDisplayModePortrait():403
03-09 11:13:11.774  6919  6919 I CAMERA_CONTROLLER: [2]ProviderServiceImpl.checkDisplayModePortrait():410 - presentationDisplaynull
03-09 11:13:11.774  6919  6919 W CAMERA_CONTROLLER: [2]ProviderServiceImpl.checkDisplayModePortrait():418 - presentationDisplay is null, return
03-09 11:13:11.774  6919  6919 W CAMERA_CONTROLLER: [2]ProviderServiceImpl$2.onDisplayChanged():224 - display is not portrait mode 
03-09 11:13:11.775  2241  2810 D SGM:FgCheckThread: onLooperPrepared(), msg: MSG_LCD_ON
03-09 11:13:11.776  1508  1619 I VSyncReactor: Current= 24, Period= 24, Distance= 120
03-09 11:13:11.778  3068  3068 D DisplayLifecycle: updateDisplay id = 0
03-09 11:13:11.796  1404  1404 I sensors-hal: set_config:61, sample_period_ns is adjusted to 200000000 based on min/max delay_ns
03-09 11:13:11.796  1404  1404 I sensors-hal: batch:504, com.samsung.sensor.light_cct/1511, period=200000000, max_latency=0 request completed
03-09 11:13:11.797  1404  1404 I sensors-hal: activate:420, com.samsung.sensor.light_cct/1511 en=1
03-09 11:13:11.797  1404  1404 I sensors-hal: get_qmi_debug_flag:239, support_qmi_debug : false
03-09 11:13:11.799  1377  1622 E minksocket: MinkIPC_QRTR_Service: client with node 1 port 7964 went down
03-09 11:13:11.800  1377  1622 E minksocket: MinkIPC_QRTR_Service: client with node 1 port 7965 went down
03-09 11:13:11.801  1377  1622 E minksocket: MinkIPC_QRTR_Service: client with node 1 port 7966 went down
03-09 11:13:11.802  1404  1404 I sensors-hal: send_sync_sensor_request:450, send sync request
03-09 11:13:11.802  1404  1404 I sensors-hal: send_sync_sensor_request:476, wait for notification of response
03-09 11:13:11.803  1377  1622 E minksocket: MinkIPC_QRTR_Service: client with node 1 port 7967 went down
03-09 11:13:11.806  1404 18257 I sensors-hal: ssc_conn_resp_cb:835, resp_value = 0
03-09 11:13:11.806  1404  1404 I sensors-hal: send_sync_sensor_request:482, takes 3 ms to receive the response with 0
03-09 11:13:11.806  1404  1404 I sensors-hal: activate:438, com.samsung.sensor.light_cct/1511 en=1 completed
03-09 11:13:11.806  2241  3277 D SensorManager: registerListener :: 1511, STK33915 Light CCT  Non-wakeup, 200000, 0, com.samsung.android.displaysolution.EyeComfortSolutionService$2@6d5b776
03-09 11:13:11.809  1404 30508 I sensors-hal: handle_sns_client_event:550, [0][270219] accel_sample [ 1.677,  5.593,  7.701] 83489784466577
03-09 11:13:11.810  1404 30508 I sensors-hal: handle_sns_client_event:550, [0][270324] accel_sample [ 1.214,  5.584,  8.160] 83491800815223
03-09 11:13:11.811  1404 30508 I sensors-hal: handle_sns_client_event:550, [0][270429] accel_sample [ 1.344,  5.225,  8.119] 83493817162387
03-09 11:13:11.817  1508  1619 I VSyncReactor: Current= 24, Period= 24, Distance= 24
03-09 11:13:11.829  2241  2453 D PowerManagerService: displayReady: false groupId=0
03-09 11:13:11.829  2241  2453 D DisplayPowerController[0]: animateScreenStateChange: target=2, mLogicalDisplay.isEnabled()=true
03-09 11:13:11.829  2241  2453 D PowerManagerService: displayReady: true groupId=0
03-09 11:13:11.861  1404 18257 I sensors-hal: handle_indication_realtime:467,  SCHED_FIFO(10) for qmi_cbk
03-09 11:13:11.862  1404 18257 I sensors-hal: handle_sns_std_sensor_event:89, light_cct: ts = 83494285168064 ns; value = [52, 52, 233, 235, 46, 57, 2, 12, 279, -1]
03-09 11:13:11.864  2241  3277 D SensorService: Calling activate off 1511
03-09 11:13:11.864  1404  1404 I sensors-hal: activate:420, com.samsung.sensor.light_cct/1511 en=0
03-09 11:13:11.866  1404  1404 I sensors-hal: deactivate:382, disconnect qmi to disable sensor
03-09 11:13:11.866  1404  1404 I sensors-hal: activate:438, com.samsung.sensor.light_cct/1511 en=0 completed
03-09 11:13:11.867  1377  1622 E minksocket: MinkIPC_QRTR_Service: client with node 1 port 7968 went down
03-09 11:13:11.867  2241  3277 D SensorManager: unregisterListener :: com.samsung.android.displaysolution.EyeComfortSolutionService$2@6d5b776
03-09 11:13:11.961  5989  7962 I SDHMS:D : SIOP:: AP:441 BAT:370 USB:346 CHG:435 PA:448 WIFI:436 CF:398 BLK:0 SUBBAT:0 SKIN:383 SKINF:383 SKINB:382 LRP:383 LRP2:383 LRF2:383 LRB2:382 AP2:383 CHG2:377 WIFI2:383 UANT2:380 DANT2:343 RCV2:379 SPK2:337 FCAM:344 UPSPK:397 DNSPK:342 AMB:246 
03-09 11:13:11.961  5989  7962 I SDHMS:D : MODEMQ:: MMWTHM:270(270) 
03-09 11:13:11.977  2241  2897 D SemNscXgbMsL1: Probability - Cloud gaming: [0.04415229]
03-09 11:13:11.978  2241  2897 D SemNscXgbMsL1: Probability - Real time: [0.10864212]
03-09 11:13:11.979  2241  2897 D SemNscXgbMsL1: Probability - Non real time: [0.915227]
03-09 11:13:11.979  2241  2897 D SemNscXgbMsL1: 1 sample inference time: 1.911719 msecs
03-09 11:13:11.981  2241  2897 D SemNscXgbL2Rt: L2 RT 1 sample inference time: 1.990469 msecs
03-09 11:13:11.982  2241  2897 D SemNscXgbL2Nrt: L2 NRT 1 sample inference time: 1.249844 msecs
03-09 11:13:11.985  2241  2794 D InputReader: Btn_touch(4): value=1 when=47533.549477
03-09 11:13:11.986  2241  2794 I InputReader: Touch event's action is 0x0 (id=7, t=0) [pCnt=1, s=0.12625 ] when=47533.549477
03-09 11:13:11.987  2241  2793 I InputDispatcher: Delivering touch to (3068): action: 0x4, f=0x0, d=0, '4edebf1', t=1 
03-09 11:13:11.987  2241  2793 I InputDispatcher: Delivering touch to (17595): action: 0x0, f=0x0, d=0, 'af982cc', t=1 *(0.75)
03-09 11:13:11.987 17595 17595 I ViewRootImpl@2a997d9[HomeActivity]: ViewPostIme pointer 0
03-09 11:13:11.988  2241  2401 I GestureDetector: obtain mCurrentDownEvent. id: 466949111 caller: com.android.server.wm.SystemGesturesPointerEventListener.onPointerEvent:203 com.android.server.wm.PointerEventDispatcher.onInputEvent:53 android.view.InputEventReceiver.dispatchInputEvent:285 
03-09 11:13:11.988  2241  2401 I GestureDetector: obtain mCurrentDownEvent. id: 466949111 caller: com.android.server.wm.SystemPerformancePointerEventListener.onPointerEvent:89 com.android.server.wm.PointerEventDispatcher.onInputEvent:53 android.view.InputEventReceiver.dispatchInputEvent:285 
03-09 11:13:11.990  2241  2793 D PowerManagerService: UserActivityStateListenerState: 1
03-09 11:13:11.991  5989  5989 I SemDvfsHyPerManager: acquire hyper - TABoost/5989@21, type = 1090523139
03-09 11:13:11.991  1411  1464 I HYPER-HAL: [RequestManager.cpp]acquire(): Acquired ID : 18063076  [5989 / 21]    HINT :      list : [TABoost / 1] [TIMEOUT / 1500] 
03-09 11:13:11.992  1411  1411 I HYPER-HAL: [ResourceManager.cpp]getResourceManager(): Resouce not supported on this device - resourceID : 0x1000
03-09 11:13:11.998  2241  2401 I GestureDetector: obtain mCurrentMotionEventRaw. action: 2 id: 124099143
03-09 11:13:11.998  2241  2401 I GestureDetector: obtain mCurrentMotionEventRaw. action: 2 id: 124099143
03-09 11:13:12.018  1508  1508 I DisplayDevice: [Display 4630947232161729154 (internal, primary, "")] ActiveConfigToHWC, ID : 7
03-09 11:13:12.019  1508  1508 I LayerHistory: StatusBar$_3068#86 voted 1, 0.00 fps
03-09 11:13:12.019  1508  1508 I SurfaceFlinger: Touch - choose 120.00 Hz
03-09 11:13:12.030  2241  2453 D PowerManagerService: displayReady: false groupId=0
03-09 11:13:12.030  2241  2453 D DisplayPowerController[0]: animateScreenStateChange: target=2, mLogicalDisplay.isEnabled()=true
03-09 11:13:12.031  2241  2453 D PowerManagerService: displayReady: true groupId=0
03-09 11:13:12.034  1508  1619 I VSyncReactor: Current= 24, Period= 120, hwcPeriod= 120
03-09 11:13:12.036  1426  1740 I SDM     : HWCDisplay::SubmitDisplayConfig: [DispConfigs] config 14 => 8, hs_mode 1 => 1
03-09 11:13:12.036  1426  1740 I SDM     : HWDeviceDRM::SetDisplaySwitchMode: [DispConfigs] check hs_mode 1
03-09 11:13:12.036  1426  1740 I SDM     : HWDeviceDRM::SetDisplaySwitchMode: [DispConfigs] Set mode index:8 1080x2316x120xcmdHS, hs_mode(1), found_mode(1)
03-09 11:13:12.036  1426  1740 I SDM     : HWDeviceDRM::UpdateMixerAttributes: Mixer WxH 1080x2316-1 for Peripheral
03-09 11:13:12.037  1426  1740 I SDM     : HWCDisplay::SubmitDisplayConfig: [MultiResolution] Set FrameBuffer to config = 8, wh = (1080, 2316)
03-09 11:13:12.037  1426  1740 I SDM     : DisplayBase::SetFrameBufferConfig: New framebuffer resolution (1080x2316)
03-09 11:13:12.037  1426  1740 I SDM     : HWCDisplay::SetFrameBufferConfig: New framebuffer resolution (1080x2316)
03-09 11:13:12.037  1426  1740 I SDM     : HWCDisplay::SubmitDisplayConfig: Active configuration changed from config 14 to 8
03-09 11:13:12.043  1508  1508 I Scheduler: DisplayModeChanged : 7
03-09 11:13:12.044  2241  2404 D LocalDisplayAdapter: updateActiveModeLocked for d=4630947232161729154, mActiveModeId=8, mActiveSfDisplayMode=DisplayMode{id=7, width=1080, height=2316, xDpi=375.78, yDpi=377.092, refreshRate=120.00001, appVsyncOffsetNanos=100000, presentationDeadlineNanos=9233333, group=1080}
